   1              		.syntax unified
   2              		.cpu cortex-m3
   3              		.fpu softvfp
   4              		.eabi_attribute 20, 1
   5              		.eabi_attribute 21, 1
   6              		.eabi_attribute 23, 3
   7              		.eabi_attribute 24, 1
   8              		.eabi_attribute 25, 1
   9              		.eabi_attribute 26, 1
  10              		.eabi_attribute 30, 6
  11              		.eabi_attribute 34, 1
  12              		.eabi_attribute 18, 4
  13              		.thumb
  14              		.file	"misc.c"
  15              		.text
  16              	.Ltext0:
  17              		.cfi_sections	.debug_frame
  18              		.section	.text.NVIC_PriorityGroupConfig,"ax",%progbits
  19              		.align	2
  20              		.global	NVIC_PriorityGroupConfig
  21              		.thumb
  22              		.thumb_func
  24              	NVIC_PriorityGroupConfig:
  25              	.LFB29:
  26              		.file 1 "/home/virusv/TDSAST_IOT/Libraries/src/misc.c"
   1:/home/virusv/TDSAST_IOT/Libraries/src/misc.c **** /**
   2:/home/virusv/TDSAST_IOT/Libraries/src/misc.c ****   ******************************************************************************
   3:/home/virusv/TDSAST_IOT/Libraries/src/misc.c ****   * @file    misc.c
   4:/home/virusv/TDSAST_IOT/Libraries/src/misc.c ****   * @author  MCD Application Team
   5:/home/virusv/TDSAST_IOT/Libraries/src/misc.c ****   * @version V3.5.0
   6:/home/virusv/TDSAST_IOT/Libraries/src/misc.c ****   * @date    11-March-2011
   7:/home/virusv/TDSAST_IOT/Libraries/src/misc.c ****   * @brief   This file provides all the miscellaneous firmware functions (add-on
   8:/home/virusv/TDSAST_IOT/Libraries/src/misc.c ****   *          to CMSIS functions).
   9:/home/virusv/TDSAST_IOT/Libraries/src/misc.c ****   ******************************************************************************
  10:/home/virusv/TDSAST_IOT/Libraries/src/misc.c ****   * @attention
  11:/home/virusv/TDSAST_IOT/Libraries/src/misc.c ****   *
  12:/home/virusv/TDSAST_IOT/Libraries/src/misc.c ****   * THE PRESENT FIRMWARE WHICH IS FOR GUIDANCE ONLY AIMS AT PROVIDING CUSTOMERS
  13:/home/virusv/TDSAST_IOT/Libraries/src/misc.c ****   * WITH CODING INFORMATION REGARDING THEIR PRODUCTS IN ORDER FOR THEM TO SAVE
  14:/home/virusv/TDSAST_IOT/Libraries/src/misc.c ****   * TIME. AS A RESULT, STMICROELECTRONICS SHALL NOT BE HELD LIABLE FOR ANY
  15:/home/virusv/TDSAST_IOT/Libraries/src/misc.c ****   * DIRECT, INDIRECT OR CONSEQUENTIAL DAMAGES WITH RESPECT TO ANY CLAIMS ARISING
  16:/home/virusv/TDSAST_IOT/Libraries/src/misc.c ****   * FROM THE CONTENT OF SUCH FIRMWARE AND/OR THE USE MADE BY CUSTOMERS OF THE
  17:/home/virusv/TDSAST_IOT/Libraries/src/misc.c ****   * CODING INFORMATION CONTAINED HEREIN IN CONNECTION WITH THEIR PRODUCTS.
  18:/home/virusv/TDSAST_IOT/Libraries/src/misc.c ****   *
  19:/home/virusv/TDSAST_IOT/Libraries/src/misc.c ****   * <h2><center>&copy; COPYRIGHT 2011 STMicroelectronics</center></h2>
  20:/home/virusv/TDSAST_IOT/Libraries/src/misc.c ****   ******************************************************************************
  21:/home/virusv/TDSAST_IOT/Libraries/src/misc.c ****   */
  22:/home/virusv/TDSAST_IOT/Libraries/src/misc.c **** 
  23:/home/virusv/TDSAST_IOT/Libraries/src/misc.c **** /* Includes ------------------------------------------------------------------*/
  24:/home/virusv/TDSAST_IOT/Libraries/src/misc.c **** #include "misc.h"
  25:/home/virusv/TDSAST_IOT/Libraries/src/misc.c **** 
  26:/home/virusv/TDSAST_IOT/Libraries/src/misc.c **** /** @addtogroup STM32F10x_StdPeriph_Driver
  27:/home/virusv/TDSAST_IOT/Libraries/src/misc.c ****   * @{
  28:/home/virusv/TDSAST_IOT/Libraries/src/misc.c ****   */
  29:/home/virusv/TDSAST_IOT/Libraries/src/misc.c **** 
  30:/home/virusv/TDSAST_IOT/Libraries/src/misc.c **** /** @defgroup MISC 
  31:/home/virusv/TDSAST_IOT/Libraries/src/misc.c ****   * @brief MISC driver modules
  32:/home/virusv/TDSAST_IOT/Libraries/src/misc.c ****   * @{
  33:/home/virusv/TDSAST_IOT/Libraries/src/misc.c ****   */
  34:/home/virusv/TDSAST_IOT/Libraries/src/misc.c **** 
  35:/home/virusv/TDSAST_IOT/Libraries/src/misc.c **** /** @defgroup MISC_Private_TypesDefinitions
  36:/home/virusv/TDSAST_IOT/Libraries/src/misc.c ****   * @{
  37:/home/virusv/TDSAST_IOT/Libraries/src/misc.c ****   */
  38:/home/virusv/TDSAST_IOT/Libraries/src/misc.c **** 
  39:/home/virusv/TDSAST_IOT/Libraries/src/misc.c **** /**
  40:/home/virusv/TDSAST_IOT/Libraries/src/misc.c ****   * @}
  41:/home/virusv/TDSAST_IOT/Libraries/src/misc.c ****   */ 
  42:/home/virusv/TDSAST_IOT/Libraries/src/misc.c **** 
  43:/home/virusv/TDSAST_IOT/Libraries/src/misc.c **** /** @defgroup MISC_Private_Defines
  44:/home/virusv/TDSAST_IOT/Libraries/src/misc.c ****   * @{
  45:/home/virusv/TDSAST_IOT/Libraries/src/misc.c ****   */
  46:/home/virusv/TDSAST_IOT/Libraries/src/misc.c **** 
  47:/home/virusv/TDSAST_IOT/Libraries/src/misc.c **** #define AIRCR_VECTKEY_MASK    ((uint32_t)0x05FA0000)
  48:/home/virusv/TDSAST_IOT/Libraries/src/misc.c **** /**
  49:/home/virusv/TDSAST_IOT/Libraries/src/misc.c ****   * @}
  50:/home/virusv/TDSAST_IOT/Libraries/src/misc.c ****   */
  51:/home/virusv/TDSAST_IOT/Libraries/src/misc.c **** 
  52:/home/virusv/TDSAST_IOT/Libraries/src/misc.c **** /** @defgroup MISC_Private_Macros
  53:/home/virusv/TDSAST_IOT/Libraries/src/misc.c ****   * @{
  54:/home/virusv/TDSAST_IOT/Libraries/src/misc.c ****   */
  55:/home/virusv/TDSAST_IOT/Libraries/src/misc.c **** 
  56:/home/virusv/TDSAST_IOT/Libraries/src/misc.c **** /**
  57:/home/virusv/TDSAST_IOT/Libraries/src/misc.c ****   * @}
  58:/home/virusv/TDSAST_IOT/Libraries/src/misc.c ****   */
  59:/home/virusv/TDSAST_IOT/Libraries/src/misc.c **** 
  60:/home/virusv/TDSAST_IOT/Libraries/src/misc.c **** /** @defgroup MISC_Private_Variables
  61:/home/virusv/TDSAST_IOT/Libraries/src/misc.c ****   * @{
  62:/home/virusv/TDSAST_IOT/Libraries/src/misc.c ****   */
  63:/home/virusv/TDSAST_IOT/Libraries/src/misc.c **** 
  64:/home/virusv/TDSAST_IOT/Libraries/src/misc.c **** /**
  65:/home/virusv/TDSAST_IOT/Libraries/src/misc.c ****   * @}
  66:/home/virusv/TDSAST_IOT/Libraries/src/misc.c ****   */
  67:/home/virusv/TDSAST_IOT/Libraries/src/misc.c **** 
  68:/home/virusv/TDSAST_IOT/Libraries/src/misc.c **** /** @defgroup MISC_Private_FunctionPrototypes
  69:/home/virusv/TDSAST_IOT/Libraries/src/misc.c ****   * @{
  70:/home/virusv/TDSAST_IOT/Libraries/src/misc.c ****   */
  71:/home/virusv/TDSAST_IOT/Libraries/src/misc.c **** 
  72:/home/virusv/TDSAST_IOT/Libraries/src/misc.c **** /**
  73:/home/virusv/TDSAST_IOT/Libraries/src/misc.c ****   * @}
  74:/home/virusv/TDSAST_IOT/Libraries/src/misc.c ****   */
  75:/home/virusv/TDSAST_IOT/Libraries/src/misc.c **** 
  76:/home/virusv/TDSAST_IOT/Libraries/src/misc.c **** /** @defgroup MISC_Private_Functions
  77:/home/virusv/TDSAST_IOT/Libraries/src/misc.c ****   * @{
  78:/home/virusv/TDSAST_IOT/Libraries/src/misc.c ****   */
  79:/home/virusv/TDSAST_IOT/Libraries/src/misc.c **** 
  80:/home/virusv/TDSAST_IOT/Libraries/src/misc.c **** /**
  81:/home/virusv/TDSAST_IOT/Libraries/src/misc.c ****   * @brief  Configures the priority grouping: pre-emption priority and subpriority.
  82:/home/virusv/TDSAST_IOT/Libraries/src/misc.c ****   * @param  NVIC_PriorityGroup: specifies the priority grouping bits length. 
  83:/home/virusv/TDSAST_IOT/Libraries/src/misc.c ****   *   This parameter can be one of the following values:
  84:/home/virusv/TDSAST_IOT/Libraries/src/misc.c ****   *     @arg NVIC_PriorityGroup_0: 0 bits for pre-emption priority
  85:/home/virusv/TDSAST_IOT/Libraries/src/misc.c ****   *                                4 bits for subpriority
  86:/home/virusv/TDSAST_IOT/Libraries/src/misc.c ****   *     @arg NVIC_PriorityGroup_1: 1 bits for pre-emption priority
  87:/home/virusv/TDSAST_IOT/Libraries/src/misc.c ****   *                                3 bits for subpriority
  88:/home/virusv/TDSAST_IOT/Libraries/src/misc.c ****   *     @arg NVIC_PriorityGroup_2: 2 bits for pre-emption priority
  89:/home/virusv/TDSAST_IOT/Libraries/src/misc.c ****   *                                2 bits for subpriority
  90:/home/virusv/TDSAST_IOT/Libraries/src/misc.c ****   *     @arg NVIC_PriorityGroup_3: 3 bits for pre-emption priority
  91:/home/virusv/TDSAST_IOT/Libraries/src/misc.c ****   *                                1 bits for subpriority
  92:/home/virusv/TDSAST_IOT/Libraries/src/misc.c ****   *     @arg NVIC_PriorityGroup_4: 4 bits for pre-emption priority
  93:/home/virusv/TDSAST_IOT/Libraries/src/misc.c ****   *                                0 bits for subpriority
  94:/home/virusv/TDSAST_IOT/Libraries/src/misc.c ****   * @retval None
  95:/home/virusv/TDSAST_IOT/Libraries/src/misc.c ****   */
  96:/home/virusv/TDSAST_IOT/Libraries/src/misc.c **** void NVIC_PriorityGroupConfig(uint32_t NVIC_PriorityGroup)
  97:/home/virusv/TDSAST_IOT/Libraries/src/misc.c **** {
  27              		.loc 1 97 0
  28              		.cfi_startproc
  29              		@ args = 0, pretend = 0, frame = 8
  30              		@ frame_needed = 1, uses_anonymous_args = 0
  31              		@ link register save eliminated.
  32 0000 80B4     		push	{r7}
  33              		.cfi_def_cfa_offset 4
  34              		.cfi_offset 7, -4
  35 0002 83B0     		sub	sp, sp, #12
  36              		.cfi_def_cfa_offset 16
  37 0004 00AF     		add	r7, sp, #0
  38              		.cfi_def_cfa_register 7
  39 0006 7860     		str	r0, [r7, #4]
  98:/home/virusv/TDSAST_IOT/Libraries/src/misc.c ****   /* Check the parameters */
  99:/home/virusv/TDSAST_IOT/Libraries/src/misc.c ****   assert_param(IS_NVIC_PRIORITY_GROUP(NVIC_PriorityGroup));
 100:/home/virusv/TDSAST_IOT/Libraries/src/misc.c ****   
 101:/home/virusv/TDSAST_IOT/Libraries/src/misc.c ****   /* Set the PRIGROUP[10:8] bits according to NVIC_PriorityGroup value */
 102:/home/virusv/TDSAST_IOT/Libraries/src/misc.c ****   SCB->AIRCR = AIRCR_VECTKEY_MASK | NVIC_PriorityGroup;
  40              		.loc 1 102 0
  41 0008 054A     		ldr	r2, .L2
  42 000a 7B68     		ldr	r3, [r7, #4]
  43 000c 43F0BF63 		orr	r3, r3, #100139008
  44 0010 43F40033 		orr	r3, r3, #131072
  45 0014 D360     		str	r3, [r2, #12]
 103:/home/virusv/TDSAST_IOT/Libraries/src/misc.c **** }
  46              		.loc 1 103 0
  47 0016 0C37     		adds	r7, r7, #12
  48              		.cfi_def_cfa_offset 4
  49 0018 BD46     		mov	sp, r7
  50              		.cfi_def_cfa_register 13
  51              		@ sp needed
  52 001a 5DF8047B 		ldr	r7, [sp], #4
  53              		.cfi_restore 7
  54              		.cfi_def_cfa_offset 0
  55 001e 7047     		bx	lr
  56              	.L3:
  57              		.align	2
  58              	.L2:
  59 0020 00ED00E0 		.word	-536810240
  60              		.cfi_endproc
  61              	.LFE29:
  63              		.section	.text.NVIC_Init,"ax",%progbits
  64              		.align	2
  65              		.global	NVIC_Init
  66              		.thumb
  67              		.thumb_func
  69              	NVIC_Init:
  70              	.LFB30:
 104:/home/virusv/TDSAST_IOT/Libraries/src/misc.c **** 
 105:/home/virusv/TDSAST_IOT/Libraries/src/misc.c **** /**
 106:/home/virusv/TDSAST_IOT/Libraries/src/misc.c ****   * @brief  Initializes the NVIC peripheral according to the specified
 107:/home/virusv/TDSAST_IOT/Libraries/src/misc.c ****   *         parameters in the NVIC_InitStruct.
 108:/home/virusv/TDSAST_IOT/Libraries/src/misc.c ****   * @param  NVIC_InitStruct: pointer to a NVIC_InitTypeDef structure that contains
 109:/home/virusv/TDSAST_IOT/Libraries/src/misc.c ****   *         the configuration information for the specified NVIC peripheral.
 110:/home/virusv/TDSAST_IOT/Libraries/src/misc.c ****   * @retval None
 111:/home/virusv/TDSAST_IOT/Libraries/src/misc.c ****   */
 112:/home/virusv/TDSAST_IOT/Libraries/src/misc.c **** void NVIC_Init(NVIC_InitTypeDef* NVIC_InitStruct)
 113:/home/virusv/TDSAST_IOT/Libraries/src/misc.c **** {
  71              		.loc 1 113 0
  72              		.cfi_startproc
  73              		@ args = 0, pretend = 0, frame = 24
  74              		@ frame_needed = 1, uses_anonymous_args = 0
  75              		@ link register save eliminated.
  76 0000 80B4     		push	{r7}
  77              		.cfi_def_cfa_offset 4
  78              		.cfi_offset 7, -4
  79 0002 87B0     		sub	sp, sp, #28
  80              		.cfi_def_cfa_offset 32
  81 0004 00AF     		add	r7, sp, #0
  82              		.cfi_def_cfa_register 7
  83 0006 7860     		str	r0, [r7, #4]
 114:/home/virusv/TDSAST_IOT/Libraries/src/misc.c ****   uint32_t tmppriority = 0x00, tmppre = 0x00, tmpsub = 0x0F;
  84              		.loc 1 114 0
  85 0008 0023     		movs	r3, #0
  86 000a 7B61     		str	r3, [r7, #20]
  87 000c 0023     		movs	r3, #0
  88 000e 3B61     		str	r3, [r7, #16]
  89 0010 0F23     		movs	r3, #15
  90 0012 FB60     		str	r3, [r7, #12]
 115:/home/virusv/TDSAST_IOT/Libraries/src/misc.c ****   
 116:/home/virusv/TDSAST_IOT/Libraries/src/misc.c ****   /* Check the parameters */
 117:/home/virusv/TDSAST_IOT/Libraries/src/misc.c ****   assert_param(IS_FUNCTIONAL_STATE(NVIC_InitStruct->NVIC_IRQChannelCmd));
 118:/home/virusv/TDSAST_IOT/Libraries/src/misc.c ****   assert_param(IS_NVIC_PREEMPTION_PRIORITY(NVIC_InitStruct->NVIC_IRQChannelPreemptionPriority));  
 119:/home/virusv/TDSAST_IOT/Libraries/src/misc.c ****   assert_param(IS_NVIC_SUB_PRIORITY(NVIC_InitStruct->NVIC_IRQChannelSubPriority));
 120:/home/virusv/TDSAST_IOT/Libraries/src/misc.c ****     
 121:/home/virusv/TDSAST_IOT/Libraries/src/misc.c ****   if (NVIC_InitStruct->NVIC_IRQChannelCmd != DISABLE)
  91              		.loc 1 121 0
  92 0014 7B68     		ldr	r3, [r7, #4]
  93 0016 DB78     		ldrb	r3, [r3, #3]	@ zero_extendqisi2
  94 0018 002B     		cmp	r3, #0
  95 001a 3AD0     		beq	.L5
 122:/home/virusv/TDSAST_IOT/Libraries/src/misc.c ****   {
 123:/home/virusv/TDSAST_IOT/Libraries/src/misc.c ****     /* Compute the Corresponding IRQ Priority --------------------------------*/    
 124:/home/virusv/TDSAST_IOT/Libraries/src/misc.c ****     tmppriority = (0x700 - ((SCB->AIRCR) & (uint32_t)0x700))>> 0x08;
  96              		.loc 1 124 0
  97 001c 274B     		ldr	r3, .L7
  98 001e DB68     		ldr	r3, [r3, #12]
  99 0020 DB43     		mvns	r3, r3
 100 0022 03F4E063 		and	r3, r3, #1792
 101 0026 1B0A     		lsrs	r3, r3, #8
 102 0028 7B61     		str	r3, [r7, #20]
 125:/home/virusv/TDSAST_IOT/Libraries/src/misc.c ****     tmppre = (0x4 - tmppriority);
 103              		.loc 1 125 0
 104 002a 7B69     		ldr	r3, [r7, #20]
 105 002c C3F10403 		rsb	r3, r3, #4
 106 0030 3B61     		str	r3, [r7, #16]
 126:/home/virusv/TDSAST_IOT/Libraries/src/misc.c ****     tmpsub = tmpsub >> tmppriority;
 107              		.loc 1 126 0
 108 0032 7B69     		ldr	r3, [r7, #20]
 109 0034 FA68     		ldr	r2, [r7, #12]
 110 0036 22FA03F3 		lsr	r3, r2, r3
 111 003a FB60     		str	r3, [r7, #12]
 127:/home/virusv/TDSAST_IOT/Libraries/src/misc.c **** 
 128:/home/virusv/TDSAST_IOT/Libraries/src/misc.c ****     tmppriority = (uint32_t)NVIC_InitStruct->NVIC_IRQChannelPreemptionPriority << tmppre;
 112              		.loc 1 128 0
 113 003c 7B68     		ldr	r3, [r7, #4]
 114 003e 5B78     		ldrb	r3, [r3, #1]	@ zero_extendqisi2
 115 0040 1A46     		mov	r2, r3
 116 0042 3B69     		ldr	r3, [r7, #16]
 117 0044 02FA03F3 		lsl	r3, r2, r3
 118 0048 7B61     		str	r3, [r7, #20]
 129:/home/virusv/TDSAST_IOT/Libraries/src/misc.c ****     tmppriority |=  NVIC_InitStruct->NVIC_IRQChannelSubPriority & tmpsub;
 119              		.loc 1 129 0
 120 004a 7B68     		ldr	r3, [r7, #4]
 121 004c 9B78     		ldrb	r3, [r3, #2]	@ zero_extendqisi2
 122 004e 1A46     		mov	r2, r3
 123 0050 FB68     		ldr	r3, [r7, #12]
 124 0052 1340     		ands	r3, r3, r2
 125 0054 7A69     		ldr	r2, [r7, #20]
 126 0056 1343     		orrs	r3, r3, r2
 127 0058 7B61     		str	r3, [r7, #20]
 130:/home/virusv/TDSAST_IOT/Libraries/src/misc.c ****     tmppriority = tmppriority << 0x04;
 128              		.loc 1 130 0
 129 005a 7B69     		ldr	r3, [r7, #20]
 130 005c 1B01     		lsls	r3, r3, #4
 131 005e 7B61     		str	r3, [r7, #20]
 131:/home/virusv/TDSAST_IOT/Libraries/src/misc.c ****         
 132:/home/virusv/TDSAST_IOT/Libraries/src/misc.c ****     NVIC->IP[NVIC_InitStruct->NVIC_IRQChannel] = tmppriority;
 132              		.loc 1 132 0
 133 0060 174A     		ldr	r2, .L7+4
 134 0062 7B68     		ldr	r3, [r7, #4]
 135 0064 1B78     		ldrb	r3, [r3]	@ zero_extendqisi2
 136 0066 7969     		ldr	r1, [r7, #20]
 137 0068 C9B2     		uxtb	r1, r1
 138 006a 1344     		add	r3, r3, r2
 139 006c 0A46     		mov	r2, r1
 140 006e 83F80023 		strb	r2, [r3, #768]
 133:/home/virusv/TDSAST_IOT/Libraries/src/misc.c ****     
 134:/home/virusv/TDSAST_IOT/Libraries/src/misc.c ****     /* Enable the Selected IRQ Channels --------------------------------------*/
 135:/home/virusv/TDSAST_IOT/Libraries/src/misc.c ****     NVIC->ISER[NVIC_InitStruct->NVIC_IRQChannel >> 0x05] =
 141              		.loc 1 135 0
 142 0072 134A     		ldr	r2, .L7+4
 143 0074 7B68     		ldr	r3, [r7, #4]
 144 0076 1B78     		ldrb	r3, [r3]	@ zero_extendqisi2
 145 0078 5B09     		lsrs	r3, r3, #5
 146 007a DBB2     		uxtb	r3, r3
 147 007c 1846     		mov	r0, r3
 136:/home/virusv/TDSAST_IOT/Libraries/src/misc.c ****       (uint32_t)0x01 << (NVIC_InitStruct->NVIC_IRQChannel & (uint8_t)0x1F);
 148              		.loc 1 136 0
 149 007e 7B68     		ldr	r3, [r7, #4]
 150 0080 1B78     		ldrb	r3, [r3]	@ zero_extendqisi2
 151 0082 03F01F03 		and	r3, r3, #31
 152 0086 0121     		movs	r1, #1
 153 0088 01FA03F3 		lsl	r3, r1, r3
 135:/home/virusv/TDSAST_IOT/Libraries/src/misc.c ****       (uint32_t)0x01 << (NVIC_InitStruct->NVIC_IRQChannel & (uint8_t)0x1F);
 154              		.loc 1 135 0
 155 008c 42F82030 		str	r3, [r2, r0, lsl #2]
 156 0090 0FE0     		b	.L4
 157              	.L5:
 137:/home/virusv/TDSAST_IOT/Libraries/src/misc.c ****   }
 138:/home/virusv/TDSAST_IOT/Libraries/src/misc.c ****   else
 139:/home/virusv/TDSAST_IOT/Libraries/src/misc.c ****   {
 140:/home/virusv/TDSAST_IOT/Libraries/src/misc.c ****     /* Disable the Selected IRQ Channels -------------------------------------*/
 141:/home/virusv/TDSAST_IOT/Libraries/src/misc.c ****     NVIC->ICER[NVIC_InitStruct->NVIC_IRQChannel >> 0x05] =
 158              		.loc 1 141 0
 159 0092 0B49     		ldr	r1, .L7+4
 160 0094 7B68     		ldr	r3, [r7, #4]
 161 0096 1B78     		ldrb	r3, [r3]	@ zero_extendqisi2
 162 0098 5B09     		lsrs	r3, r3, #5
 163 009a DBB2     		uxtb	r3, r3
 164 009c 1846     		mov	r0, r3
 142:/home/virusv/TDSAST_IOT/Libraries/src/misc.c ****       (uint32_t)0x01 << (NVIC_InitStruct->NVIC_IRQChannel & (uint8_t)0x1F);
 165              		.loc 1 142 0
 166 009e 7B68     		ldr	r3, [r7, #4]
 167 00a0 1B78     		ldrb	r3, [r3]	@ zero_extendqisi2
 168 00a2 03F01F03 		and	r3, r3, #31
 169 00a6 0122     		movs	r2, #1
 170 00a8 9A40     		lsls	r2, r2, r3
 141:/home/virusv/TDSAST_IOT/Libraries/src/misc.c ****       (uint32_t)0x01 << (NVIC_InitStruct->NVIC_IRQChannel & (uint8_t)0x1F);
 171              		.loc 1 141 0
 172 00aa 00F12003 		add	r3, r0, #32
 173 00ae 41F82320 		str	r2, [r1, r3, lsl #2]
 174              	.L4:
 143:/home/virusv/TDSAST_IOT/Libraries/src/misc.c ****   }
 144:/home/virusv/TDSAST_IOT/Libraries/src/misc.c **** }
 175              		.loc 1 144 0
 176 00b2 1C37     		adds	r7, r7, #28
 177              		.cfi_def_cfa_offset 4
 178 00b4 BD46     		mov	sp, r7
 179              		.cfi_def_cfa_register 13
 180              		@ sp needed
 181 00b6 5DF8047B 		ldr	r7, [sp], #4
 182              		.cfi_restore 7
 183              		.cfi_def_cfa_offset 0
 184 00ba 7047     		bx	lr
 185              	.L8:
 186              		.align	2
 187              	.L7:
 188 00bc 00ED00E0 		.word	-536810240
 189 00c0 00E100E0 		.word	-536813312
 190              		.cfi_endproc
 191              	.LFE30:
 193              		.section	.text.NVIC_SetVectorTable,"ax",%progbits
 194              		.align	2
 195              		.global	NVIC_SetVectorTable
 196              		.thumb
 197              		.thumb_func
 199              	NVIC_SetVectorTable:
 200              	.LFB31:
 145:/home/virusv/TDSAST_IOT/Libraries/src/misc.c **** 
 146:/home/virusv/TDSAST_IOT/Libraries/src/misc.c **** /**
 147:/home/virusv/TDSAST_IOT/Libraries/src/misc.c ****   * @brief  Sets the vector table location and Offset.
 148:/home/virusv/TDSAST_IOT/Libraries/src/misc.c ****   * @param  NVIC_VectTab: specifies if the vector table is in RAM or FLASH memory.
 149:/home/virusv/TDSAST_IOT/Libraries/src/misc.c ****   *   This parameter can be one of the following values:
 150:/home/virusv/TDSAST_IOT/Libraries/src/misc.c ****   *     @arg NVIC_VectTab_RAM
 151:/home/virusv/TDSAST_IOT/Libraries/src/misc.c ****   *     @arg NVIC_VectTab_FLASH
 152:/home/virusv/TDSAST_IOT/Libraries/src/misc.c ****   * @param  Offset: Vector Table base offset field. This value must be a multiple 
 153:/home/virusv/TDSAST_IOT/Libraries/src/misc.c ****   *         of 0x200.
 154:/home/virusv/TDSAST_IOT/Libraries/src/misc.c ****   * @retval None
 155:/home/virusv/TDSAST_IOT/Libraries/src/misc.c ****   */
 156:/home/virusv/TDSAST_IOT/Libraries/src/misc.c **** void NVIC_SetVectorTable(uint32_t NVIC_VectTab, uint32_t Offset)
 157:/home/virusv/TDSAST_IOT/Libraries/src/misc.c **** { 
 201              		.loc 1 157 0
 202              		.cfi_startproc
 203              		@ args = 0, pretend = 0, frame = 8
 204              		@ frame_needed = 1, uses_anonymous_args = 0
 205              		@ link register save eliminated.
 206 0000 80B4     		push	{r7}
 207              		.cfi_def_cfa_offset 4
 208              		.cfi_offset 7, -4
 209 0002 83B0     		sub	sp, sp, #12
 210              		.cfi_def_cfa_offset 16
 211 0004 00AF     		add	r7, sp, #0
 212              		.cfi_def_cfa_register 7
 213 0006 7860     		str	r0, [r7, #4]
 214 0008 3960     		str	r1, [r7]
 158:/home/virusv/TDSAST_IOT/Libraries/src/misc.c ****   /* Check the parameters */
 159:/home/virusv/TDSAST_IOT/Libraries/src/misc.c ****   assert_param(IS_NVIC_VECTTAB(NVIC_VectTab));
 160:/home/virusv/TDSAST_IOT/Libraries/src/misc.c ****   assert_param(IS_NVIC_OFFSET(Offset));  
 161:/home/virusv/TDSAST_IOT/Libraries/src/misc.c ****    
 162:/home/virusv/TDSAST_IOT/Libraries/src/misc.c ****   SCB->VTOR = NVIC_VectTab | (Offset & (uint32_t)0x1FFFFF80);
 215              		.loc 1 162 0
 216 000a 0749     		ldr	r1, .L10
 217 000c 3B68     		ldr	r3, [r7]
 218 000e 23F06043 		bic	r3, r3, #-536870912
 219 0012 23F07F03 		bic	r3, r3, #127
 220 0016 7A68     		ldr	r2, [r7, #4]
 221 0018 1343     		orrs	r3, r3, r2
 222 001a 8B60     		str	r3, [r1, #8]
 163:/home/virusv/TDSAST_IOT/Libraries/src/misc.c **** }
 223              		.loc 1 163 0
 224 001c 0C37     		adds	r7, r7, #12
 225              		.cfi_def_cfa_offset 4
 226 001e BD46     		mov	sp, r7
 227              		.cfi_def_cfa_register 13
 228              		@ sp needed
 229 0020 5DF8047B 		ldr	r7, [sp], #4
 230              		.cfi_restore 7
 231              		.cfi_def_cfa_offset 0
 232 0024 7047     		bx	lr
 233              	.L11:
 234 0026 00BF     		.align	2
 235              	.L10:
 236 0028 00ED00E0 		.word	-536810240
 237              		.cfi_endproc
 238              	.LFE31:
 240              		.section	.text.NVIC_SystemLPConfig,"ax",%progbits
 241              		.align	2
 242              		.global	NVIC_SystemLPConfig
 243              		.thumb
 244              		.thumb_func
 246              	NVIC_SystemLPConfig:
 247              	.LFB32:
 164:/home/virusv/TDSAST_IOT/Libraries/src/misc.c **** 
 165:/home/virusv/TDSAST_IOT/Libraries/src/misc.c **** /**
 166:/home/virusv/TDSAST_IOT/Libraries/src/misc.c ****   * @brief  Selects the condition for the system to enter low power mode.
 167:/home/virusv/TDSAST_IOT/Libraries/src/misc.c ****   * @param  LowPowerMode: Specifies the new mode for the system to enter low power mode.
 168:/home/virusv/TDSAST_IOT/Libraries/src/misc.c ****   *   This parameter can be one of the following values:
 169:/home/virusv/TDSAST_IOT/Libraries/src/misc.c ****   *     @arg NVIC_LP_SEVONPEND
 170:/home/virusv/TDSAST_IOT/Libraries/src/misc.c ****   *     @arg NVIC_LP_SLEEPDEEP
 171:/home/virusv/TDSAST_IOT/Libraries/src/misc.c ****   *     @arg NVIC_LP_SLEEPONEXIT
 172:/home/virusv/TDSAST_IOT/Libraries/src/misc.c ****   * @param  NewState: new state of LP condition. This parameter can be: ENABLE or DISABLE.
 173:/home/virusv/TDSAST_IOT/Libraries/src/misc.c ****   * @retval None
 174:/home/virusv/TDSAST_IOT/Libraries/src/misc.c ****   */
 175:/home/virusv/TDSAST_IOT/Libraries/src/misc.c **** void NVIC_SystemLPConfig(uint8_t LowPowerMode, FunctionalState NewState)
 176:/home/virusv/TDSAST_IOT/Libraries/src/misc.c **** {
 248              		.loc 1 176 0
 249              		.cfi_startproc
 250              		@ args = 0, pretend = 0, frame = 8
 251              		@ frame_needed = 1, uses_anonymous_args = 0
 252              		@ link register save eliminated.
 253 0000 80B4     		push	{r7}
 254              		.cfi_def_cfa_offset 4
 255              		.cfi_offset 7, -4
 256 0002 83B0     		sub	sp, sp, #12
 257              		.cfi_def_cfa_offset 16
 258 0004 00AF     		add	r7, sp, #0
 259              		.cfi_def_cfa_register 7
 260 0006 0346     		mov	r3, r0
 261 0008 0A46     		mov	r2, r1
 262 000a FB71     		strb	r3, [r7, #7]
 263 000c 1346     		mov	r3, r2
 264 000e BB71     		strb	r3, [r7, #6]
 177:/home/virusv/TDSAST_IOT/Libraries/src/misc.c ****   /* Check the parameters */
 178:/home/virusv/TDSAST_IOT/Libraries/src/misc.c ****   assert_param(IS_NVIC_LP(LowPowerMode));
 179:/home/virusv/TDSAST_IOT/Libraries/src/misc.c ****   assert_param(IS_FUNCTIONAL_STATE(NewState));  
 180:/home/virusv/TDSAST_IOT/Libraries/src/misc.c ****   
 181:/home/virusv/TDSAST_IOT/Libraries/src/misc.c ****   if (NewState != DISABLE)
 265              		.loc 1 181 0
 266 0010 BB79     		ldrb	r3, [r7, #6]	@ zero_extendqisi2
 267 0012 002B     		cmp	r3, #0
 268 0014 06D0     		beq	.L13
 182:/home/virusv/TDSAST_IOT/Libraries/src/misc.c ****   {
 183:/home/virusv/TDSAST_IOT/Libraries/src/misc.c ****     SCB->SCR |= LowPowerMode;
 269              		.loc 1 183 0
 270 0016 0949     		ldr	r1, .L15
 271 0018 084B     		ldr	r3, .L15
 272 001a 1A69     		ldr	r2, [r3, #16]
 273 001c FB79     		ldrb	r3, [r7, #7]	@ zero_extendqisi2
 274 001e 1343     		orrs	r3, r3, r2
 275 0020 0B61     		str	r3, [r1, #16]
 276 0022 06E0     		b	.L12
 277              	.L13:
 184:/home/virusv/TDSAST_IOT/Libraries/src/misc.c ****   }
 185:/home/virusv/TDSAST_IOT/Libraries/src/misc.c ****   else
 186:/home/virusv/TDSAST_IOT/Libraries/src/misc.c ****   {
 187:/home/virusv/TDSAST_IOT/Libraries/src/misc.c ****     SCB->SCR &= (uint32_t)(~(uint32_t)LowPowerMode);
 278              		.loc 1 187 0
 279 0024 0549     		ldr	r1, .L15
 280 0026 054B     		ldr	r3, .L15
 281 0028 1A69     		ldr	r2, [r3, #16]
 282 002a FB79     		ldrb	r3, [r7, #7]	@ zero_extendqisi2
 283 002c DB43     		mvns	r3, r3
 284 002e 1340     		ands	r3, r3, r2
 285 0030 0B61     		str	r3, [r1, #16]
 286              	.L12:
 188:/home/virusv/TDSAST_IOT/Libraries/src/misc.c ****   }
 189:/home/virusv/TDSAST_IOT/Libraries/src/misc.c **** }
 287              		.loc 1 189 0
 288 0032 0C37     		adds	r7, r7, #12
 289              		.cfi_def_cfa_offset 4
 290 0034 BD46     		mov	sp, r7
 291              		.cfi_def_cfa_register 13
 292              		@ sp needed
 293 0036 5DF8047B 		ldr	r7, [sp], #4
 294              		.cfi_restore 7
 295              		.cfi_def_cfa_offset 0
 296 003a 7047     		bx	lr
 297              	.L16:
 298              		.align	2
 299              	.L15:
 300 003c 00ED00E0 		.word	-536810240
 301              		.cfi_endproc
 302              	.LFE32:
 304              		.section	.text.SysTick_CLKSourceConfig,"ax",%progbits
 305              		.align	2
 306              		.global	SysTick_CLKSourceConfig
 307              		.thumb
 308              		.thumb_func
 310              	SysTick_CLKSourceConfig:
 311              	.LFB33:
 190:/home/virusv/TDSAST_IOT/Libraries/src/misc.c **** 
 191:/home/virusv/TDSAST_IOT/Libraries/src/misc.c **** /**
 192:/home/virusv/TDSAST_IOT/Libraries/src/misc.c ****   * @brief  Configures the SysTick clock source.
 193:/home/virusv/TDSAST_IOT/Libraries/src/misc.c ****   * @param  SysTick_CLKSource: specifies the SysTick clock source.
 194:/home/virusv/TDSAST_IOT/Libraries/src/misc.c ****   *   This parameter can be one of the following values:
 195:/home/virusv/TDSAST_IOT/Libraries/src/misc.c ****   *     @arg SysTick_CLKSource_HCLK_Div8: AHB clock divided by 8 selected as SysTick clock source.
 196:/home/virusv/TDSAST_IOT/Libraries/src/misc.c ****   *     @arg SysTick_CLKSource_HCLK: AHB clock selected as SysTick clock source.
 197:/home/virusv/TDSAST_IOT/Libraries/src/misc.c ****   * @retval None
 198:/home/virusv/TDSAST_IOT/Libraries/src/misc.c ****   */
 199:/home/virusv/TDSAST_IOT/Libraries/src/misc.c **** void SysTick_CLKSourceConfig(uint32_t SysTick_CLKSource)
 200:/home/virusv/TDSAST_IOT/Libraries/src/misc.c **** {
 312              		.loc 1 200 0
 313              		.cfi_startproc
 314              		@ args = 0, pretend = 0, frame = 8
 315              		@ frame_needed = 1, uses_anonymous_args = 0
 316              		@ link register save eliminated.
 317 0000 80B4     		push	{r7}
 318              		.cfi_def_cfa_offset 4
 319              		.cfi_offset 7, -4
 320 0002 83B0     		sub	sp, sp, #12
 321              		.cfi_def_cfa_offset 16
 322 0004 00AF     		add	r7, sp, #0
 323              		.cfi_def_cfa_register 7
 324 0006 7860     		str	r0, [r7, #4]
 201:/home/virusv/TDSAST_IOT/Libraries/src/misc.c ****   /* Check the parameters */
 202:/home/virusv/TDSAST_IOT/Libraries/src/misc.c ****   assert_param(IS_SYSTICK_CLK_SOURCE(SysTick_CLKSource));
 203:/home/virusv/TDSAST_IOT/Libraries/src/misc.c ****   if (SysTick_CLKSource == SysTick_CLKSource_HCLK)
 325              		.loc 1 203 0
 326 0008 7B68     		ldr	r3, [r7, #4]
 327 000a 042B     		cmp	r3, #4
 328 000c 06D1     		bne	.L18
 204:/home/virusv/TDSAST_IOT/Libraries/src/misc.c ****   {
 205:/home/virusv/TDSAST_IOT/Libraries/src/misc.c ****     SysTick->CTRL |= SysTick_CLKSource_HCLK;
 329              		.loc 1 205 0
 330 000e 094A     		ldr	r2, .L20
 331 0010 084B     		ldr	r3, .L20
 332 0012 1B68     		ldr	r3, [r3]
 333 0014 43F00403 		orr	r3, r3, #4
 334 0018 1360     		str	r3, [r2]
 335 001a 05E0     		b	.L17
 336              	.L18:
 206:/home/virusv/TDSAST_IOT/Libraries/src/misc.c ****   }
 207:/home/virusv/TDSAST_IOT/Libraries/src/misc.c ****   else
 208:/home/virusv/TDSAST_IOT/Libraries/src/misc.c ****   {
 209:/home/virusv/TDSAST_IOT/Libraries/src/misc.c ****     SysTick->CTRL &= SysTick_CLKSource_HCLK_Div8;
 337              		.loc 1 209 0
 338 001c 054A     		ldr	r2, .L20
 339 001e 054B     		ldr	r3, .L20
 340 0020 1B68     		ldr	r3, [r3]
 341 0022 23F00403 		bic	r3, r3, #4
 342 0026 1360     		str	r3, [r2]
 343              	.L17:
 210:/home/virusv/TDSAST_IOT/Libraries/src/misc.c ****   }
 211:/home/virusv/TDSAST_IOT/Libraries/src/misc.c **** }
 344              		.loc 1 211 0
 345 0028 0C37     		adds	r7, r7, #12
 346              		.cfi_def_cfa_offset 4
 347 002a BD46     		mov	sp, r7
 348              		.cfi_def_cfa_register 13
 349              		@ sp needed
 350 002c 5DF8047B 		ldr	r7, [sp], #4
 351              		.cfi_restore 7
 352              		.cfi_def_cfa_offset 0
 353 0030 7047     		bx	lr
 354              	.L21:
 355 0032 00BF     		.align	2
 356              	.L20:
 357 0034 10E000E0 		.word	-536813552
 358              		.cfi_endproc
 359              	.LFE33:
 361              		.text
 362              	.Letext0:
 363              		.file 2 "/usr/include/newlib/machine/_default_types.h"
 364              		.file 3 "/usr/include/newlib/sys/_stdint.h"
 365              		.file 4 "/home/virusv/TDSAST_IOT/CMSIS/CM3/CoreSupport/core_cm3.h"
 366              		.file 5 "/home/virusv/TDSAST_IOT/CMSIS/CM3/DeviceSupport/ST/STM32F10x/stm32f10x.h"
 367              		.file 6 "/home/virusv/TDSAST_IOT/Libraries/inc/misc.h"
DEFINED SYMBOLS
                            *ABS*:0000000000000000 misc.c
     /tmp/ccfVqEvr.s:19     .text.NVIC_PriorityGroupConfig:0000000000000000 $t
     /tmp/ccfVqEvr.s:24     .text.NVIC_PriorityGroupConfig:0000000000000000 NVIC_PriorityGroupConfig
     /tmp/ccfVqEvr.s:59     .text.NVIC_PriorityGroupConfig:0000000000000020 $d
     /tmp/ccfVqEvr.s:64     .text.NVIC_Init:0000000000000000 $t
     /tmp/ccfVqEvr.s:69     .text.NVIC_Init:0000000000000000 NVIC_Init
     /tmp/ccfVqEvr.s:188    .text.NVIC_Init:00000000000000bc $d
     /tmp/ccfVqEvr.s:194    .text.NVIC_SetVectorTable:0000000000000000 $t
     /tmp/ccfVqEvr.s:199    .text.NVIC_SetVectorTable:0000000000000000 NVIC_SetVectorTable
     /tmp/ccfVqEvr.s:236    .text.NVIC_SetVectorTable:0000000000000028 $d
     /tmp/ccfVqEvr.s:241    .text.NVIC_SystemLPConfig:0000000000000000 $t
     /tmp/ccfVqEvr.s:246    .text.NVIC_SystemLPConfig:0000000000000000 NVIC_SystemLPConfig
     /tmp/ccfVqEvr.s:300    .text.NVIC_SystemLPConfig:000000000000003c $d
     /tmp/ccfVqEvr.s:305    .text.SysTick_CLKSourceConfig:0000000000000000 $t
     /tmp/ccfVqEvr.s:310    .text.SysTick_CLKSourceConfig:0000000000000000 SysTick_CLKSourceConfig
     /tmp/ccfVqEvr.s:357    .text.SysTick_CLKSourceConfig:0000000000000034 $d
                     .debug_frame:0000000000000010 $d

NO UNDEFINED SYMBOLS
