   1              		.syntax unified
   2              		.cpu cortex-m3
   3              		.fpu softvfp
   4              		.eabi_attribute 20, 1
   5              		.eabi_attribute 21, 1
   6              		.eabi_attribute 23, 3
   7              		.eabi_attribute 24, 1
   8              		.eabi_attribute 25, 1
   9              		.eabi_attribute 26, 1
  10              		.eabi_attribute 30, 6
  11              		.eabi_attribute 34, 1
  12              		.eabi_attribute 18, 4
  13              		.thumb
  14              		.file	"stm32f10x_cec.c"
  15              		.text
  16              	.Ltext0:
  17              		.cfi_sections	.debug_frame
  18              		.section	.text.CEC_DeInit,"ax",%progbits
  19              		.align	2
  20              		.global	CEC_DeInit
  21              		.thumb
  22              		.thumb_func
  24              	CEC_DeInit:
  25              	.LFB29:
  26              		.file 1 "/home/virusv/usart/Libraries/src/stm32f10x_cec.c"
   1:/home/virusv/usart/Libraries/src/stm32f10x_cec.c **** /**
   2:/home/virusv/usart/Libraries/src/stm32f10x_cec.c ****   ******************************************************************************
   3:/home/virusv/usart/Libraries/src/stm32f10x_cec.c ****   * @file    stm32f10x_cec.c
   4:/home/virusv/usart/Libraries/src/stm32f10x_cec.c ****   * @author  MCD Application Team
   5:/home/virusv/usart/Libraries/src/stm32f10x_cec.c ****   * @version V3.5.0
   6:/home/virusv/usart/Libraries/src/stm32f10x_cec.c ****   * @date    11-March-2011
   7:/home/virusv/usart/Libraries/src/stm32f10x_cec.c ****   * @brief   This file provides all the CEC firmware functions.
   8:/home/virusv/usart/Libraries/src/stm32f10x_cec.c ****   ******************************************************************************
   9:/home/virusv/usart/Libraries/src/stm32f10x_cec.c ****   * @attention
  10:/home/virusv/usart/Libraries/src/stm32f10x_cec.c ****   *
  11:/home/virusv/usart/Libraries/src/stm32f10x_cec.c ****   * THE PRESENT FIRMWARE WHICH IS FOR GUIDANCE ONLY AIMS AT PROVIDING CUSTOMERS
  12:/home/virusv/usart/Libraries/src/stm32f10x_cec.c ****   * WITH CODING INFORMATION REGARDING THEIR PRODUCTS IN ORDER FOR THEM TO SAVE
  13:/home/virusv/usart/Libraries/src/stm32f10x_cec.c ****   * TIME. AS A RESULT, STMICROELECTRONICS SHALL NOT BE HELD LIABLE FOR ANY
  14:/home/virusv/usart/Libraries/src/stm32f10x_cec.c ****   * DIRECT, INDIRECT OR CONSEQUENTIAL DAMAGES WITH RESPECT TO ANY CLAIMS ARISING
  15:/home/virusv/usart/Libraries/src/stm32f10x_cec.c ****   * FROM THE CONTENT OF SUCH FIRMWARE AND/OR THE USE MADE BY CUSTOMERS OF THE
  16:/home/virusv/usart/Libraries/src/stm32f10x_cec.c ****   * CODING INFORMATION CONTAINED HEREIN IN CONNECTION WITH THEIR PRODUCTS.
  17:/home/virusv/usart/Libraries/src/stm32f10x_cec.c ****   *
  18:/home/virusv/usart/Libraries/src/stm32f10x_cec.c ****   * <h2><center>&copy; COPYRIGHT 2011 STMicroelectronics</center></h2>
  19:/home/virusv/usart/Libraries/src/stm32f10x_cec.c ****   ******************************************************************************
  20:/home/virusv/usart/Libraries/src/stm32f10x_cec.c ****   */
  21:/home/virusv/usart/Libraries/src/stm32f10x_cec.c **** 
  22:/home/virusv/usart/Libraries/src/stm32f10x_cec.c **** /* Includes ------------------------------------------------------------------*/
  23:/home/virusv/usart/Libraries/src/stm32f10x_cec.c **** #include "stm32f10x_cec.h"
  24:/home/virusv/usart/Libraries/src/stm32f10x_cec.c **** #include "stm32f10x_rcc.h"
  25:/home/virusv/usart/Libraries/src/stm32f10x_cec.c **** 
  26:/home/virusv/usart/Libraries/src/stm32f10x_cec.c **** /** @addtogroup STM32F10x_StdPeriph_Driver
  27:/home/virusv/usart/Libraries/src/stm32f10x_cec.c ****   * @{
  28:/home/virusv/usart/Libraries/src/stm32f10x_cec.c ****   */
  29:/home/virusv/usart/Libraries/src/stm32f10x_cec.c **** 
  30:/home/virusv/usart/Libraries/src/stm32f10x_cec.c **** /** @defgroup CEC 
  31:/home/virusv/usart/Libraries/src/stm32f10x_cec.c ****   * @brief CEC driver modules
  32:/home/virusv/usart/Libraries/src/stm32f10x_cec.c ****   * @{
  33:/home/virusv/usart/Libraries/src/stm32f10x_cec.c ****   */
  34:/home/virusv/usart/Libraries/src/stm32f10x_cec.c **** 
  35:/home/virusv/usart/Libraries/src/stm32f10x_cec.c **** /** @defgroup CEC_Private_TypesDefinitions
  36:/home/virusv/usart/Libraries/src/stm32f10x_cec.c ****   * @{
  37:/home/virusv/usart/Libraries/src/stm32f10x_cec.c ****   */
  38:/home/virusv/usart/Libraries/src/stm32f10x_cec.c **** 
  39:/home/virusv/usart/Libraries/src/stm32f10x_cec.c **** /**
  40:/home/virusv/usart/Libraries/src/stm32f10x_cec.c ****   * @}
  41:/home/virusv/usart/Libraries/src/stm32f10x_cec.c ****   */
  42:/home/virusv/usart/Libraries/src/stm32f10x_cec.c **** 
  43:/home/virusv/usart/Libraries/src/stm32f10x_cec.c **** 
  44:/home/virusv/usart/Libraries/src/stm32f10x_cec.c **** /** @defgroup CEC_Private_Defines
  45:/home/virusv/usart/Libraries/src/stm32f10x_cec.c ****   * @{
  46:/home/virusv/usart/Libraries/src/stm32f10x_cec.c ****   */ 
  47:/home/virusv/usart/Libraries/src/stm32f10x_cec.c **** 
  48:/home/virusv/usart/Libraries/src/stm32f10x_cec.c **** /* ------------ CEC registers bit address in the alias region ----------- */
  49:/home/virusv/usart/Libraries/src/stm32f10x_cec.c **** #define CEC_OFFSET                (CEC_BASE - PERIPH_BASE)
  50:/home/virusv/usart/Libraries/src/stm32f10x_cec.c **** 
  51:/home/virusv/usart/Libraries/src/stm32f10x_cec.c **** /* --- CFGR Register ---*/
  52:/home/virusv/usart/Libraries/src/stm32f10x_cec.c **** 
  53:/home/virusv/usart/Libraries/src/stm32f10x_cec.c **** /* Alias word address of PE bit */
  54:/home/virusv/usart/Libraries/src/stm32f10x_cec.c **** #define CFGR_OFFSET                 (CEC_OFFSET + 0x00)
  55:/home/virusv/usart/Libraries/src/stm32f10x_cec.c **** #define PE_BitNumber                0x00
  56:/home/virusv/usart/Libraries/src/stm32f10x_cec.c **** #define CFGR_PE_BB                  (PERIPH_BB_BASE + (CFGR_OFFSET * 32) + (PE_BitNumber * 4))
  57:/home/virusv/usart/Libraries/src/stm32f10x_cec.c **** 
  58:/home/virusv/usart/Libraries/src/stm32f10x_cec.c **** /* Alias word address of IE bit */
  59:/home/virusv/usart/Libraries/src/stm32f10x_cec.c **** #define IE_BitNumber                0x01
  60:/home/virusv/usart/Libraries/src/stm32f10x_cec.c **** #define CFGR_IE_BB                  (PERIPH_BB_BASE + (CFGR_OFFSET * 32) + (IE_BitNumber * 4))
  61:/home/virusv/usart/Libraries/src/stm32f10x_cec.c **** 
  62:/home/virusv/usart/Libraries/src/stm32f10x_cec.c **** /* --- CSR Register ---*/
  63:/home/virusv/usart/Libraries/src/stm32f10x_cec.c **** 
  64:/home/virusv/usart/Libraries/src/stm32f10x_cec.c **** /* Alias word address of TSOM bit */
  65:/home/virusv/usart/Libraries/src/stm32f10x_cec.c **** #define CSR_OFFSET                  (CEC_OFFSET + 0x10)
  66:/home/virusv/usart/Libraries/src/stm32f10x_cec.c **** #define TSOM_BitNumber              0x00
  67:/home/virusv/usart/Libraries/src/stm32f10x_cec.c **** #define CSR_TSOM_BB                 (PERIPH_BB_BASE + (CSR_OFFSET * 32) + (TSOM_BitNumber * 4))
  68:/home/virusv/usart/Libraries/src/stm32f10x_cec.c **** 
  69:/home/virusv/usart/Libraries/src/stm32f10x_cec.c **** /* Alias word address of TEOM bit */
  70:/home/virusv/usart/Libraries/src/stm32f10x_cec.c **** #define TEOM_BitNumber              0x01
  71:/home/virusv/usart/Libraries/src/stm32f10x_cec.c **** #define CSR_TEOM_BB                 (PERIPH_BB_BASE + (CSR_OFFSET * 32) + (TEOM_BitNumber * 4))
  72:/home/virusv/usart/Libraries/src/stm32f10x_cec.c ****   
  73:/home/virusv/usart/Libraries/src/stm32f10x_cec.c **** #define CFGR_CLEAR_Mask            (uint8_t)(0xF3)        /* CFGR register Mask */
  74:/home/virusv/usart/Libraries/src/stm32f10x_cec.c **** #define FLAG_Mask                  ((uint32_t)0x00FFFFFF) /* CEC FLAG mask */
  75:/home/virusv/usart/Libraries/src/stm32f10x_cec.c ****  
  76:/home/virusv/usart/Libraries/src/stm32f10x_cec.c **** /**
  77:/home/virusv/usart/Libraries/src/stm32f10x_cec.c ****   * @}
  78:/home/virusv/usart/Libraries/src/stm32f10x_cec.c ****   */ 
  79:/home/virusv/usart/Libraries/src/stm32f10x_cec.c **** 
  80:/home/virusv/usart/Libraries/src/stm32f10x_cec.c **** 
  81:/home/virusv/usart/Libraries/src/stm32f10x_cec.c **** /** @defgroup CEC_Private_Macros
  82:/home/virusv/usart/Libraries/src/stm32f10x_cec.c ****   * @{
  83:/home/virusv/usart/Libraries/src/stm32f10x_cec.c ****   */ 
  84:/home/virusv/usart/Libraries/src/stm32f10x_cec.c **** 
  85:/home/virusv/usart/Libraries/src/stm32f10x_cec.c **** /**
  86:/home/virusv/usart/Libraries/src/stm32f10x_cec.c ****   * @}
  87:/home/virusv/usart/Libraries/src/stm32f10x_cec.c ****   */ 
  88:/home/virusv/usart/Libraries/src/stm32f10x_cec.c **** 
  89:/home/virusv/usart/Libraries/src/stm32f10x_cec.c **** 
  90:/home/virusv/usart/Libraries/src/stm32f10x_cec.c **** /** @defgroup CEC_Private_Variables
  91:/home/virusv/usart/Libraries/src/stm32f10x_cec.c ****   * @{
  92:/home/virusv/usart/Libraries/src/stm32f10x_cec.c ****   */ 
  93:/home/virusv/usart/Libraries/src/stm32f10x_cec.c **** 
  94:/home/virusv/usart/Libraries/src/stm32f10x_cec.c **** /**
  95:/home/virusv/usart/Libraries/src/stm32f10x_cec.c ****   * @}
  96:/home/virusv/usart/Libraries/src/stm32f10x_cec.c ****   */ 
  97:/home/virusv/usart/Libraries/src/stm32f10x_cec.c **** 
  98:/home/virusv/usart/Libraries/src/stm32f10x_cec.c **** 
  99:/home/virusv/usart/Libraries/src/stm32f10x_cec.c **** /** @defgroup CEC_Private_FunctionPrototypes
 100:/home/virusv/usart/Libraries/src/stm32f10x_cec.c ****   * @{
 101:/home/virusv/usart/Libraries/src/stm32f10x_cec.c ****   */
 102:/home/virusv/usart/Libraries/src/stm32f10x_cec.c ****  
 103:/home/virusv/usart/Libraries/src/stm32f10x_cec.c **** /**
 104:/home/virusv/usart/Libraries/src/stm32f10x_cec.c ****   * @}
 105:/home/virusv/usart/Libraries/src/stm32f10x_cec.c ****   */ 
 106:/home/virusv/usart/Libraries/src/stm32f10x_cec.c **** 
 107:/home/virusv/usart/Libraries/src/stm32f10x_cec.c **** 
 108:/home/virusv/usart/Libraries/src/stm32f10x_cec.c **** /** @defgroup CEC_Private_Functions
 109:/home/virusv/usart/Libraries/src/stm32f10x_cec.c ****   * @{
 110:/home/virusv/usart/Libraries/src/stm32f10x_cec.c ****   */ 
 111:/home/virusv/usart/Libraries/src/stm32f10x_cec.c **** 
 112:/home/virusv/usart/Libraries/src/stm32f10x_cec.c **** /**
 113:/home/virusv/usart/Libraries/src/stm32f10x_cec.c ****   * @brief  Deinitializes the CEC peripheral registers to their default reset 
 114:/home/virusv/usart/Libraries/src/stm32f10x_cec.c ****   *         values.
 115:/home/virusv/usart/Libraries/src/stm32f10x_cec.c ****   * @param  None
 116:/home/virusv/usart/Libraries/src/stm32f10x_cec.c ****   * @retval None
 117:/home/virusv/usart/Libraries/src/stm32f10x_cec.c ****   */
 118:/home/virusv/usart/Libraries/src/stm32f10x_cec.c **** void CEC_DeInit(void)
 119:/home/virusv/usart/Libraries/src/stm32f10x_cec.c **** {
  27              		.loc 1 119 0
  28              		.cfi_startproc
  29              		@ args = 0, pretend = 0, frame = 0
  30              		@ frame_needed = 1, uses_anonymous_args = 0
  31 0000 80B5     		push	{r7, lr}
  32              		.cfi_def_cfa_offset 8
  33              		.cfi_offset 7, -8
  34              		.cfi_offset 14, -4
  35 0002 00AF     		add	r7, sp, #0
  36              		.cfi_def_cfa_register 7
 120:/home/virusv/usart/Libraries/src/stm32f10x_cec.c ****   /* Enable CEC reset state */
 121:/home/virusv/usart/Libraries/src/stm32f10x_cec.c ****   RCC_APB1PeriphResetCmd(RCC_APB1Periph_CEC, ENABLE);  
  37              		.loc 1 121 0
  38 0004 4FF08040 		mov	r0, #1073741824
  39 0008 0121     		movs	r1, #1
  40 000a FFF7FEFF 		bl	RCC_APB1PeriphResetCmd
 122:/home/virusv/usart/Libraries/src/stm32f10x_cec.c ****   /* Release CEC from reset state */
 123:/home/virusv/usart/Libraries/src/stm32f10x_cec.c ****   RCC_APB1PeriphResetCmd(RCC_APB1Periph_CEC, DISABLE); 
  41              		.loc 1 123 0
  42 000e 4FF08040 		mov	r0, #1073741824
  43 0012 0021     		movs	r1, #0
  44 0014 FFF7FEFF 		bl	RCC_APB1PeriphResetCmd
 124:/home/virusv/usart/Libraries/src/stm32f10x_cec.c **** }
  45              		.loc 1 124 0
  46 0018 80BD     		pop	{r7, pc}
  47              		.cfi_endproc
  48              	.LFE29:
  50 001a 00BF     		.section	.text.CEC_Init,"ax",%progbits
  51              		.align	2
  52              		.global	CEC_Init
  53              		.thumb
  54              		.thumb_func
  56              	CEC_Init:
  57              	.LFB30:
 125:/home/virusv/usart/Libraries/src/stm32f10x_cec.c **** 
 126:/home/virusv/usart/Libraries/src/stm32f10x_cec.c **** 
 127:/home/virusv/usart/Libraries/src/stm32f10x_cec.c **** /**
 128:/home/virusv/usart/Libraries/src/stm32f10x_cec.c ****   * @brief  Initializes the CEC peripheral according to the specified 
 129:/home/virusv/usart/Libraries/src/stm32f10x_cec.c ****   *         parameters in the CEC_InitStruct.
 130:/home/virusv/usart/Libraries/src/stm32f10x_cec.c ****   * @param  CEC_InitStruct: pointer to an CEC_InitTypeDef structure that
 131:/home/virusv/usart/Libraries/src/stm32f10x_cec.c ****   *         contains the configuration information for the specified
 132:/home/virusv/usart/Libraries/src/stm32f10x_cec.c ****   *         CEC peripheral.
 133:/home/virusv/usart/Libraries/src/stm32f10x_cec.c ****   * @retval None
 134:/home/virusv/usart/Libraries/src/stm32f10x_cec.c ****   */
 135:/home/virusv/usart/Libraries/src/stm32f10x_cec.c **** void CEC_Init(CEC_InitTypeDef* CEC_InitStruct)
 136:/home/virusv/usart/Libraries/src/stm32f10x_cec.c **** {
  58              		.loc 1 136 0
  59              		.cfi_startproc
  60              		@ args = 0, pretend = 0, frame = 16
  61              		@ frame_needed = 1, uses_anonymous_args = 0
  62              		@ link register save eliminated.
  63 0000 80B4     		push	{r7}
  64              		.cfi_def_cfa_offset 4
  65              		.cfi_offset 7, -4
  66 0002 85B0     		sub	sp, sp, #20
  67              		.cfi_def_cfa_offset 24
  68 0004 00AF     		add	r7, sp, #0
  69              		.cfi_def_cfa_register 7
  70 0006 7860     		str	r0, [r7, #4]
 137:/home/virusv/usart/Libraries/src/stm32f10x_cec.c ****   uint16_t tmpreg = 0;
  71              		.loc 1 137 0
  72 0008 0023     		movs	r3, #0
  73 000a FB81     		strh	r3, [r7, #14]	@ movhi
 138:/home/virusv/usart/Libraries/src/stm32f10x_cec.c ****  
 139:/home/virusv/usart/Libraries/src/stm32f10x_cec.c ****   /* Check the parameters */
 140:/home/virusv/usart/Libraries/src/stm32f10x_cec.c ****   assert_param(IS_CEC_BIT_TIMING_ERROR_MODE(CEC_InitStruct->CEC_BitTimingMode)); 
 141:/home/virusv/usart/Libraries/src/stm32f10x_cec.c ****   assert_param(IS_CEC_BIT_PERIOD_ERROR_MODE(CEC_InitStruct->CEC_BitPeriodMode));
 142:/home/virusv/usart/Libraries/src/stm32f10x_cec.c ****      
 143:/home/virusv/usart/Libraries/src/stm32f10x_cec.c ****   /*---------------------------- CEC CFGR Configuration -----------------*/
 144:/home/virusv/usart/Libraries/src/stm32f10x_cec.c ****   /* Get the CEC CFGR value */
 145:/home/virusv/usart/Libraries/src/stm32f10x_cec.c ****   tmpreg = CEC->CFGR;
  74              		.loc 1 145 0
  75 000c 0B4B     		ldr	r3, .L3
  76 000e 1B68     		ldr	r3, [r3]
  77 0010 FB81     		strh	r3, [r7, #14]	@ movhi
 146:/home/virusv/usart/Libraries/src/stm32f10x_cec.c ****   
 147:/home/virusv/usart/Libraries/src/stm32f10x_cec.c ****   /* Clear BTEM and BPEM bits */
 148:/home/virusv/usart/Libraries/src/stm32f10x_cec.c ****   tmpreg &= CFGR_CLEAR_Mask;
  78              		.loc 1 148 0
  79 0012 FB89     		ldrh	r3, [r7, #14]	@ movhi
  80 0014 03F0F303 		and	r3, r3, #243
  81 0018 FB81     		strh	r3, [r7, #14]	@ movhi
 149:/home/virusv/usart/Libraries/src/stm32f10x_cec.c ****   
 150:/home/virusv/usart/Libraries/src/stm32f10x_cec.c ****   /* Configure CEC: Bit Timing Error and Bit Period Error */
 151:/home/virusv/usart/Libraries/src/stm32f10x_cec.c ****   tmpreg |= (uint16_t)(CEC_InitStruct->CEC_BitTimingMode | CEC_InitStruct->CEC_BitPeriodMode);
  82              		.loc 1 151 0
  83 001a 7B68     		ldr	r3, [r7, #4]
  84 001c 1A88     		ldrh	r2, [r3]
  85 001e 7B68     		ldr	r3, [r7, #4]
  86 0020 5B88     		ldrh	r3, [r3, #2]
  87 0022 1343     		orrs	r3, r3, r2
  88 0024 9AB2     		uxth	r2, r3
  89 0026 FB89     		ldrh	r3, [r7, #14]	@ movhi
  90 0028 1343     		orrs	r3, r3, r2
  91 002a FB81     		strh	r3, [r7, #14]	@ movhi
 152:/home/virusv/usart/Libraries/src/stm32f10x_cec.c **** 
 153:/home/virusv/usart/Libraries/src/stm32f10x_cec.c ****   /* Write to CEC CFGR  register*/
 154:/home/virusv/usart/Libraries/src/stm32f10x_cec.c ****   CEC->CFGR = tmpreg;
  92              		.loc 1 154 0
  93 002c 034A     		ldr	r2, .L3
  94 002e FB89     		ldrh	r3, [r7, #14]
  95 0030 1360     		str	r3, [r2]
 155:/home/virusv/usart/Libraries/src/stm32f10x_cec.c ****   
 156:/home/virusv/usart/Libraries/src/stm32f10x_cec.c **** }
  96              		.loc 1 156 0
  97 0032 1437     		adds	r7, r7, #20
  98              		.cfi_def_cfa_offset 4
  99 0034 BD46     		mov	sp, r7
 100              		.cfi_def_cfa_register 13
 101              		@ sp needed
 102 0036 5DF8047B 		ldr	r7, [sp], #4
 103              		.cfi_restore 7
 104              		.cfi_def_cfa_offset 0
 105 003a 7047     		bx	lr
 106              	.L4:
 107              		.align	2
 108              	.L3:
 109 003c 00780040 		.word	1073772544
 110              		.cfi_endproc
 111              	.LFE30:
 113              		.section	.text.CEC_Cmd,"ax",%progbits
 114              		.align	2
 115              		.global	CEC_Cmd
 116              		.thumb
 117              		.thumb_func
 119              	CEC_Cmd:
 120              	.LFB31:
 157:/home/virusv/usart/Libraries/src/stm32f10x_cec.c **** 
 158:/home/virusv/usart/Libraries/src/stm32f10x_cec.c **** /**
 159:/home/virusv/usart/Libraries/src/stm32f10x_cec.c ****   * @brief  Enables or disables the specified CEC peripheral.
 160:/home/virusv/usart/Libraries/src/stm32f10x_cec.c ****   * @param  NewState: new state of the CEC peripheral. 
 161:/home/virusv/usart/Libraries/src/stm32f10x_cec.c ****   *     This parameter can be: ENABLE or DISABLE.
 162:/home/virusv/usart/Libraries/src/stm32f10x_cec.c ****   * @retval None
 163:/home/virusv/usart/Libraries/src/stm32f10x_cec.c ****   */
 164:/home/virusv/usart/Libraries/src/stm32f10x_cec.c **** void CEC_Cmd(FunctionalState NewState)
 165:/home/virusv/usart/Libraries/src/stm32f10x_cec.c **** {
 121              		.loc 1 165 0
 122              		.cfi_startproc
 123              		@ args = 0, pretend = 0, frame = 8
 124              		@ frame_needed = 1, uses_anonymous_args = 0
 125              		@ link register save eliminated.
 126 0000 80B4     		push	{r7}
 127              		.cfi_def_cfa_offset 4
 128              		.cfi_offset 7, -4
 129 0002 83B0     		sub	sp, sp, #12
 130              		.cfi_def_cfa_offset 16
 131 0004 00AF     		add	r7, sp, #0
 132              		.cfi_def_cfa_register 7
 133 0006 0346     		mov	r3, r0
 134 0008 FB71     		strb	r3, [r7, #7]
 166:/home/virusv/usart/Libraries/src/stm32f10x_cec.c ****   /* Check the parameters */
 167:/home/virusv/usart/Libraries/src/stm32f10x_cec.c ****   assert_param(IS_FUNCTIONAL_STATE(NewState));
 168:/home/virusv/usart/Libraries/src/stm32f10x_cec.c **** 
 169:/home/virusv/usart/Libraries/src/stm32f10x_cec.c ****   *(__IO uint32_t *) CFGR_PE_BB = (uint32_t)NewState;
 135              		.loc 1 169 0
 136 000a 094A     		ldr	r2, .L8
 137 000c FB79     		ldrb	r3, [r7, #7]	@ zero_extendqisi2
 138 000e 1360     		str	r3, [r2]
 170:/home/virusv/usart/Libraries/src/stm32f10x_cec.c **** 
 171:/home/virusv/usart/Libraries/src/stm32f10x_cec.c ****   if(NewState == DISABLE)
 139              		.loc 1 171 0
 140 0010 FB79     		ldrb	r3, [r7, #7]	@ zero_extendqisi2
 141 0012 002B     		cmp	r3, #0
 142 0014 06D1     		bne	.L5
 172:/home/virusv/usart/Libraries/src/stm32f10x_cec.c ****   {
 173:/home/virusv/usart/Libraries/src/stm32f10x_cec.c ****     /* Wait until the PE bit is cleared by hardware (Idle Line detected) */
 174:/home/virusv/usart/Libraries/src/stm32f10x_cec.c ****     while((CEC->CFGR & CEC_CFGR_PE) != (uint32_t)RESET)
 143              		.loc 1 174 0
 144 0016 00BF     		nop
 145              	.L7:
 146              		.loc 1 174 0 is_stmt 0 discriminator 1
 147 0018 064B     		ldr	r3, .L8+4
 148 001a 1B68     		ldr	r3, [r3]
 149 001c 03F00103 		and	r3, r3, #1
 150 0020 002B     		cmp	r3, #0
 151 0022 F9D1     		bne	.L7
 152              	.L5:
 175:/home/virusv/usart/Libraries/src/stm32f10x_cec.c ****     {
 176:/home/virusv/usart/Libraries/src/stm32f10x_cec.c ****     }  
 177:/home/virusv/usart/Libraries/src/stm32f10x_cec.c ****   }  
 178:/home/virusv/usart/Libraries/src/stm32f10x_cec.c **** }
 153              		.loc 1 178 0 is_stmt 1
 154 0024 0C37     		adds	r7, r7, #12
 155              		.cfi_def_cfa_offset 4
 156 0026 BD46     		mov	sp, r7
 157              		.cfi_def_cfa_register 13
 158              		@ sp needed
 159 0028 5DF8047B 		ldr	r7, [sp], #4
 160              		.cfi_restore 7
 161              		.cfi_def_cfa_offset 0
 162 002c 7047     		bx	lr
 163              	.L9:
 164 002e 00BF     		.align	2
 165              	.L8:
 166 0030 00000F42 		.word	1108279296
 167 0034 00780040 		.word	1073772544
 168              		.cfi_endproc
 169              	.LFE31:
 171              		.section	.text.CEC_ITConfig,"ax",%progbits
 172              		.align	2
 173              		.global	CEC_ITConfig
 174              		.thumb
 175              		.thumb_func
 177              	CEC_ITConfig:
 178              	.LFB32:
 179:/home/virusv/usart/Libraries/src/stm32f10x_cec.c **** 
 180:/home/virusv/usart/Libraries/src/stm32f10x_cec.c **** /**
 181:/home/virusv/usart/Libraries/src/stm32f10x_cec.c ****   * @brief  Enables or disables the CEC interrupt.
 182:/home/virusv/usart/Libraries/src/stm32f10x_cec.c ****   * @param  NewState: new state of the CEC interrupt.
 183:/home/virusv/usart/Libraries/src/stm32f10x_cec.c ****   *   This parameter can be: ENABLE or DISABLE.
 184:/home/virusv/usart/Libraries/src/stm32f10x_cec.c ****   * @retval None
 185:/home/virusv/usart/Libraries/src/stm32f10x_cec.c ****   */
 186:/home/virusv/usart/Libraries/src/stm32f10x_cec.c **** void CEC_ITConfig(FunctionalState NewState)
 187:/home/virusv/usart/Libraries/src/stm32f10x_cec.c **** {
 179              		.loc 1 187 0
 180              		.cfi_startproc
 181              		@ args = 0, pretend = 0, frame = 8
 182              		@ frame_needed = 1, uses_anonymous_args = 0
 183              		@ link register save eliminated.
 184 0000 80B4     		push	{r7}
 185              		.cfi_def_cfa_offset 4
 186              		.cfi_offset 7, -4
 187 0002 83B0     		sub	sp, sp, #12
 188              		.cfi_def_cfa_offset 16
 189 0004 00AF     		add	r7, sp, #0
 190              		.cfi_def_cfa_register 7
 191 0006 0346     		mov	r3, r0
 192 0008 FB71     		strb	r3, [r7, #7]
 188:/home/virusv/usart/Libraries/src/stm32f10x_cec.c ****   /* Check the parameters */
 189:/home/virusv/usart/Libraries/src/stm32f10x_cec.c ****   assert_param(IS_FUNCTIONAL_STATE(NewState));
 190:/home/virusv/usart/Libraries/src/stm32f10x_cec.c **** 
 191:/home/virusv/usart/Libraries/src/stm32f10x_cec.c ****   *(__IO uint32_t *) CFGR_IE_BB = (uint32_t)NewState;
 193              		.loc 1 191 0
 194 000a 044A     		ldr	r2, .L11
 195 000c FB79     		ldrb	r3, [r7, #7]	@ zero_extendqisi2
 196 000e 1360     		str	r3, [r2]
 192:/home/virusv/usart/Libraries/src/stm32f10x_cec.c **** }
 197              		.loc 1 192 0
 198 0010 0C37     		adds	r7, r7, #12
 199              		.cfi_def_cfa_offset 4
 200 0012 BD46     		mov	sp, r7
 201              		.cfi_def_cfa_register 13
 202              		@ sp needed
 203 0014 5DF8047B 		ldr	r7, [sp], #4
 204              		.cfi_restore 7
 205              		.cfi_def_cfa_offset 0
 206 0018 7047     		bx	lr
 207              	.L12:
 208 001a 00BF     		.align	2
 209              	.L11:
 210 001c 04000F42 		.word	1108279300
 211              		.cfi_endproc
 212              	.LFE32:
 214              		.section	.text.CEC_OwnAddressConfig,"ax",%progbits
 215              		.align	2
 216              		.global	CEC_OwnAddressConfig
 217              		.thumb
 218              		.thumb_func
 220              	CEC_OwnAddressConfig:
 221              	.LFB33:
 193:/home/virusv/usart/Libraries/src/stm32f10x_cec.c **** 
 194:/home/virusv/usart/Libraries/src/stm32f10x_cec.c **** /**
 195:/home/virusv/usart/Libraries/src/stm32f10x_cec.c ****   * @brief  Defines the Own Address of the CEC device.
 196:/home/virusv/usart/Libraries/src/stm32f10x_cec.c ****   * @param  CEC_OwnAddress: The CEC own address
 197:/home/virusv/usart/Libraries/src/stm32f10x_cec.c ****   * @retval None
 198:/home/virusv/usart/Libraries/src/stm32f10x_cec.c ****   */
 199:/home/virusv/usart/Libraries/src/stm32f10x_cec.c **** void CEC_OwnAddressConfig(uint8_t CEC_OwnAddress)
 200:/home/virusv/usart/Libraries/src/stm32f10x_cec.c **** {
 222              		.loc 1 200 0
 223              		.cfi_startproc
 224              		@ args = 0, pretend = 0, frame = 8
 225              		@ frame_needed = 1, uses_anonymous_args = 0
 226              		@ link register save eliminated.
 227 0000 80B4     		push	{r7}
 228              		.cfi_def_cfa_offset 4
 229              		.cfi_offset 7, -4
 230 0002 83B0     		sub	sp, sp, #12
 231              		.cfi_def_cfa_offset 16
 232 0004 00AF     		add	r7, sp, #0
 233              		.cfi_def_cfa_register 7
 234 0006 0346     		mov	r3, r0
 235 0008 FB71     		strb	r3, [r7, #7]
 201:/home/virusv/usart/Libraries/src/stm32f10x_cec.c ****   /* Check the parameters */
 202:/home/virusv/usart/Libraries/src/stm32f10x_cec.c ****   assert_param(IS_CEC_ADDRESS(CEC_OwnAddress));
 203:/home/virusv/usart/Libraries/src/stm32f10x_cec.c **** 
 204:/home/virusv/usart/Libraries/src/stm32f10x_cec.c ****   /* Set the CEC own address */
 205:/home/virusv/usart/Libraries/src/stm32f10x_cec.c ****   CEC->OAR = CEC_OwnAddress;
 236              		.loc 1 205 0
 237 000a 044A     		ldr	r2, .L14
 238 000c FB79     		ldrb	r3, [r7, #7]	@ zero_extendqisi2
 239 000e 5360     		str	r3, [r2, #4]
 206:/home/virusv/usart/Libraries/src/stm32f10x_cec.c **** }
 240              		.loc 1 206 0
 241 0010 0C37     		adds	r7, r7, #12
 242              		.cfi_def_cfa_offset 4
 243 0012 BD46     		mov	sp, r7
 244              		.cfi_def_cfa_register 13
 245              		@ sp needed
 246 0014 5DF8047B 		ldr	r7, [sp], #4
 247              		.cfi_restore 7
 248              		.cfi_def_cfa_offset 0
 249 0018 7047     		bx	lr
 250              	.L15:
 251 001a 00BF     		.align	2
 252              	.L14:
 253 001c 00780040 		.word	1073772544
 254              		.cfi_endproc
 255              	.LFE33:
 257              		.section	.text.CEC_SetPrescaler,"ax",%progbits
 258              		.align	2
 259              		.global	CEC_SetPrescaler
 260              		.thumb
 261              		.thumb_func
 263              	CEC_SetPrescaler:
 264              	.LFB34:
 207:/home/virusv/usart/Libraries/src/stm32f10x_cec.c **** 
 208:/home/virusv/usart/Libraries/src/stm32f10x_cec.c **** /**
 209:/home/virusv/usart/Libraries/src/stm32f10x_cec.c ****   * @brief  Sets the CEC prescaler value.
 210:/home/virusv/usart/Libraries/src/stm32f10x_cec.c ****   * @param  CEC_Prescaler: CEC prescaler new value
 211:/home/virusv/usart/Libraries/src/stm32f10x_cec.c ****   * @retval None
 212:/home/virusv/usart/Libraries/src/stm32f10x_cec.c ****   */
 213:/home/virusv/usart/Libraries/src/stm32f10x_cec.c **** void CEC_SetPrescaler(uint16_t CEC_Prescaler)
 214:/home/virusv/usart/Libraries/src/stm32f10x_cec.c **** {
 265              		.loc 1 214 0
 266              		.cfi_startproc
 267              		@ args = 0, pretend = 0, frame = 8
 268              		@ frame_needed = 1, uses_anonymous_args = 0
 269              		@ link register save eliminated.
 270 0000 80B4     		push	{r7}
 271              		.cfi_def_cfa_offset 4
 272              		.cfi_offset 7, -4
 273 0002 83B0     		sub	sp, sp, #12
 274              		.cfi_def_cfa_offset 16
 275 0004 00AF     		add	r7, sp, #0
 276              		.cfi_def_cfa_register 7
 277 0006 0346     		mov	r3, r0
 278 0008 FB80     		strh	r3, [r7, #6]	@ movhi
 215:/home/virusv/usart/Libraries/src/stm32f10x_cec.c ****   /* Check the parameters */
 216:/home/virusv/usart/Libraries/src/stm32f10x_cec.c ****   assert_param(IS_CEC_PRESCALER(CEC_Prescaler));
 217:/home/virusv/usart/Libraries/src/stm32f10x_cec.c **** 
 218:/home/virusv/usart/Libraries/src/stm32f10x_cec.c ****   /* Set the  Prescaler value*/
 219:/home/virusv/usart/Libraries/src/stm32f10x_cec.c ****   CEC->PRES = CEC_Prescaler;
 279              		.loc 1 219 0
 280 000a 044A     		ldr	r2, .L17
 281 000c FB88     		ldrh	r3, [r7, #6]
 282 000e 9360     		str	r3, [r2, #8]
 220:/home/virusv/usart/Libraries/src/stm32f10x_cec.c **** }
 283              		.loc 1 220 0
 284 0010 0C37     		adds	r7, r7, #12
 285              		.cfi_def_cfa_offset 4
 286 0012 BD46     		mov	sp, r7
 287              		.cfi_def_cfa_register 13
 288              		@ sp needed
 289 0014 5DF8047B 		ldr	r7, [sp], #4
 290              		.cfi_restore 7
 291              		.cfi_def_cfa_offset 0
 292 0018 7047     		bx	lr
 293              	.L18:
 294 001a 00BF     		.align	2
 295              	.L17:
 296 001c 00780040 		.word	1073772544
 297              		.cfi_endproc
 298              	.LFE34:
 300              		.section	.text.CEC_SendDataByte,"ax",%progbits
 301              		.align	2
 302              		.global	CEC_SendDataByte
 303              		.thumb
 304              		.thumb_func
 306              	CEC_SendDataByte:
 307              	.LFB35:
 221:/home/virusv/usart/Libraries/src/stm32f10x_cec.c **** 
 222:/home/virusv/usart/Libraries/src/stm32f10x_cec.c **** /**
 223:/home/virusv/usart/Libraries/src/stm32f10x_cec.c ****   * @brief  Transmits single data through the CEC peripheral.
 224:/home/virusv/usart/Libraries/src/stm32f10x_cec.c ****   * @param  Data: the data to transmit.
 225:/home/virusv/usart/Libraries/src/stm32f10x_cec.c ****   * @retval None
 226:/home/virusv/usart/Libraries/src/stm32f10x_cec.c ****   */
 227:/home/virusv/usart/Libraries/src/stm32f10x_cec.c **** void CEC_SendDataByte(uint8_t Data)
 228:/home/virusv/usart/Libraries/src/stm32f10x_cec.c **** {  
 308              		.loc 1 228 0
 309              		.cfi_startproc
 310              		@ args = 0, pretend = 0, frame = 8
 311              		@ frame_needed = 1, uses_anonymous_args = 0
 312              		@ link register save eliminated.
 313 0000 80B4     		push	{r7}
 314              		.cfi_def_cfa_offset 4
 315              		.cfi_offset 7, -4
 316 0002 83B0     		sub	sp, sp, #12
 317              		.cfi_def_cfa_offset 16
 318 0004 00AF     		add	r7, sp, #0
 319              		.cfi_def_cfa_register 7
 320 0006 0346     		mov	r3, r0
 321 0008 FB71     		strb	r3, [r7, #7]
 229:/home/virusv/usart/Libraries/src/stm32f10x_cec.c ****   /* Transmit Data */
 230:/home/virusv/usart/Libraries/src/stm32f10x_cec.c ****   CEC->TXD = Data ;
 322              		.loc 1 230 0
 323 000a 044A     		ldr	r2, .L20
 324 000c FB79     		ldrb	r3, [r7, #7]	@ zero_extendqisi2
 325 000e 5361     		str	r3, [r2, #20]
 231:/home/virusv/usart/Libraries/src/stm32f10x_cec.c **** }
 326              		.loc 1 231 0
 327 0010 0C37     		adds	r7, r7, #12
 328              		.cfi_def_cfa_offset 4
 329 0012 BD46     		mov	sp, r7
 330              		.cfi_def_cfa_register 13
 331              		@ sp needed
 332 0014 5DF8047B 		ldr	r7, [sp], #4
 333              		.cfi_restore 7
 334              		.cfi_def_cfa_offset 0
 335 0018 7047     		bx	lr
 336              	.L21:
 337 001a 00BF     		.align	2
 338              	.L20:
 339 001c 00780040 		.word	1073772544
 340              		.cfi_endproc
 341              	.LFE35:
 343              		.section	.text.CEC_ReceiveDataByte,"ax",%progbits
 344              		.align	2
 345              		.global	CEC_ReceiveDataByte
 346              		.thumb
 347              		.thumb_func
 349              	CEC_ReceiveDataByte:
 350              	.LFB36:
 232:/home/virusv/usart/Libraries/src/stm32f10x_cec.c **** 
 233:/home/virusv/usart/Libraries/src/stm32f10x_cec.c **** 
 234:/home/virusv/usart/Libraries/src/stm32f10x_cec.c **** /**
 235:/home/virusv/usart/Libraries/src/stm32f10x_cec.c ****   * @brief  Returns the most recent received data by the CEC peripheral.
 236:/home/virusv/usart/Libraries/src/stm32f10x_cec.c ****   * @param  None
 237:/home/virusv/usart/Libraries/src/stm32f10x_cec.c ****   * @retval The received data.
 238:/home/virusv/usart/Libraries/src/stm32f10x_cec.c ****   */
 239:/home/virusv/usart/Libraries/src/stm32f10x_cec.c **** uint8_t CEC_ReceiveDataByte(void)
 240:/home/virusv/usart/Libraries/src/stm32f10x_cec.c **** {
 351              		.loc 1 240 0
 352              		.cfi_startproc
 353              		@ args = 0, pretend = 0, frame = 0
 354              		@ frame_needed = 1, uses_anonymous_args = 0
 355              		@ link register save eliminated.
 356 0000 80B4     		push	{r7}
 357              		.cfi_def_cfa_offset 4
 358              		.cfi_offset 7, -4
 359 0002 00AF     		add	r7, sp, #0
 360              		.cfi_def_cfa_register 7
 241:/home/virusv/usart/Libraries/src/stm32f10x_cec.c ****   /* Receive Data */
 242:/home/virusv/usart/Libraries/src/stm32f10x_cec.c ****   return (uint8_t)(CEC->RXD);
 361              		.loc 1 242 0
 362 0004 034B     		ldr	r3, .L24
 363 0006 9B69     		ldr	r3, [r3, #24]
 364 0008 DBB2     		uxtb	r3, r3
 243:/home/virusv/usart/Libraries/src/stm32f10x_cec.c **** }
 365              		.loc 1 243 0
 366 000a 1846     		mov	r0, r3
 367 000c BD46     		mov	sp, r7
 368              		.cfi_def_cfa_register 13
 369              		@ sp needed
 370 000e 5DF8047B 		ldr	r7, [sp], #4
 371              		.cfi_restore 7
 372              		.cfi_def_cfa_offset 0
 373 0012 7047     		bx	lr
 374              	.L25:
 375              		.align	2
 376              	.L24:
 377 0014 00780040 		.word	1073772544
 378              		.cfi_endproc
 379              	.LFE36:
 381              		.section	.text.CEC_StartOfMessage,"ax",%progbits
 382              		.align	2
 383              		.global	CEC_StartOfMessage
 384              		.thumb
 385              		.thumb_func
 387              	CEC_StartOfMessage:
 388              	.LFB37:
 244:/home/virusv/usart/Libraries/src/stm32f10x_cec.c **** 
 245:/home/virusv/usart/Libraries/src/stm32f10x_cec.c **** /**
 246:/home/virusv/usart/Libraries/src/stm32f10x_cec.c ****   * @brief  Starts a new message.
 247:/home/virusv/usart/Libraries/src/stm32f10x_cec.c ****   * @param  None
 248:/home/virusv/usart/Libraries/src/stm32f10x_cec.c ****   * @retval None
 249:/home/virusv/usart/Libraries/src/stm32f10x_cec.c ****   */
 250:/home/virusv/usart/Libraries/src/stm32f10x_cec.c **** void CEC_StartOfMessage(void)
 251:/home/virusv/usart/Libraries/src/stm32f10x_cec.c **** {  
 389              		.loc 1 251 0
 390              		.cfi_startproc
 391              		@ args = 0, pretend = 0, frame = 0
 392              		@ frame_needed = 1, uses_anonymous_args = 0
 393              		@ link register save eliminated.
 394 0000 80B4     		push	{r7}
 395              		.cfi_def_cfa_offset 4
 396              		.cfi_offset 7, -4
 397 0002 00AF     		add	r7, sp, #0
 398              		.cfi_def_cfa_register 7
 252:/home/virusv/usart/Libraries/src/stm32f10x_cec.c ****   /* Starts of new message */
 253:/home/virusv/usart/Libraries/src/stm32f10x_cec.c ****   *(__IO uint32_t *) CSR_TSOM_BB = (uint32_t)0x1;
 399              		.loc 1 253 0
 400 0004 034B     		ldr	r3, .L27
 401 0006 0122     		movs	r2, #1
 402 0008 1A60     		str	r2, [r3]
 254:/home/virusv/usart/Libraries/src/stm32f10x_cec.c **** }
 403              		.loc 1 254 0
 404 000a BD46     		mov	sp, r7
 405              		.cfi_def_cfa_register 13
 406              		@ sp needed
 407 000c 5DF8047B 		ldr	r7, [sp], #4
 408              		.cfi_restore 7
 409              		.cfi_def_cfa_offset 0
 410 0010 7047     		bx	lr
 411              	.L28:
 412 0012 00BF     		.align	2
 413              	.L27:
 414 0014 00020F42 		.word	1108279808
 415              		.cfi_endproc
 416              	.LFE37:
 418              		.section	.text.CEC_EndOfMessageCmd,"ax",%progbits
 419              		.align	2
 420              		.global	CEC_EndOfMessageCmd
 421              		.thumb
 422              		.thumb_func
 424              	CEC_EndOfMessageCmd:
 425              	.LFB38:
 255:/home/virusv/usart/Libraries/src/stm32f10x_cec.c **** 
 256:/home/virusv/usart/Libraries/src/stm32f10x_cec.c **** /**
 257:/home/virusv/usart/Libraries/src/stm32f10x_cec.c ****   * @brief  Transmits message with or without an EOM bit.
 258:/home/virusv/usart/Libraries/src/stm32f10x_cec.c ****   * @param  NewState: new state of the CEC Tx End Of Message. 
 259:/home/virusv/usart/Libraries/src/stm32f10x_cec.c ****   *     This parameter can be: ENABLE or DISABLE.
 260:/home/virusv/usart/Libraries/src/stm32f10x_cec.c ****   * @retval None
 261:/home/virusv/usart/Libraries/src/stm32f10x_cec.c ****   */
 262:/home/virusv/usart/Libraries/src/stm32f10x_cec.c **** void CEC_EndOfMessageCmd(FunctionalState NewState)
 263:/home/virusv/usart/Libraries/src/stm32f10x_cec.c **** {   
 426              		.loc 1 263 0
 427              		.cfi_startproc
 428              		@ args = 0, pretend = 0, frame = 8
 429              		@ frame_needed = 1, uses_anonymous_args = 0
 430              		@ link register save eliminated.
 431 0000 80B4     		push	{r7}
 432              		.cfi_def_cfa_offset 4
 433              		.cfi_offset 7, -4
 434 0002 83B0     		sub	sp, sp, #12
 435              		.cfi_def_cfa_offset 16
 436 0004 00AF     		add	r7, sp, #0
 437              		.cfi_def_cfa_register 7
 438 0006 0346     		mov	r3, r0
 439 0008 FB71     		strb	r3, [r7, #7]
 264:/home/virusv/usart/Libraries/src/stm32f10x_cec.c ****   /* Check the parameters */
 265:/home/virusv/usart/Libraries/src/stm32f10x_cec.c ****   assert_param(IS_FUNCTIONAL_STATE(NewState));
 266:/home/virusv/usart/Libraries/src/stm32f10x_cec.c ****   
 267:/home/virusv/usart/Libraries/src/stm32f10x_cec.c ****   /* The data byte will be transmitted with or without an EOM bit*/
 268:/home/virusv/usart/Libraries/src/stm32f10x_cec.c ****   *(__IO uint32_t *) CSR_TEOM_BB = (uint32_t)NewState;
 440              		.loc 1 268 0
 441 000a 044A     		ldr	r2, .L30
 442 000c FB79     		ldrb	r3, [r7, #7]	@ zero_extendqisi2
 443 000e 1360     		str	r3, [r2]
 269:/home/virusv/usart/Libraries/src/stm32f10x_cec.c **** }
 444              		.loc 1 269 0
 445 0010 0C37     		adds	r7, r7, #12
 446              		.cfi_def_cfa_offset 4
 447 0012 BD46     		mov	sp, r7
 448              		.cfi_def_cfa_register 13
 449              		@ sp needed
 450 0014 5DF8047B 		ldr	r7, [sp], #4
 451              		.cfi_restore 7
 452              		.cfi_def_cfa_offset 0
 453 0018 7047     		bx	lr
 454              	.L31:
 455 001a 00BF     		.align	2
 456              	.L30:
 457 001c 04020F42 		.word	1108279812
 458              		.cfi_endproc
 459              	.LFE38:
 461              		.section	.text.CEC_GetFlagStatus,"ax",%progbits
 462              		.align	2
 463              		.global	CEC_GetFlagStatus
 464              		.thumb
 465              		.thumb_func
 467              	CEC_GetFlagStatus:
 468              	.LFB39:
 270:/home/virusv/usart/Libraries/src/stm32f10x_cec.c **** 
 271:/home/virusv/usart/Libraries/src/stm32f10x_cec.c **** /**
 272:/home/virusv/usart/Libraries/src/stm32f10x_cec.c ****   * @brief  Gets the CEC flag status
 273:/home/virusv/usart/Libraries/src/stm32f10x_cec.c ****   * @param  CEC_FLAG: specifies the CEC flag to check. 
 274:/home/virusv/usart/Libraries/src/stm32f10x_cec.c ****   *   This parameter can be one of the following values:
 275:/home/virusv/usart/Libraries/src/stm32f10x_cec.c ****   *     @arg CEC_FLAG_BTE: Bit Timing Error
 276:/home/virusv/usart/Libraries/src/stm32f10x_cec.c ****   *     @arg CEC_FLAG_BPE: Bit Period Error
 277:/home/virusv/usart/Libraries/src/stm32f10x_cec.c ****   *     @arg CEC_FLAG_RBTFE: Rx Block Transfer Finished Error
 278:/home/virusv/usart/Libraries/src/stm32f10x_cec.c ****   *     @arg CEC_FLAG_SBE: Start Bit Error
 279:/home/virusv/usart/Libraries/src/stm32f10x_cec.c ****   *     @arg CEC_FLAG_ACKE: Block Acknowledge Error
 280:/home/virusv/usart/Libraries/src/stm32f10x_cec.c ****   *     @arg CEC_FLAG_LINE: Line Error
 281:/home/virusv/usart/Libraries/src/stm32f10x_cec.c ****   *     @arg CEC_FLAG_TBTFE: Tx Block Transfer Finished Error
 282:/home/virusv/usart/Libraries/src/stm32f10x_cec.c ****   *     @arg CEC_FLAG_TEOM: Tx End Of Message 
 283:/home/virusv/usart/Libraries/src/stm32f10x_cec.c ****   *     @arg CEC_FLAG_TERR: Tx Error
 284:/home/virusv/usart/Libraries/src/stm32f10x_cec.c ****   *     @arg CEC_FLAG_TBTRF: Tx Byte Transfer Request or Block Transfer Finished
 285:/home/virusv/usart/Libraries/src/stm32f10x_cec.c ****   *     @arg CEC_FLAG_RSOM: Rx Start Of Message
 286:/home/virusv/usart/Libraries/src/stm32f10x_cec.c ****   *     @arg CEC_FLAG_REOM: Rx End Of Message
 287:/home/virusv/usart/Libraries/src/stm32f10x_cec.c ****   *     @arg CEC_FLAG_RERR: Rx Error
 288:/home/virusv/usart/Libraries/src/stm32f10x_cec.c ****   *     @arg CEC_FLAG_RBTF: Rx Byte/Block Transfer Finished
 289:/home/virusv/usart/Libraries/src/stm32f10x_cec.c ****   * @retval The new state of CEC_FLAG (SET or RESET)
 290:/home/virusv/usart/Libraries/src/stm32f10x_cec.c ****   */
 291:/home/virusv/usart/Libraries/src/stm32f10x_cec.c **** FlagStatus CEC_GetFlagStatus(uint32_t CEC_FLAG) 
 292:/home/virusv/usart/Libraries/src/stm32f10x_cec.c **** {
 469              		.loc 1 292 0
 470              		.cfi_startproc
 471              		@ args = 0, pretend = 0, frame = 24
 472              		@ frame_needed = 1, uses_anonymous_args = 0
 473              		@ link register save eliminated.
 474 0000 80B4     		push	{r7}
 475              		.cfi_def_cfa_offset 4
 476              		.cfi_offset 7, -4
 477 0002 87B0     		sub	sp, sp, #28
 478              		.cfi_def_cfa_offset 32
 479 0004 00AF     		add	r7, sp, #0
 480              		.cfi_def_cfa_register 7
 481 0006 7860     		str	r0, [r7, #4]
 293:/home/virusv/usart/Libraries/src/stm32f10x_cec.c ****   FlagStatus bitstatus = RESET;
 482              		.loc 1 293 0
 483 0008 0023     		movs	r3, #0
 484 000a FB75     		strb	r3, [r7, #23]
 294:/home/virusv/usart/Libraries/src/stm32f10x_cec.c ****   uint32_t cecreg = 0, cecbase = 0;
 485              		.loc 1 294 0
 486 000c 0023     		movs	r3, #0
 487 000e FB60     		str	r3, [r7, #12]
 488 0010 0023     		movs	r3, #0
 489 0012 3B61     		str	r3, [r7, #16]
 295:/home/virusv/usart/Libraries/src/stm32f10x_cec.c ****   
 296:/home/virusv/usart/Libraries/src/stm32f10x_cec.c ****   /* Check the parameters */
 297:/home/virusv/usart/Libraries/src/stm32f10x_cec.c ****   assert_param(IS_CEC_GET_FLAG(CEC_FLAG));
 298:/home/virusv/usart/Libraries/src/stm32f10x_cec.c ****  
 299:/home/virusv/usart/Libraries/src/stm32f10x_cec.c ****   /* Get the CEC peripheral base address */
 300:/home/virusv/usart/Libraries/src/stm32f10x_cec.c ****   cecbase = (uint32_t)(CEC_BASE);
 490              		.loc 1 300 0
 491 0014 134B     		ldr	r3, .L38
 492 0016 3B61     		str	r3, [r7, #16]
 301:/home/virusv/usart/Libraries/src/stm32f10x_cec.c ****   
 302:/home/virusv/usart/Libraries/src/stm32f10x_cec.c ****   /* Read flag register index */
 303:/home/virusv/usart/Libraries/src/stm32f10x_cec.c ****   cecreg = CEC_FLAG >> 28;
 493              		.loc 1 303 0
 494 0018 7B68     		ldr	r3, [r7, #4]
 495 001a 1B0F     		lsrs	r3, r3, #28
 496 001c FB60     		str	r3, [r7, #12]
 304:/home/virusv/usart/Libraries/src/stm32f10x_cec.c ****   
 305:/home/virusv/usart/Libraries/src/stm32f10x_cec.c ****   /* Get bit[23:0] of the flag */
 306:/home/virusv/usart/Libraries/src/stm32f10x_cec.c ****   CEC_FLAG &= FLAG_Mask;
 497              		.loc 1 306 0
 498 001e 7B68     		ldr	r3, [r7, #4]
 499 0020 23F07F43 		bic	r3, r3, #-16777216
 500 0024 7B60     		str	r3, [r7, #4]
 307:/home/virusv/usart/Libraries/src/stm32f10x_cec.c ****   
 308:/home/virusv/usart/Libraries/src/stm32f10x_cec.c ****   if(cecreg != 0)
 501              		.loc 1 308 0
 502 0026 FB68     		ldr	r3, [r7, #12]
 503 0028 002B     		cmp	r3, #0
 504 002a 06D0     		beq	.L33
 309:/home/virusv/usart/Libraries/src/stm32f10x_cec.c ****   {
 310:/home/virusv/usart/Libraries/src/stm32f10x_cec.c ****     /* Flag in CEC ESR Register */
 311:/home/virusv/usart/Libraries/src/stm32f10x_cec.c ****     CEC_FLAG = (uint32_t)(CEC_FLAG >> 16);
 505              		.loc 1 311 0
 506 002c 7B68     		ldr	r3, [r7, #4]
 507 002e 1B0C     		lsrs	r3, r3, #16
 508 0030 7B60     		str	r3, [r7, #4]
 312:/home/virusv/usart/Libraries/src/stm32f10x_cec.c ****     
 313:/home/virusv/usart/Libraries/src/stm32f10x_cec.c ****     /* Get the CEC ESR register address */
 314:/home/virusv/usart/Libraries/src/stm32f10x_cec.c ****     cecbase += 0xC;
 509              		.loc 1 314 0
 510 0032 3B69     		ldr	r3, [r7, #16]
 511 0034 0C33     		adds	r3, r3, #12
 512 0036 3B61     		str	r3, [r7, #16]
 513 0038 02E0     		b	.L34
 514              	.L33:
 315:/home/virusv/usart/Libraries/src/stm32f10x_cec.c ****   }
 316:/home/virusv/usart/Libraries/src/stm32f10x_cec.c ****   else
 317:/home/virusv/usart/Libraries/src/stm32f10x_cec.c ****   {
 318:/home/virusv/usart/Libraries/src/stm32f10x_cec.c ****     /* Get the CEC CSR register address */
 319:/home/virusv/usart/Libraries/src/stm32f10x_cec.c ****     cecbase += 0x10;
 515              		.loc 1 319 0
 516 003a 3B69     		ldr	r3, [r7, #16]
 517 003c 1033     		adds	r3, r3, #16
 518 003e 3B61     		str	r3, [r7, #16]
 519              	.L34:
 320:/home/virusv/usart/Libraries/src/stm32f10x_cec.c ****   }
 321:/home/virusv/usart/Libraries/src/stm32f10x_cec.c ****   
 322:/home/virusv/usart/Libraries/src/stm32f10x_cec.c ****   if(((*(__IO uint32_t *)cecbase) & CEC_FLAG) != (uint32_t)RESET)
 520              		.loc 1 322 0
 521 0040 3B69     		ldr	r3, [r7, #16]
 522 0042 1A68     		ldr	r2, [r3]
 523 0044 7B68     		ldr	r3, [r7, #4]
 524 0046 1340     		ands	r3, r3, r2
 525 0048 002B     		cmp	r3, #0
 526 004a 02D0     		beq	.L35
 323:/home/virusv/usart/Libraries/src/stm32f10x_cec.c ****   {
 324:/home/virusv/usart/Libraries/src/stm32f10x_cec.c ****     /* CEC_FLAG is set */
 325:/home/virusv/usart/Libraries/src/stm32f10x_cec.c ****     bitstatus = SET;
 527              		.loc 1 325 0
 528 004c 0123     		movs	r3, #1
 529 004e FB75     		strb	r3, [r7, #23]
 530 0050 01E0     		b	.L36
 531              	.L35:
 326:/home/virusv/usart/Libraries/src/stm32f10x_cec.c ****   }
 327:/home/virusv/usart/Libraries/src/stm32f10x_cec.c ****   else
 328:/home/virusv/usart/Libraries/src/stm32f10x_cec.c ****   {
 329:/home/virusv/usart/Libraries/src/stm32f10x_cec.c ****     /* CEC_FLAG is reset */
 330:/home/virusv/usart/Libraries/src/stm32f10x_cec.c ****     bitstatus = RESET;
 532              		.loc 1 330 0
 533 0052 0023     		movs	r3, #0
 534 0054 FB75     		strb	r3, [r7, #23]
 535              	.L36:
 331:/home/virusv/usart/Libraries/src/stm32f10x_cec.c ****   }
 332:/home/virusv/usart/Libraries/src/stm32f10x_cec.c ****   
 333:/home/virusv/usart/Libraries/src/stm32f10x_cec.c ****   /* Return the CEC_FLAG status */
 334:/home/virusv/usart/Libraries/src/stm32f10x_cec.c ****   return  bitstatus;
 536              		.loc 1 334 0
 537 0056 FB7D     		ldrb	r3, [r7, #23]	@ zero_extendqisi2
 335:/home/virusv/usart/Libraries/src/stm32f10x_cec.c **** }
 538              		.loc 1 335 0
 539 0058 1846     		mov	r0, r3
 540 005a 1C37     		adds	r7, r7, #28
 541              		.cfi_def_cfa_offset 4
 542 005c BD46     		mov	sp, r7
 543              		.cfi_def_cfa_register 13
 544              		@ sp needed
 545 005e 5DF8047B 		ldr	r7, [sp], #4
 546              		.cfi_restore 7
 547              		.cfi_def_cfa_offset 0
 548 0062 7047     		bx	lr
 549              	.L39:
 550              		.align	2
 551              	.L38:
 552 0064 00780040 		.word	1073772544
 553              		.cfi_endproc
 554              	.LFE39:
 556              		.section	.text.CEC_ClearFlag,"ax",%progbits
 557              		.align	2
 558              		.global	CEC_ClearFlag
 559              		.thumb
 560              		.thumb_func
 562              	CEC_ClearFlag:
 563              	.LFB40:
 336:/home/virusv/usart/Libraries/src/stm32f10x_cec.c **** 
 337:/home/virusv/usart/Libraries/src/stm32f10x_cec.c **** /**
 338:/home/virusv/usart/Libraries/src/stm32f10x_cec.c ****   * @brief  Clears the CEC's pending flags.
 339:/home/virusv/usart/Libraries/src/stm32f10x_cec.c ****   * @param  CEC_FLAG: specifies the flag to clear. 
 340:/home/virusv/usart/Libraries/src/stm32f10x_cec.c ****   *   This parameter can be any combination of the following values:
 341:/home/virusv/usart/Libraries/src/stm32f10x_cec.c ****   *     @arg CEC_FLAG_TERR: Tx Error
 342:/home/virusv/usart/Libraries/src/stm32f10x_cec.c ****   *     @arg CEC_FLAG_TBTRF: Tx Byte Transfer Request or Block Transfer Finished
 343:/home/virusv/usart/Libraries/src/stm32f10x_cec.c ****   *     @arg CEC_FLAG_RSOM: Rx Start Of Message
 344:/home/virusv/usart/Libraries/src/stm32f10x_cec.c ****   *     @arg CEC_FLAG_REOM: Rx End Of Message
 345:/home/virusv/usart/Libraries/src/stm32f10x_cec.c ****   *     @arg CEC_FLAG_RERR: Rx Error
 346:/home/virusv/usart/Libraries/src/stm32f10x_cec.c ****   *     @arg CEC_FLAG_RBTF: Rx Byte/Block Transfer Finished
 347:/home/virusv/usart/Libraries/src/stm32f10x_cec.c ****   * @retval None
 348:/home/virusv/usart/Libraries/src/stm32f10x_cec.c ****   */
 349:/home/virusv/usart/Libraries/src/stm32f10x_cec.c **** void CEC_ClearFlag(uint32_t CEC_FLAG)
 350:/home/virusv/usart/Libraries/src/stm32f10x_cec.c **** { 
 564              		.loc 1 350 0
 565              		.cfi_startproc
 566              		@ args = 0, pretend = 0, frame = 16
 567              		@ frame_needed = 1, uses_anonymous_args = 0
 568              		@ link register save eliminated.
 569 0000 80B4     		push	{r7}
 570              		.cfi_def_cfa_offset 4
 571              		.cfi_offset 7, -4
 572 0002 85B0     		sub	sp, sp, #20
 573              		.cfi_def_cfa_offset 24
 574 0004 00AF     		add	r7, sp, #0
 575              		.cfi_def_cfa_register 7
 576 0006 7860     		str	r0, [r7, #4]
 351:/home/virusv/usart/Libraries/src/stm32f10x_cec.c ****   uint32_t tmp = 0x0;
 577              		.loc 1 351 0
 578 0008 0023     		movs	r3, #0
 579 000a FB60     		str	r3, [r7, #12]
 352:/home/virusv/usart/Libraries/src/stm32f10x_cec.c ****   
 353:/home/virusv/usart/Libraries/src/stm32f10x_cec.c ****   /* Check the parameters */
 354:/home/virusv/usart/Libraries/src/stm32f10x_cec.c ****   assert_param(IS_CEC_CLEAR_FLAG(CEC_FLAG));
 355:/home/virusv/usart/Libraries/src/stm32f10x_cec.c **** 
 356:/home/virusv/usart/Libraries/src/stm32f10x_cec.c ****   tmp = CEC->CSR & 0x2;
 580              		.loc 1 356 0
 581 000c 0A4B     		ldr	r3, .L41
 582 000e 1B69     		ldr	r3, [r3, #16]
 583 0010 03F00203 		and	r3, r3, #2
 584 0014 FB60     		str	r3, [r7, #12]
 357:/home/virusv/usart/Libraries/src/stm32f10x_cec.c ****        
 358:/home/virusv/usart/Libraries/src/stm32f10x_cec.c ****   /* Clear the selected CEC flags */
 359:/home/virusv/usart/Libraries/src/stm32f10x_cec.c ****   CEC->CSR &= (uint32_t)(((~(uint32_t)CEC_FLAG) & 0xFFFFFFFC) | tmp);
 585              		.loc 1 359 0
 586 0016 0848     		ldr	r0, .L41
 587 0018 074B     		ldr	r3, .L41
 588 001a 1A69     		ldr	r2, [r3, #16]
 589 001c 7B68     		ldr	r3, [r7, #4]
 590 001e DB43     		mvns	r3, r3
 591 0020 23F00301 		bic	r1, r3, #3
 592 0024 FB68     		ldr	r3, [r7, #12]
 593 0026 0B43     		orrs	r3, r3, r1
 594 0028 1340     		ands	r3, r3, r2
 595 002a 0361     		str	r3, [r0, #16]
 360:/home/virusv/usart/Libraries/src/stm32f10x_cec.c **** }
 596              		.loc 1 360 0
 597 002c 1437     		adds	r7, r7, #20
 598              		.cfi_def_cfa_offset 4
 599 002e BD46     		mov	sp, r7
 600              		.cfi_def_cfa_register 13
 601              		@ sp needed
 602 0030 5DF8047B 		ldr	r7, [sp], #4
 603              		.cfi_restore 7
 604              		.cfi_def_cfa_offset 0
 605 0034 7047     		bx	lr
 606              	.L42:
 607 0036 00BF     		.align	2
 608              	.L41:
 609 0038 00780040 		.word	1073772544
 610              		.cfi_endproc
 611              	.LFE40:
 613              		.section	.text.CEC_GetITStatus,"ax",%progbits
 614              		.align	2
 615              		.global	CEC_GetITStatus
 616              		.thumb
 617              		.thumb_func
 619              	CEC_GetITStatus:
 620              	.LFB41:
 361:/home/virusv/usart/Libraries/src/stm32f10x_cec.c **** 
 362:/home/virusv/usart/Libraries/src/stm32f10x_cec.c **** /**
 363:/home/virusv/usart/Libraries/src/stm32f10x_cec.c ****   * @brief  Checks whether the specified CEC interrupt has occurred or not.
 364:/home/virusv/usart/Libraries/src/stm32f10x_cec.c ****   * @param  CEC_IT: specifies the CEC interrupt source to check. 
 365:/home/virusv/usart/Libraries/src/stm32f10x_cec.c ****   *   This parameter can be one of the following values:
 366:/home/virusv/usart/Libraries/src/stm32f10x_cec.c ****   *     @arg CEC_IT_TERR: Tx Error
 367:/home/virusv/usart/Libraries/src/stm32f10x_cec.c ****   *     @arg CEC_IT_TBTF: Tx Block Transfer Finished
 368:/home/virusv/usart/Libraries/src/stm32f10x_cec.c ****   *     @arg CEC_IT_RERR: Rx Error
 369:/home/virusv/usart/Libraries/src/stm32f10x_cec.c ****   *     @arg CEC_IT_RBTF: Rx Block Transfer Finished
 370:/home/virusv/usart/Libraries/src/stm32f10x_cec.c ****   * @retval The new state of CEC_IT (SET or RESET).
 371:/home/virusv/usart/Libraries/src/stm32f10x_cec.c ****   */
 372:/home/virusv/usart/Libraries/src/stm32f10x_cec.c **** ITStatus CEC_GetITStatus(uint8_t CEC_IT)
 373:/home/virusv/usart/Libraries/src/stm32f10x_cec.c **** {
 621              		.loc 1 373 0
 622              		.cfi_startproc
 623              		@ args = 0, pretend = 0, frame = 16
 624              		@ frame_needed = 1, uses_anonymous_args = 0
 625              		@ link register save eliminated.
 626 0000 80B4     		push	{r7}
 627              		.cfi_def_cfa_offset 4
 628              		.cfi_offset 7, -4
 629 0002 85B0     		sub	sp, sp, #20
 630              		.cfi_def_cfa_offset 24
 631 0004 00AF     		add	r7, sp, #0
 632              		.cfi_def_cfa_register 7
 633 0006 0346     		mov	r3, r0
 634 0008 FB71     		strb	r3, [r7, #7]
 374:/home/virusv/usart/Libraries/src/stm32f10x_cec.c ****   ITStatus bitstatus = RESET;
 635              		.loc 1 374 0
 636 000a 0023     		movs	r3, #0
 637 000c FB73     		strb	r3, [r7, #15]
 375:/home/virusv/usart/Libraries/src/stm32f10x_cec.c ****   uint32_t enablestatus = 0;
 638              		.loc 1 375 0
 639 000e 0023     		movs	r3, #0
 640 0010 BB60     		str	r3, [r7, #8]
 376:/home/virusv/usart/Libraries/src/stm32f10x_cec.c ****   
 377:/home/virusv/usart/Libraries/src/stm32f10x_cec.c ****   /* Check the parameters */
 378:/home/virusv/usart/Libraries/src/stm32f10x_cec.c ****    assert_param(IS_CEC_GET_IT(CEC_IT));
 379:/home/virusv/usart/Libraries/src/stm32f10x_cec.c ****    
 380:/home/virusv/usart/Libraries/src/stm32f10x_cec.c ****   /* Get the CEC IT enable bit status */
 381:/home/virusv/usart/Libraries/src/stm32f10x_cec.c ****   enablestatus = (CEC->CFGR & (uint8_t)CEC_CFGR_IE) ;
 641              		.loc 1 381 0
 642 0012 0D4B     		ldr	r3, .L47
 643 0014 1B68     		ldr	r3, [r3]
 644 0016 03F00203 		and	r3, r3, #2
 645 001a BB60     		str	r3, [r7, #8]
 382:/home/virusv/usart/Libraries/src/stm32f10x_cec.c ****   
 383:/home/virusv/usart/Libraries/src/stm32f10x_cec.c ****   /* Check the status of the specified CEC interrupt */
 384:/home/virusv/usart/Libraries/src/stm32f10x_cec.c ****   if (((CEC->CSR & CEC_IT) != (uint32_t)RESET) && enablestatus)
 646              		.loc 1 384 0
 647 001c 0A4B     		ldr	r3, .L47
 648 001e 1A69     		ldr	r2, [r3, #16]
 649 0020 FB79     		ldrb	r3, [r7, #7]	@ zero_extendqisi2
 650 0022 1340     		ands	r3, r3, r2
 651 0024 002B     		cmp	r3, #0
 652 0026 05D0     		beq	.L44
 653              		.loc 1 384 0 is_stmt 0 discriminator 1
 654 0028 BB68     		ldr	r3, [r7, #8]
 655 002a 002B     		cmp	r3, #0
 656 002c 02D0     		beq	.L44
 385:/home/virusv/usart/Libraries/src/stm32f10x_cec.c ****   {
 386:/home/virusv/usart/Libraries/src/stm32f10x_cec.c ****     /* CEC_IT is set */
 387:/home/virusv/usart/Libraries/src/stm32f10x_cec.c ****     bitstatus = SET;
 657              		.loc 1 387 0 is_stmt 1
 658 002e 0123     		movs	r3, #1
 659 0030 FB73     		strb	r3, [r7, #15]
 660 0032 01E0     		b	.L45
 661              	.L44:
 388:/home/virusv/usart/Libraries/src/stm32f10x_cec.c ****   }
 389:/home/virusv/usart/Libraries/src/stm32f10x_cec.c ****   else
 390:/home/virusv/usart/Libraries/src/stm32f10x_cec.c ****   {
 391:/home/virusv/usart/Libraries/src/stm32f10x_cec.c ****     /* CEC_IT is reset */
 392:/home/virusv/usart/Libraries/src/stm32f10x_cec.c ****     bitstatus = RESET;
 662              		.loc 1 392 0
 663 0034 0023     		movs	r3, #0
 664 0036 FB73     		strb	r3, [r7, #15]
 665              	.L45:
 393:/home/virusv/usart/Libraries/src/stm32f10x_cec.c ****   }
 394:/home/virusv/usart/Libraries/src/stm32f10x_cec.c ****   /* Return the CEC_IT status */
 395:/home/virusv/usart/Libraries/src/stm32f10x_cec.c ****   return  bitstatus;
 666              		.loc 1 395 0
 667 0038 FB7B     		ldrb	r3, [r7, #15]	@ zero_extendqisi2
 396:/home/virusv/usart/Libraries/src/stm32f10x_cec.c **** }
 668              		.loc 1 396 0
 669 003a 1846     		mov	r0, r3
 670 003c 1437     		adds	r7, r7, #20
 671              		.cfi_def_cfa_offset 4
 672 003e BD46     		mov	sp, r7
 673              		.cfi_def_cfa_register 13
 674              		@ sp needed
 675 0040 5DF8047B 		ldr	r7, [sp], #4
 676              		.cfi_restore 7
 677              		.cfi_def_cfa_offset 0
 678 0044 7047     		bx	lr
 679              	.L48:
 680 0046 00BF     		.align	2
 681              	.L47:
 682 0048 00780040 		.word	1073772544
 683              		.cfi_endproc
 684              	.LFE41:
 686              		.section	.text.CEC_ClearITPendingBit,"ax",%progbits
 687              		.align	2
 688              		.global	CEC_ClearITPendingBit
 689              		.thumb
 690              		.thumb_func
 692              	CEC_ClearITPendingBit:
 693              	.LFB42:
 397:/home/virusv/usart/Libraries/src/stm32f10x_cec.c **** 
 398:/home/virusv/usart/Libraries/src/stm32f10x_cec.c **** /**
 399:/home/virusv/usart/Libraries/src/stm32f10x_cec.c ****   * @brief  Clears the CEC's interrupt pending bits.
 400:/home/virusv/usart/Libraries/src/stm32f10x_cec.c ****   * @param  CEC_IT: specifies the CEC interrupt pending bit to clear.
 401:/home/virusv/usart/Libraries/src/stm32f10x_cec.c ****   *   This parameter can be any combination of the following values:
 402:/home/virusv/usart/Libraries/src/stm32f10x_cec.c ****   *     @arg CEC_IT_TERR: Tx Error
 403:/home/virusv/usart/Libraries/src/stm32f10x_cec.c ****   *     @arg CEC_IT_TBTF: Tx Block Transfer Finished
 404:/home/virusv/usart/Libraries/src/stm32f10x_cec.c ****   *     @arg CEC_IT_RERR: Rx Error
 405:/home/virusv/usart/Libraries/src/stm32f10x_cec.c ****   *     @arg CEC_IT_RBTF: Rx Block Transfer Finished
 406:/home/virusv/usart/Libraries/src/stm32f10x_cec.c ****   * @retval None
 407:/home/virusv/usart/Libraries/src/stm32f10x_cec.c ****   */
 408:/home/virusv/usart/Libraries/src/stm32f10x_cec.c **** void CEC_ClearITPendingBit(uint16_t CEC_IT)
 409:/home/virusv/usart/Libraries/src/stm32f10x_cec.c **** {
 694              		.loc 1 409 0
 695              		.cfi_startproc
 696              		@ args = 0, pretend = 0, frame = 16
 697              		@ frame_needed = 1, uses_anonymous_args = 0
 698              		@ link register save eliminated.
 699 0000 80B4     		push	{r7}
 700              		.cfi_def_cfa_offset 4
 701              		.cfi_offset 7, -4
 702 0002 85B0     		sub	sp, sp, #20
 703              		.cfi_def_cfa_offset 24
 704 0004 00AF     		add	r7, sp, #0
 705              		.cfi_def_cfa_register 7
 706 0006 0346     		mov	r3, r0
 707 0008 FB80     		strh	r3, [r7, #6]	@ movhi
 410:/home/virusv/usart/Libraries/src/stm32f10x_cec.c ****   uint32_t tmp = 0x0;
 708              		.loc 1 410 0
 709 000a 0023     		movs	r3, #0
 710 000c FB60     		str	r3, [r7, #12]
 411:/home/virusv/usart/Libraries/src/stm32f10x_cec.c ****   
 412:/home/virusv/usart/Libraries/src/stm32f10x_cec.c ****   /* Check the parameters */
 413:/home/virusv/usart/Libraries/src/stm32f10x_cec.c ****   assert_param(IS_CEC_GET_IT(CEC_IT));
 414:/home/virusv/usart/Libraries/src/stm32f10x_cec.c ****   
 415:/home/virusv/usart/Libraries/src/stm32f10x_cec.c ****   tmp = CEC->CSR & 0x2;
 711              		.loc 1 415 0
 712 000e 0A4B     		ldr	r3, .L50
 713 0010 1B69     		ldr	r3, [r3, #16]
 714 0012 03F00203 		and	r3, r3, #2
 715 0016 FB60     		str	r3, [r7, #12]
 416:/home/virusv/usart/Libraries/src/stm32f10x_cec.c ****   
 417:/home/virusv/usart/Libraries/src/stm32f10x_cec.c ****   /* Clear the selected CEC interrupt pending bits */
 418:/home/virusv/usart/Libraries/src/stm32f10x_cec.c ****   CEC->CSR &= (uint32_t)(((~(uint32_t)CEC_IT) & 0xFFFFFFFC) | tmp);
 716              		.loc 1 418 0
 717 0018 0748     		ldr	r0, .L50
 718 001a 074B     		ldr	r3, .L50
 719 001c 1A69     		ldr	r2, [r3, #16]
 720 001e FB88     		ldrh	r3, [r7, #6]
 721 0020 DB43     		mvns	r3, r3
 722 0022 23F00301 		bic	r1, r3, #3
 723 0026 FB68     		ldr	r3, [r7, #12]
 724 0028 0B43     		orrs	r3, r3, r1
 725 002a 1340     		ands	r3, r3, r2
 726 002c 0361     		str	r3, [r0, #16]
 419:/home/virusv/usart/Libraries/src/stm32f10x_cec.c **** }
 727              		.loc 1 419 0
 728 002e 1437     		adds	r7, r7, #20
 729              		.cfi_def_cfa_offset 4
 730 0030 BD46     		mov	sp, r7
 731              		.cfi_def_cfa_register 13
 732              		@ sp needed
 733 0032 5DF8047B 		ldr	r7, [sp], #4
 734              		.cfi_restore 7
 735              		.cfi_def_cfa_offset 0
 736 0036 7047     		bx	lr
 737              	.L51:
 738              		.align	2
 739              	.L50:
 740 0038 00780040 		.word	1073772544
 741              		.cfi_endproc
 742              	.LFE42:
 744              		.text
 745              	.Letext0:
 746              		.file 2 "/usr/include/newlib/machine/_default_types.h"
 747              		.file 3 "/usr/include/newlib/sys/_stdint.h"
 748              		.file 4 "/home/virusv/usart/CMSIS/CM3/DeviceSupport/ST/STM32F10x/stm32f10x.h"
 749              		.file 5 "/home/virusv/usart/Libraries/inc/stm32f10x_cec.h"
 750              		.file 6 "/home/virusv/usart/CMSIS/CM3/CoreSupport/core_cm3.h"
DEFINED SYMBOLS
                            *ABS*:0000000000000000 stm32f10x_cec.c
     /tmp/ccYOtkGE.s:19     .text.CEC_DeInit:0000000000000000 $t
     /tmp/ccYOtkGE.s:24     .text.CEC_DeInit:0000000000000000 CEC_DeInit
     /tmp/ccYOtkGE.s:51     .text.CEC_Init:0000000000000000 $t
     /tmp/ccYOtkGE.s:56     .text.CEC_Init:0000000000000000 CEC_Init
     /tmp/ccYOtkGE.s:109    .text.CEC_Init:000000000000003c $d
     /tmp/ccYOtkGE.s:114    .text.CEC_Cmd:0000000000000000 $t
     /tmp/ccYOtkGE.s:119    .text.CEC_Cmd:0000000000000000 CEC_Cmd
     /tmp/ccYOtkGE.s:166    .text.CEC_Cmd:0000000000000030 $d
     /tmp/ccYOtkGE.s:172    .text.CEC_ITConfig:0000000000000000 $t
     /tmp/ccYOtkGE.s:177    .text.CEC_ITConfig:0000000000000000 CEC_ITConfig
     /tmp/ccYOtkGE.s:210    .text.CEC_ITConfig:000000000000001c $d
     /tmp/ccYOtkGE.s:215    .text.CEC_OwnAddressConfig:0000000000000000 $t
     /tmp/ccYOtkGE.s:220    .text.CEC_OwnAddressConfig:0000000000000000 CEC_OwnAddressConfig
     /tmp/ccYOtkGE.s:253    .text.CEC_OwnAddressConfig:000000000000001c $d
     /tmp/ccYOtkGE.s:258    .text.CEC_SetPrescaler:0000000000000000 $t
     /tmp/ccYOtkGE.s:263    .text.CEC_SetPrescaler:0000000000000000 CEC_SetPrescaler
     /tmp/ccYOtkGE.s:296    .text.CEC_SetPrescaler:000000000000001c $d
     /tmp/ccYOtkGE.s:301    .text.CEC_SendDataByte:0000000000000000 $t
     /tmp/ccYOtkGE.s:306    .text.CEC_SendDataByte:0000000000000000 CEC_SendDataByte
     /tmp/ccYOtkGE.s:339    .text.CEC_SendDataByte:000000000000001c $d
     /tmp/ccYOtkGE.s:344    .text.CEC_ReceiveDataByte:0000000000000000 $t
     /tmp/ccYOtkGE.s:349    .text.CEC_ReceiveDataByte:0000000000000000 CEC_ReceiveDataByte
     /tmp/ccYOtkGE.s:377    .text.CEC_ReceiveDataByte:0000000000000014 $d
     /tmp/ccYOtkGE.s:382    .text.CEC_StartOfMessage:0000000000000000 $t
     /tmp/ccYOtkGE.s:387    .text.CEC_StartOfMessage:0000000000000000 CEC_StartOfMessage
     /tmp/ccYOtkGE.s:414    .text.CEC_StartOfMessage:0000000000000014 $d
     /tmp/ccYOtkGE.s:419    .text.CEC_EndOfMessageCmd:0000000000000000 $t
     /tmp/ccYOtkGE.s:424    .text.CEC_EndOfMessageCmd:0000000000000000 CEC_EndOfMessageCmd
     /tmp/ccYOtkGE.s:457    .text.CEC_EndOfMessageCmd:000000000000001c $d
     /tmp/ccYOtkGE.s:462    .text.CEC_GetFlagStatus:0000000000000000 $t
     /tmp/ccYOtkGE.s:467    .text.CEC_GetFlagStatus:0000000000000000 CEC_GetFlagStatus
     /tmp/ccYOtkGE.s:552    .text.CEC_GetFlagStatus:0000000000000064 $d
     /tmp/ccYOtkGE.s:557    .text.CEC_ClearFlag:0000000000000000 $t
     /tmp/ccYOtkGE.s:562    .text.CEC_ClearFlag:0000000000000000 CEC_ClearFlag
     /tmp/ccYOtkGE.s:609    .text.CEC_ClearFlag:0000000000000038 $d
     /tmp/ccYOtkGE.s:614    .text.CEC_GetITStatus:0000000000000000 $t
     /tmp/ccYOtkGE.s:619    .text.CEC_GetITStatus:0000000000000000 CEC_GetITStatus
     /tmp/ccYOtkGE.s:682    .text.CEC_GetITStatus:0000000000000048 $d
     /tmp/ccYOtkGE.s:687    .text.CEC_ClearITPendingBit:0000000000000000 $t
     /tmp/ccYOtkGE.s:692    .text.CEC_ClearITPendingBit:0000000000000000 CEC_ClearITPendingBit
     /tmp/ccYOtkGE.s:740    .text.CEC_ClearITPendingBit:0000000000000038 $d
                     .debug_frame:0000000000000010 $d

UNDEFINED SYMBOLS
RCC_APB1PeriphResetCmd
