   1              		.syntax unified
   2              		.cpu cortex-m3
   3              		.fpu softvfp
   4              		.eabi_attribute 20, 1
   5              		.eabi_attribute 21, 1
   6              		.eabi_attribute 23, 3
   7              		.eabi_attribute 24, 1
   8              		.eabi_attribute 25, 1
   9              		.eabi_attribute 26, 1
  10              		.eabi_attribute 30, 6
  11              		.eabi_attribute 34, 1
  12              		.eabi_attribute 18, 4
  13              		.thumb
  14              		.file	"stm32f10x_exti.c"
  15              		.text
  16              	.Ltext0:
  17              		.cfi_sections	.debug_frame
  18              		.section	.text.EXTI_DeInit,"ax",%progbits
  19              		.align	2
  20              		.global	EXTI_DeInit
  21              		.thumb
  22              		.thumb_func
  24              	EXTI_DeInit:
  25              	.LFB29:
  26              		.file 1 "/home/virusv/usart/Libraries/src/stm32f10x_exti.c"
   1:/home/virusv/usart/Libraries/src/stm32f10x_exti.c **** /**
   2:/home/virusv/usart/Libraries/src/stm32f10x_exti.c ****   ******************************************************************************
   3:/home/virusv/usart/Libraries/src/stm32f10x_exti.c ****   * @file    stm32f10x_exti.c
   4:/home/virusv/usart/Libraries/src/stm32f10x_exti.c ****   * @author  MCD Application Team
   5:/home/virusv/usart/Libraries/src/stm32f10x_exti.c ****   * @version V3.5.0
   6:/home/virusv/usart/Libraries/src/stm32f10x_exti.c ****   * @date    11-March-2011
   7:/home/virusv/usart/Libraries/src/stm32f10x_exti.c ****   * @brief   This file provides all the EXTI firmware functions.
   8:/home/virusv/usart/Libraries/src/stm32f10x_exti.c ****   ******************************************************************************
   9:/home/virusv/usart/Libraries/src/stm32f10x_exti.c ****   * @attention
  10:/home/virusv/usart/Libraries/src/stm32f10x_exti.c ****   *
  11:/home/virusv/usart/Libraries/src/stm32f10x_exti.c ****   * THE PRESENT FIRMWARE WHICH IS FOR GUIDANCE ONLY AIMS AT PROVIDING CUSTOMERS
  12:/home/virusv/usart/Libraries/src/stm32f10x_exti.c ****   * WITH CODING INFORMATION REGARDING THEIR PRODUCTS IN ORDER FOR THEM TO SAVE
  13:/home/virusv/usart/Libraries/src/stm32f10x_exti.c ****   * TIME. AS A RESULT, STMICROELECTRONICS SHALL NOT BE HELD LIABLE FOR ANY
  14:/home/virusv/usart/Libraries/src/stm32f10x_exti.c ****   * DIRECT, INDIRECT OR CONSEQUENTIAL DAMAGES WITH RESPECT TO ANY CLAIMS ARISING
  15:/home/virusv/usart/Libraries/src/stm32f10x_exti.c ****   * FROM THE CONTENT OF SUCH FIRMWARE AND/OR THE USE MADE BY CUSTOMERS OF THE
  16:/home/virusv/usart/Libraries/src/stm32f10x_exti.c ****   * CODING INFORMATION CONTAINED HEREIN IN CONNECTION WITH THEIR PRODUCTS.
  17:/home/virusv/usart/Libraries/src/stm32f10x_exti.c ****   *
  18:/home/virusv/usart/Libraries/src/stm32f10x_exti.c ****   * <h2><center>&copy; COPYRIGHT 2011 STMicroelectronics</center></h2>
  19:/home/virusv/usart/Libraries/src/stm32f10x_exti.c ****   ******************************************************************************
  20:/home/virusv/usart/Libraries/src/stm32f10x_exti.c ****   */
  21:/home/virusv/usart/Libraries/src/stm32f10x_exti.c **** 
  22:/home/virusv/usart/Libraries/src/stm32f10x_exti.c **** /* Includes ------------------------------------------------------------------*/
  23:/home/virusv/usart/Libraries/src/stm32f10x_exti.c **** #include "stm32f10x_exti.h"
  24:/home/virusv/usart/Libraries/src/stm32f10x_exti.c **** 
  25:/home/virusv/usart/Libraries/src/stm32f10x_exti.c **** /** @addtogroup STM32F10x_StdPeriph_Driver
  26:/home/virusv/usart/Libraries/src/stm32f10x_exti.c ****   * @{
  27:/home/virusv/usart/Libraries/src/stm32f10x_exti.c ****   */
  28:/home/virusv/usart/Libraries/src/stm32f10x_exti.c **** 
  29:/home/virusv/usart/Libraries/src/stm32f10x_exti.c **** /** @defgroup EXTI 
  30:/home/virusv/usart/Libraries/src/stm32f10x_exti.c ****   * @brief EXTI driver modules
  31:/home/virusv/usart/Libraries/src/stm32f10x_exti.c ****   * @{
  32:/home/virusv/usart/Libraries/src/stm32f10x_exti.c ****   */
  33:/home/virusv/usart/Libraries/src/stm32f10x_exti.c **** 
  34:/home/virusv/usart/Libraries/src/stm32f10x_exti.c **** /** @defgroup EXTI_Private_TypesDefinitions
  35:/home/virusv/usart/Libraries/src/stm32f10x_exti.c ****   * @{
  36:/home/virusv/usart/Libraries/src/stm32f10x_exti.c ****   */
  37:/home/virusv/usart/Libraries/src/stm32f10x_exti.c **** 
  38:/home/virusv/usart/Libraries/src/stm32f10x_exti.c **** /**
  39:/home/virusv/usart/Libraries/src/stm32f10x_exti.c ****   * @}
  40:/home/virusv/usart/Libraries/src/stm32f10x_exti.c ****   */
  41:/home/virusv/usart/Libraries/src/stm32f10x_exti.c **** 
  42:/home/virusv/usart/Libraries/src/stm32f10x_exti.c **** /** @defgroup EXTI_Private_Defines
  43:/home/virusv/usart/Libraries/src/stm32f10x_exti.c ****   * @{
  44:/home/virusv/usart/Libraries/src/stm32f10x_exti.c ****   */
  45:/home/virusv/usart/Libraries/src/stm32f10x_exti.c **** 
  46:/home/virusv/usart/Libraries/src/stm32f10x_exti.c **** #define EXTI_LINENONE    ((uint32_t)0x00000)  /* No interrupt selected */
  47:/home/virusv/usart/Libraries/src/stm32f10x_exti.c **** 
  48:/home/virusv/usart/Libraries/src/stm32f10x_exti.c **** /**
  49:/home/virusv/usart/Libraries/src/stm32f10x_exti.c ****   * @}
  50:/home/virusv/usart/Libraries/src/stm32f10x_exti.c ****   */
  51:/home/virusv/usart/Libraries/src/stm32f10x_exti.c **** 
  52:/home/virusv/usart/Libraries/src/stm32f10x_exti.c **** /** @defgroup EXTI_Private_Macros
  53:/home/virusv/usart/Libraries/src/stm32f10x_exti.c ****   * @{
  54:/home/virusv/usart/Libraries/src/stm32f10x_exti.c ****   */
  55:/home/virusv/usart/Libraries/src/stm32f10x_exti.c **** 
  56:/home/virusv/usart/Libraries/src/stm32f10x_exti.c **** /**
  57:/home/virusv/usart/Libraries/src/stm32f10x_exti.c ****   * @}
  58:/home/virusv/usart/Libraries/src/stm32f10x_exti.c ****   */
  59:/home/virusv/usart/Libraries/src/stm32f10x_exti.c **** 
  60:/home/virusv/usart/Libraries/src/stm32f10x_exti.c **** /** @defgroup EXTI_Private_Variables
  61:/home/virusv/usart/Libraries/src/stm32f10x_exti.c ****   * @{
  62:/home/virusv/usart/Libraries/src/stm32f10x_exti.c ****   */
  63:/home/virusv/usart/Libraries/src/stm32f10x_exti.c **** 
  64:/home/virusv/usart/Libraries/src/stm32f10x_exti.c **** /**
  65:/home/virusv/usart/Libraries/src/stm32f10x_exti.c ****   * @}
  66:/home/virusv/usart/Libraries/src/stm32f10x_exti.c ****   */
  67:/home/virusv/usart/Libraries/src/stm32f10x_exti.c **** 
  68:/home/virusv/usart/Libraries/src/stm32f10x_exti.c **** /** @defgroup EXTI_Private_FunctionPrototypes
  69:/home/virusv/usart/Libraries/src/stm32f10x_exti.c ****   * @{
  70:/home/virusv/usart/Libraries/src/stm32f10x_exti.c ****   */
  71:/home/virusv/usart/Libraries/src/stm32f10x_exti.c **** 
  72:/home/virusv/usart/Libraries/src/stm32f10x_exti.c **** /**
  73:/home/virusv/usart/Libraries/src/stm32f10x_exti.c ****   * @}
  74:/home/virusv/usart/Libraries/src/stm32f10x_exti.c ****   */
  75:/home/virusv/usart/Libraries/src/stm32f10x_exti.c **** 
  76:/home/virusv/usart/Libraries/src/stm32f10x_exti.c **** /** @defgroup EXTI_Private_Functions
  77:/home/virusv/usart/Libraries/src/stm32f10x_exti.c ****   * @{
  78:/home/virusv/usart/Libraries/src/stm32f10x_exti.c ****   */
  79:/home/virusv/usart/Libraries/src/stm32f10x_exti.c **** 
  80:/home/virusv/usart/Libraries/src/stm32f10x_exti.c **** /**
  81:/home/virusv/usart/Libraries/src/stm32f10x_exti.c ****   * @brief  Deinitializes the EXTI peripheral registers to their default reset values.
  82:/home/virusv/usart/Libraries/src/stm32f10x_exti.c ****   * @param  None
  83:/home/virusv/usart/Libraries/src/stm32f10x_exti.c ****   * @retval None
  84:/home/virusv/usart/Libraries/src/stm32f10x_exti.c ****   */
  85:/home/virusv/usart/Libraries/src/stm32f10x_exti.c **** void EXTI_DeInit(void)
  86:/home/virusv/usart/Libraries/src/stm32f10x_exti.c **** {
  27              		.loc 1 86 0
  28              		.cfi_startproc
  29              		@ args = 0, pretend = 0, frame = 0
  30              		@ frame_needed = 1, uses_anonymous_args = 0
  31              		@ link register save eliminated.
  32 0000 80B4     		push	{r7}
  33              		.cfi_def_cfa_offset 4
  34              		.cfi_offset 7, -4
  35 0002 00AF     		add	r7, sp, #0
  36              		.cfi_def_cfa_register 7
  87:/home/virusv/usart/Libraries/src/stm32f10x_exti.c ****   EXTI->IMR = 0x00000000;
  37              		.loc 1 87 0
  38 0004 094B     		ldr	r3, .L2
  39 0006 0022     		movs	r2, #0
  40 0008 1A60     		str	r2, [r3]
  88:/home/virusv/usart/Libraries/src/stm32f10x_exti.c ****   EXTI->EMR = 0x00000000;
  41              		.loc 1 88 0
  42 000a 084B     		ldr	r3, .L2
  43 000c 0022     		movs	r2, #0
  44 000e 5A60     		str	r2, [r3, #4]
  89:/home/virusv/usart/Libraries/src/stm32f10x_exti.c ****   EXTI->RTSR = 0x00000000; 
  45              		.loc 1 89 0
  46 0010 064B     		ldr	r3, .L2
  47 0012 0022     		movs	r2, #0
  48 0014 9A60     		str	r2, [r3, #8]
  90:/home/virusv/usart/Libraries/src/stm32f10x_exti.c ****   EXTI->FTSR = 0x00000000; 
  49              		.loc 1 90 0
  50 0016 054B     		ldr	r3, .L2
  51 0018 0022     		movs	r2, #0
  52 001a DA60     		str	r2, [r3, #12]
  91:/home/virusv/usart/Libraries/src/stm32f10x_exti.c ****   EXTI->PR = 0x000FFFFF;
  53              		.loc 1 91 0
  54 001c 034B     		ldr	r3, .L2
  55 001e 044A     		ldr	r2, .L2+4
  56 0020 5A61     		str	r2, [r3, #20]
  92:/home/virusv/usart/Libraries/src/stm32f10x_exti.c **** }
  57              		.loc 1 92 0
  58 0022 BD46     		mov	sp, r7
  59              		.cfi_def_cfa_register 13
  60              		@ sp needed
  61 0024 5DF8047B 		ldr	r7, [sp], #4
  62              		.cfi_restore 7
  63              		.cfi_def_cfa_offset 0
  64 0028 7047     		bx	lr
  65              	.L3:
  66 002a 00BF     		.align	2
  67              	.L2:
  68 002c 00040140 		.word	1073808384
  69 0030 FFFF0F00 		.word	1048575
  70              		.cfi_endproc
  71              	.LFE29:
  73              		.section	.text.EXTI_Init,"ax",%progbits
  74              		.align	2
  75              		.global	EXTI_Init
  76              		.thumb
  77              		.thumb_func
  79              	EXTI_Init:
  80              	.LFB30:
  93:/home/virusv/usart/Libraries/src/stm32f10x_exti.c **** 
  94:/home/virusv/usart/Libraries/src/stm32f10x_exti.c **** /**
  95:/home/virusv/usart/Libraries/src/stm32f10x_exti.c ****   * @brief  Initializes the EXTI peripheral according to the specified
  96:/home/virusv/usart/Libraries/src/stm32f10x_exti.c ****   *         parameters in the EXTI_InitStruct.
  97:/home/virusv/usart/Libraries/src/stm32f10x_exti.c ****   * @param  EXTI_InitStruct: pointer to a EXTI_InitTypeDef structure
  98:/home/virusv/usart/Libraries/src/stm32f10x_exti.c ****   *         that contains the configuration information for the EXTI peripheral.
  99:/home/virusv/usart/Libraries/src/stm32f10x_exti.c ****   * @retval None
 100:/home/virusv/usart/Libraries/src/stm32f10x_exti.c ****   */
 101:/home/virusv/usart/Libraries/src/stm32f10x_exti.c **** void EXTI_Init(EXTI_InitTypeDef* EXTI_InitStruct)
 102:/home/virusv/usart/Libraries/src/stm32f10x_exti.c **** {
  81              		.loc 1 102 0
  82              		.cfi_startproc
  83              		@ args = 0, pretend = 0, frame = 16
  84              		@ frame_needed = 1, uses_anonymous_args = 0
  85              		@ link register save eliminated.
  86 0000 80B4     		push	{r7}
  87              		.cfi_def_cfa_offset 4
  88              		.cfi_offset 7, -4
  89 0002 85B0     		sub	sp, sp, #20
  90              		.cfi_def_cfa_offset 24
  91 0004 00AF     		add	r7, sp, #0
  92              		.cfi_def_cfa_register 7
  93 0006 7860     		str	r0, [r7, #4]
 103:/home/virusv/usart/Libraries/src/stm32f10x_exti.c ****   uint32_t tmp = 0;
  94              		.loc 1 103 0
  95 0008 0023     		movs	r3, #0
  96 000a FB60     		str	r3, [r7, #12]
 104:/home/virusv/usart/Libraries/src/stm32f10x_exti.c **** 
 105:/home/virusv/usart/Libraries/src/stm32f10x_exti.c ****   /* Check the parameters */
 106:/home/virusv/usart/Libraries/src/stm32f10x_exti.c ****   assert_param(IS_EXTI_MODE(EXTI_InitStruct->EXTI_Mode));
 107:/home/virusv/usart/Libraries/src/stm32f10x_exti.c ****   assert_param(IS_EXTI_TRIGGER(EXTI_InitStruct->EXTI_Trigger));
 108:/home/virusv/usart/Libraries/src/stm32f10x_exti.c ****   assert_param(IS_EXTI_LINE(EXTI_InitStruct->EXTI_Line));  
 109:/home/virusv/usart/Libraries/src/stm32f10x_exti.c ****   assert_param(IS_FUNCTIONAL_STATE(EXTI_InitStruct->EXTI_LineCmd));
 110:/home/virusv/usart/Libraries/src/stm32f10x_exti.c **** 
 111:/home/virusv/usart/Libraries/src/stm32f10x_exti.c ****   tmp = (uint32_t)EXTI_BASE;
  97              		.loc 1 111 0
  98 000c 344B     		ldr	r3, .L9
  99 000e FB60     		str	r3, [r7, #12]
 112:/home/virusv/usart/Libraries/src/stm32f10x_exti.c ****      
 113:/home/virusv/usart/Libraries/src/stm32f10x_exti.c ****   if (EXTI_InitStruct->EXTI_LineCmd != DISABLE)
 100              		.loc 1 113 0
 101 0010 7B68     		ldr	r3, [r7, #4]
 102 0012 9B79     		ldrb	r3, [r3, #6]	@ zero_extendqisi2
 103 0014 002B     		cmp	r3, #0
 104 0016 4FD0     		beq	.L5
 114:/home/virusv/usart/Libraries/src/stm32f10x_exti.c ****   {
 115:/home/virusv/usart/Libraries/src/stm32f10x_exti.c ****     /* Clear EXTI line configuration */
 116:/home/virusv/usart/Libraries/src/stm32f10x_exti.c ****     EXTI->IMR &= ~EXTI_InitStruct->EXTI_Line;
 105              		.loc 1 116 0
 106 0018 3149     		ldr	r1, .L9
 107 001a 314B     		ldr	r3, .L9
 108 001c 1A68     		ldr	r2, [r3]
 109 001e 7B68     		ldr	r3, [r7, #4]
 110 0020 1B68     		ldr	r3, [r3]
 111 0022 DB43     		mvns	r3, r3
 112 0024 1340     		ands	r3, r3, r2
 113 0026 0B60     		str	r3, [r1]
 117:/home/virusv/usart/Libraries/src/stm32f10x_exti.c ****     EXTI->EMR &= ~EXTI_InitStruct->EXTI_Line;
 114              		.loc 1 117 0
 115 0028 2D49     		ldr	r1, .L9
 116 002a 2D4B     		ldr	r3, .L9
 117 002c 5A68     		ldr	r2, [r3, #4]
 118 002e 7B68     		ldr	r3, [r7, #4]
 119 0030 1B68     		ldr	r3, [r3]
 120 0032 DB43     		mvns	r3, r3
 121 0034 1340     		ands	r3, r3, r2
 122 0036 4B60     		str	r3, [r1, #4]
 118:/home/virusv/usart/Libraries/src/stm32f10x_exti.c ****     
 119:/home/virusv/usart/Libraries/src/stm32f10x_exti.c ****     tmp += EXTI_InitStruct->EXTI_Mode;
 123              		.loc 1 119 0
 124 0038 7B68     		ldr	r3, [r7, #4]
 125 003a 1B79     		ldrb	r3, [r3, #4]	@ zero_extendqisi2
 126 003c 1A46     		mov	r2, r3
 127 003e FB68     		ldr	r3, [r7, #12]
 128 0040 1344     		add	r3, r3, r2
 129 0042 FB60     		str	r3, [r7, #12]
 120:/home/virusv/usart/Libraries/src/stm32f10x_exti.c **** 
 121:/home/virusv/usart/Libraries/src/stm32f10x_exti.c ****     *(__IO uint32_t *) tmp |= EXTI_InitStruct->EXTI_Line;
 130              		.loc 1 121 0
 131 0044 FB68     		ldr	r3, [r7, #12]
 132 0046 FA68     		ldr	r2, [r7, #12]
 133 0048 1168     		ldr	r1, [r2]
 134 004a 7A68     		ldr	r2, [r7, #4]
 135 004c 1268     		ldr	r2, [r2]
 136 004e 0A43     		orrs	r2, r2, r1
 137 0050 1A60     		str	r2, [r3]
 122:/home/virusv/usart/Libraries/src/stm32f10x_exti.c **** 
 123:/home/virusv/usart/Libraries/src/stm32f10x_exti.c ****     /* Clear Rising Falling edge configuration */
 124:/home/virusv/usart/Libraries/src/stm32f10x_exti.c ****     EXTI->RTSR &= ~EXTI_InitStruct->EXTI_Line;
 138              		.loc 1 124 0
 139 0052 2349     		ldr	r1, .L9
 140 0054 224B     		ldr	r3, .L9
 141 0056 9A68     		ldr	r2, [r3, #8]
 142 0058 7B68     		ldr	r3, [r7, #4]
 143 005a 1B68     		ldr	r3, [r3]
 144 005c DB43     		mvns	r3, r3
 145 005e 1340     		ands	r3, r3, r2
 146 0060 8B60     		str	r3, [r1, #8]
 125:/home/virusv/usart/Libraries/src/stm32f10x_exti.c ****     EXTI->FTSR &= ~EXTI_InitStruct->EXTI_Line;
 147              		.loc 1 125 0
 148 0062 1F49     		ldr	r1, .L9
 149 0064 1E4B     		ldr	r3, .L9
 150 0066 DA68     		ldr	r2, [r3, #12]
 151 0068 7B68     		ldr	r3, [r7, #4]
 152 006a 1B68     		ldr	r3, [r3]
 153 006c DB43     		mvns	r3, r3
 154 006e 1340     		ands	r3, r3, r2
 155 0070 CB60     		str	r3, [r1, #12]
 126:/home/virusv/usart/Libraries/src/stm32f10x_exti.c ****     
 127:/home/virusv/usart/Libraries/src/stm32f10x_exti.c ****     /* Select the trigger for the selected external interrupts */
 128:/home/virusv/usart/Libraries/src/stm32f10x_exti.c ****     if (EXTI_InitStruct->EXTI_Trigger == EXTI_Trigger_Rising_Falling)
 156              		.loc 1 128 0
 157 0072 7B68     		ldr	r3, [r7, #4]
 158 0074 5B79     		ldrb	r3, [r3, #5]	@ zero_extendqisi2
 159 0076 102B     		cmp	r3, #16
 160 0078 0ED1     		bne	.L6
 129:/home/virusv/usart/Libraries/src/stm32f10x_exti.c ****     {
 130:/home/virusv/usart/Libraries/src/stm32f10x_exti.c ****       /* Rising Falling edge */
 131:/home/virusv/usart/Libraries/src/stm32f10x_exti.c ****       EXTI->RTSR |= EXTI_InitStruct->EXTI_Line;
 161              		.loc 1 131 0
 162 007a 1949     		ldr	r1, .L9
 163 007c 184B     		ldr	r3, .L9
 164 007e 9A68     		ldr	r2, [r3, #8]
 165 0080 7B68     		ldr	r3, [r7, #4]
 166 0082 1B68     		ldr	r3, [r3]
 167 0084 1343     		orrs	r3, r3, r2
 168 0086 8B60     		str	r3, [r1, #8]
 132:/home/virusv/usart/Libraries/src/stm32f10x_exti.c ****       EXTI->FTSR |= EXTI_InitStruct->EXTI_Line;
 169              		.loc 1 132 0
 170 0088 1549     		ldr	r1, .L9
 171 008a 154B     		ldr	r3, .L9
 172 008c DA68     		ldr	r2, [r3, #12]
 173 008e 7B68     		ldr	r3, [r7, #4]
 174 0090 1B68     		ldr	r3, [r3]
 175 0092 1343     		orrs	r3, r3, r2
 176 0094 CB60     		str	r3, [r1, #12]
 177 0096 1DE0     		b	.L4
 178              	.L6:
 133:/home/virusv/usart/Libraries/src/stm32f10x_exti.c ****     }
 134:/home/virusv/usart/Libraries/src/stm32f10x_exti.c ****     else
 135:/home/virusv/usart/Libraries/src/stm32f10x_exti.c ****     {
 136:/home/virusv/usart/Libraries/src/stm32f10x_exti.c ****       tmp = (uint32_t)EXTI_BASE;
 179              		.loc 1 136 0
 180 0098 114B     		ldr	r3, .L9
 181 009a FB60     		str	r3, [r7, #12]
 137:/home/virusv/usart/Libraries/src/stm32f10x_exti.c ****       tmp += EXTI_InitStruct->EXTI_Trigger;
 182              		.loc 1 137 0
 183 009c 7B68     		ldr	r3, [r7, #4]
 184 009e 5B79     		ldrb	r3, [r3, #5]	@ zero_extendqisi2
 185 00a0 1A46     		mov	r2, r3
 186 00a2 FB68     		ldr	r3, [r7, #12]
 187 00a4 1344     		add	r3, r3, r2
 188 00a6 FB60     		str	r3, [r7, #12]
 138:/home/virusv/usart/Libraries/src/stm32f10x_exti.c **** 
 139:/home/virusv/usart/Libraries/src/stm32f10x_exti.c ****       *(__IO uint32_t *) tmp |= EXTI_InitStruct->EXTI_Line;
 189              		.loc 1 139 0
 190 00a8 FB68     		ldr	r3, [r7, #12]
 191 00aa FA68     		ldr	r2, [r7, #12]
 192 00ac 1168     		ldr	r1, [r2]
 193 00ae 7A68     		ldr	r2, [r7, #4]
 194 00b0 1268     		ldr	r2, [r2]
 195 00b2 0A43     		orrs	r2, r2, r1
 196 00b4 1A60     		str	r2, [r3]
 197 00b6 0DE0     		b	.L4
 198              	.L5:
 140:/home/virusv/usart/Libraries/src/stm32f10x_exti.c ****     }
 141:/home/virusv/usart/Libraries/src/stm32f10x_exti.c ****   }
 142:/home/virusv/usart/Libraries/src/stm32f10x_exti.c ****   else
 143:/home/virusv/usart/Libraries/src/stm32f10x_exti.c ****   {
 144:/home/virusv/usart/Libraries/src/stm32f10x_exti.c ****     tmp += EXTI_InitStruct->EXTI_Mode;
 199              		.loc 1 144 0
 200 00b8 7B68     		ldr	r3, [r7, #4]
 201 00ba 1B79     		ldrb	r3, [r3, #4]	@ zero_extendqisi2
 202 00bc 1A46     		mov	r2, r3
 203 00be FB68     		ldr	r3, [r7, #12]
 204 00c0 1344     		add	r3, r3, r2
 205 00c2 FB60     		str	r3, [r7, #12]
 145:/home/virusv/usart/Libraries/src/stm32f10x_exti.c **** 
 146:/home/virusv/usart/Libraries/src/stm32f10x_exti.c ****     /* Disable the selected external lines */
 147:/home/virusv/usart/Libraries/src/stm32f10x_exti.c ****     *(__IO uint32_t *) tmp &= ~EXTI_InitStruct->EXTI_Line;
 206              		.loc 1 147 0
 207 00c4 FB68     		ldr	r3, [r7, #12]
 208 00c6 FA68     		ldr	r2, [r7, #12]
 209 00c8 1168     		ldr	r1, [r2]
 210 00ca 7A68     		ldr	r2, [r7, #4]
 211 00cc 1268     		ldr	r2, [r2]
 212 00ce D243     		mvns	r2, r2
 213 00d0 0A40     		ands	r2, r2, r1
 214 00d2 1A60     		str	r2, [r3]
 215              	.L4:
 148:/home/virusv/usart/Libraries/src/stm32f10x_exti.c ****   }
 149:/home/virusv/usart/Libraries/src/stm32f10x_exti.c **** }
 216              		.loc 1 149 0
 217 00d4 1437     		adds	r7, r7, #20
 218              		.cfi_def_cfa_offset 4
 219 00d6 BD46     		mov	sp, r7
 220              		.cfi_def_cfa_register 13
 221              		@ sp needed
 222 00d8 5DF8047B 		ldr	r7, [sp], #4
 223              		.cfi_restore 7
 224              		.cfi_def_cfa_offset 0
 225 00dc 7047     		bx	lr
 226              	.L10:
 227 00de 00BF     		.align	2
 228              	.L9:
 229 00e0 00040140 		.word	1073808384
 230              		.cfi_endproc
 231              	.LFE30:
 233              		.section	.text.EXTI_StructInit,"ax",%progbits
 234              		.align	2
 235              		.global	EXTI_StructInit
 236              		.thumb
 237              		.thumb_func
 239              	EXTI_StructInit:
 240              	.LFB31:
 150:/home/virusv/usart/Libraries/src/stm32f10x_exti.c **** 
 151:/home/virusv/usart/Libraries/src/stm32f10x_exti.c **** /**
 152:/home/virusv/usart/Libraries/src/stm32f10x_exti.c ****   * @brief  Fills each EXTI_InitStruct member with its reset value.
 153:/home/virusv/usart/Libraries/src/stm32f10x_exti.c ****   * @param  EXTI_InitStruct: pointer to a EXTI_InitTypeDef structure which will
 154:/home/virusv/usart/Libraries/src/stm32f10x_exti.c ****   *         be initialized.
 155:/home/virusv/usart/Libraries/src/stm32f10x_exti.c ****   * @retval None
 156:/home/virusv/usart/Libraries/src/stm32f10x_exti.c ****   */
 157:/home/virusv/usart/Libraries/src/stm32f10x_exti.c **** void EXTI_StructInit(EXTI_InitTypeDef* EXTI_InitStruct)
 158:/home/virusv/usart/Libraries/src/stm32f10x_exti.c **** {
 241              		.loc 1 158 0
 242              		.cfi_startproc
 243              		@ args = 0, pretend = 0, frame = 8
 244              		@ frame_needed = 1, uses_anonymous_args = 0
 245              		@ link register save eliminated.
 246 0000 80B4     		push	{r7}
 247              		.cfi_def_cfa_offset 4
 248              		.cfi_offset 7, -4
 249 0002 83B0     		sub	sp, sp, #12
 250              		.cfi_def_cfa_offset 16
 251 0004 00AF     		add	r7, sp, #0
 252              		.cfi_def_cfa_register 7
 253 0006 7860     		str	r0, [r7, #4]
 159:/home/virusv/usart/Libraries/src/stm32f10x_exti.c ****   EXTI_InitStruct->EXTI_Line = EXTI_LINENONE;
 254              		.loc 1 159 0
 255 0008 7B68     		ldr	r3, [r7, #4]
 256 000a 0022     		movs	r2, #0
 257 000c 1A60     		str	r2, [r3]
 160:/home/virusv/usart/Libraries/src/stm32f10x_exti.c ****   EXTI_InitStruct->EXTI_Mode = EXTI_Mode_Interrupt;
 258              		.loc 1 160 0
 259 000e 7B68     		ldr	r3, [r7, #4]
 260 0010 0022     		movs	r2, #0
 261 0012 1A71     		strb	r2, [r3, #4]
 161:/home/virusv/usart/Libraries/src/stm32f10x_exti.c ****   EXTI_InitStruct->EXTI_Trigger = EXTI_Trigger_Falling;
 262              		.loc 1 161 0
 263 0014 7B68     		ldr	r3, [r7, #4]
 264 0016 0C22     		movs	r2, #12
 265 0018 5A71     		strb	r2, [r3, #5]
 162:/home/virusv/usart/Libraries/src/stm32f10x_exti.c ****   EXTI_InitStruct->EXTI_LineCmd = DISABLE;
 266              		.loc 1 162 0
 267 001a 7B68     		ldr	r3, [r7, #4]
 268 001c 0022     		movs	r2, #0
 269 001e 9A71     		strb	r2, [r3, #6]
 163:/home/virusv/usart/Libraries/src/stm32f10x_exti.c **** }
 270              		.loc 1 163 0
 271 0020 0C37     		adds	r7, r7, #12
 272              		.cfi_def_cfa_offset 4
 273 0022 BD46     		mov	sp, r7
 274              		.cfi_def_cfa_register 13
 275              		@ sp needed
 276 0024 5DF8047B 		ldr	r7, [sp], #4
 277              		.cfi_restore 7
 278              		.cfi_def_cfa_offset 0
 279 0028 7047     		bx	lr
 280              		.cfi_endproc
 281              	.LFE31:
 283 002a 00BF     		.section	.text.EXTI_GenerateSWInterrupt,"ax",%progbits
 284              		.align	2
 285              		.global	EXTI_GenerateSWInterrupt
 286              		.thumb
 287              		.thumb_func
 289              	EXTI_GenerateSWInterrupt:
 290              	.LFB32:
 164:/home/virusv/usart/Libraries/src/stm32f10x_exti.c **** 
 165:/home/virusv/usart/Libraries/src/stm32f10x_exti.c **** /**
 166:/home/virusv/usart/Libraries/src/stm32f10x_exti.c ****   * @brief  Generates a Software interrupt.
 167:/home/virusv/usart/Libraries/src/stm32f10x_exti.c ****   * @param  EXTI_Line: specifies the EXTI lines to be enabled or disabled.
 168:/home/virusv/usart/Libraries/src/stm32f10x_exti.c ****   *   This parameter can be any combination of EXTI_Linex where x can be (0..19).
 169:/home/virusv/usart/Libraries/src/stm32f10x_exti.c ****   * @retval None
 170:/home/virusv/usart/Libraries/src/stm32f10x_exti.c ****   */
 171:/home/virusv/usart/Libraries/src/stm32f10x_exti.c **** void EXTI_GenerateSWInterrupt(uint32_t EXTI_Line)
 172:/home/virusv/usart/Libraries/src/stm32f10x_exti.c **** {
 291              		.loc 1 172 0
 292              		.cfi_startproc
 293              		@ args = 0, pretend = 0, frame = 8
 294              		@ frame_needed = 1, uses_anonymous_args = 0
 295              		@ link register save eliminated.
 296 0000 80B4     		push	{r7}
 297              		.cfi_def_cfa_offset 4
 298              		.cfi_offset 7, -4
 299 0002 83B0     		sub	sp, sp, #12
 300              		.cfi_def_cfa_offset 16
 301 0004 00AF     		add	r7, sp, #0
 302              		.cfi_def_cfa_register 7
 303 0006 7860     		str	r0, [r7, #4]
 173:/home/virusv/usart/Libraries/src/stm32f10x_exti.c ****   /* Check the parameters */
 174:/home/virusv/usart/Libraries/src/stm32f10x_exti.c ****   assert_param(IS_EXTI_LINE(EXTI_Line));
 175:/home/virusv/usart/Libraries/src/stm32f10x_exti.c ****   
 176:/home/virusv/usart/Libraries/src/stm32f10x_exti.c ****   EXTI->SWIER |= EXTI_Line;
 304              		.loc 1 176 0
 305 0008 0549     		ldr	r1, .L13
 306 000a 054B     		ldr	r3, .L13
 307 000c 1A69     		ldr	r2, [r3, #16]
 308 000e 7B68     		ldr	r3, [r7, #4]
 309 0010 1343     		orrs	r3, r3, r2
 310 0012 0B61     		str	r3, [r1, #16]
 177:/home/virusv/usart/Libraries/src/stm32f10x_exti.c **** }
 311              		.loc 1 177 0
 312 0014 0C37     		adds	r7, r7, #12
 313              		.cfi_def_cfa_offset 4
 314 0016 BD46     		mov	sp, r7
 315              		.cfi_def_cfa_register 13
 316              		@ sp needed
 317 0018 5DF8047B 		ldr	r7, [sp], #4
 318              		.cfi_restore 7
 319              		.cfi_def_cfa_offset 0
 320 001c 7047     		bx	lr
 321              	.L14:
 322 001e 00BF     		.align	2
 323              	.L13:
 324 0020 00040140 		.word	1073808384
 325              		.cfi_endproc
 326              	.LFE32:
 328              		.section	.text.EXTI_GetFlagStatus,"ax",%progbits
 329              		.align	2
 330              		.global	EXTI_GetFlagStatus
 331              		.thumb
 332              		.thumb_func
 334              	EXTI_GetFlagStatus:
 335              	.LFB33:
 178:/home/virusv/usart/Libraries/src/stm32f10x_exti.c **** 
 179:/home/virusv/usart/Libraries/src/stm32f10x_exti.c **** /**
 180:/home/virusv/usart/Libraries/src/stm32f10x_exti.c ****   * @brief  Checks whether the specified EXTI line flag is set or not.
 181:/home/virusv/usart/Libraries/src/stm32f10x_exti.c ****   * @param  EXTI_Line: specifies the EXTI line flag to check.
 182:/home/virusv/usart/Libraries/src/stm32f10x_exti.c ****   *   This parameter can be:
 183:/home/virusv/usart/Libraries/src/stm32f10x_exti.c ****   *     @arg EXTI_Linex: External interrupt line x where x(0..19)
 184:/home/virusv/usart/Libraries/src/stm32f10x_exti.c ****   * @retval The new state of EXTI_Line (SET or RESET).
 185:/home/virusv/usart/Libraries/src/stm32f10x_exti.c ****   */
 186:/home/virusv/usart/Libraries/src/stm32f10x_exti.c **** FlagStatus EXTI_GetFlagStatus(uint32_t EXTI_Line)
 187:/home/virusv/usart/Libraries/src/stm32f10x_exti.c **** {
 336              		.loc 1 187 0
 337              		.cfi_startproc
 338              		@ args = 0, pretend = 0, frame = 16
 339              		@ frame_needed = 1, uses_anonymous_args = 0
 340              		@ link register save eliminated.
 341 0000 80B4     		push	{r7}
 342              		.cfi_def_cfa_offset 4
 343              		.cfi_offset 7, -4
 344 0002 85B0     		sub	sp, sp, #20
 345              		.cfi_def_cfa_offset 24
 346 0004 00AF     		add	r7, sp, #0
 347              		.cfi_def_cfa_register 7
 348 0006 7860     		str	r0, [r7, #4]
 188:/home/virusv/usart/Libraries/src/stm32f10x_exti.c ****   FlagStatus bitstatus = RESET;
 349              		.loc 1 188 0
 350 0008 0023     		movs	r3, #0
 351 000a FB73     		strb	r3, [r7, #15]
 189:/home/virusv/usart/Libraries/src/stm32f10x_exti.c ****   /* Check the parameters */
 190:/home/virusv/usart/Libraries/src/stm32f10x_exti.c ****   assert_param(IS_GET_EXTI_LINE(EXTI_Line));
 191:/home/virusv/usart/Libraries/src/stm32f10x_exti.c ****   
 192:/home/virusv/usart/Libraries/src/stm32f10x_exti.c ****   if ((EXTI->PR & EXTI_Line) != (uint32_t)RESET)
 352              		.loc 1 192 0
 353 000c 084B     		ldr	r3, .L19
 354 000e 5A69     		ldr	r2, [r3, #20]
 355 0010 7B68     		ldr	r3, [r7, #4]
 356 0012 1340     		ands	r3, r3, r2
 357 0014 002B     		cmp	r3, #0
 358 0016 02D0     		beq	.L16
 193:/home/virusv/usart/Libraries/src/stm32f10x_exti.c ****   {
 194:/home/virusv/usart/Libraries/src/stm32f10x_exti.c ****     bitstatus = SET;
 359              		.loc 1 194 0
 360 0018 0123     		movs	r3, #1
 361 001a FB73     		strb	r3, [r7, #15]
 362 001c 01E0     		b	.L17
 363              	.L16:
 195:/home/virusv/usart/Libraries/src/stm32f10x_exti.c ****   }
 196:/home/virusv/usart/Libraries/src/stm32f10x_exti.c ****   else
 197:/home/virusv/usart/Libraries/src/stm32f10x_exti.c ****   {
 198:/home/virusv/usart/Libraries/src/stm32f10x_exti.c ****     bitstatus = RESET;
 364              		.loc 1 198 0
 365 001e 0023     		movs	r3, #0
 366 0020 FB73     		strb	r3, [r7, #15]
 367              	.L17:
 199:/home/virusv/usart/Libraries/src/stm32f10x_exti.c ****   }
 200:/home/virusv/usart/Libraries/src/stm32f10x_exti.c ****   return bitstatus;
 368              		.loc 1 200 0
 369 0022 FB7B     		ldrb	r3, [r7, #15]	@ zero_extendqisi2
 201:/home/virusv/usart/Libraries/src/stm32f10x_exti.c **** }
 370              		.loc 1 201 0
 371 0024 1846     		mov	r0, r3
 372 0026 1437     		adds	r7, r7, #20
 373              		.cfi_def_cfa_offset 4
 374 0028 BD46     		mov	sp, r7
 375              		.cfi_def_cfa_register 13
 376              		@ sp needed
 377 002a 5DF8047B 		ldr	r7, [sp], #4
 378              		.cfi_restore 7
 379              		.cfi_def_cfa_offset 0
 380 002e 7047     		bx	lr
 381              	.L20:
 382              		.align	2
 383              	.L19:
 384 0030 00040140 		.word	1073808384
 385              		.cfi_endproc
 386              	.LFE33:
 388              		.section	.text.EXTI_ClearFlag,"ax",%progbits
 389              		.align	2
 390              		.global	EXTI_ClearFlag
 391              		.thumb
 392              		.thumb_func
 394              	EXTI_ClearFlag:
 395              	.LFB34:
 202:/home/virusv/usart/Libraries/src/stm32f10x_exti.c **** 
 203:/home/virusv/usart/Libraries/src/stm32f10x_exti.c **** /**
 204:/home/virusv/usart/Libraries/src/stm32f10x_exti.c ****   * @brief  Clears the EXTI's line pending flags.
 205:/home/virusv/usart/Libraries/src/stm32f10x_exti.c ****   * @param  EXTI_Line: specifies the EXTI lines flags to clear.
 206:/home/virusv/usart/Libraries/src/stm32f10x_exti.c ****   *   This parameter can be any combination of EXTI_Linex where x can be (0..19).
 207:/home/virusv/usart/Libraries/src/stm32f10x_exti.c ****   * @retval None
 208:/home/virusv/usart/Libraries/src/stm32f10x_exti.c ****   */
 209:/home/virusv/usart/Libraries/src/stm32f10x_exti.c **** void EXTI_ClearFlag(uint32_t EXTI_Line)
 210:/home/virusv/usart/Libraries/src/stm32f10x_exti.c **** {
 396              		.loc 1 210 0
 397              		.cfi_startproc
 398              		@ args = 0, pretend = 0, frame = 8
 399              		@ frame_needed = 1, uses_anonymous_args = 0
 400              		@ link register save eliminated.
 401 0000 80B4     		push	{r7}
 402              		.cfi_def_cfa_offset 4
 403              		.cfi_offset 7, -4
 404 0002 83B0     		sub	sp, sp, #12
 405              		.cfi_def_cfa_offset 16
 406 0004 00AF     		add	r7, sp, #0
 407              		.cfi_def_cfa_register 7
 408 0006 7860     		str	r0, [r7, #4]
 211:/home/virusv/usart/Libraries/src/stm32f10x_exti.c ****   /* Check the parameters */
 212:/home/virusv/usart/Libraries/src/stm32f10x_exti.c ****   assert_param(IS_EXTI_LINE(EXTI_Line));
 213:/home/virusv/usart/Libraries/src/stm32f10x_exti.c ****   
 214:/home/virusv/usart/Libraries/src/stm32f10x_exti.c ****   EXTI->PR = EXTI_Line;
 409              		.loc 1 214 0
 410 0008 034A     		ldr	r2, .L22
 411 000a 7B68     		ldr	r3, [r7, #4]
 412 000c 5361     		str	r3, [r2, #20]
 215:/home/virusv/usart/Libraries/src/stm32f10x_exti.c **** }
 413              		.loc 1 215 0
 414 000e 0C37     		adds	r7, r7, #12
 415              		.cfi_def_cfa_offset 4
 416 0010 BD46     		mov	sp, r7
 417              		.cfi_def_cfa_register 13
 418              		@ sp needed
 419 0012 5DF8047B 		ldr	r7, [sp], #4
 420              		.cfi_restore 7
 421              		.cfi_def_cfa_offset 0
 422 0016 7047     		bx	lr
 423              	.L23:
 424              		.align	2
 425              	.L22:
 426 0018 00040140 		.word	1073808384
 427              		.cfi_endproc
 428              	.LFE34:
 430              		.section	.text.EXTI_GetITStatus,"ax",%progbits
 431              		.align	2
 432              		.global	EXTI_GetITStatus
 433              		.thumb
 434              		.thumb_func
 436              	EXTI_GetITStatus:
 437              	.LFB35:
 216:/home/virusv/usart/Libraries/src/stm32f10x_exti.c **** 
 217:/home/virusv/usart/Libraries/src/stm32f10x_exti.c **** /**
 218:/home/virusv/usart/Libraries/src/stm32f10x_exti.c ****   * @brief  Checks whether the specified EXTI line is asserted or not.
 219:/home/virusv/usart/Libraries/src/stm32f10x_exti.c ****   * @param  EXTI_Line: specifies the EXTI line to check.
 220:/home/virusv/usart/Libraries/src/stm32f10x_exti.c ****   *   This parameter can be:
 221:/home/virusv/usart/Libraries/src/stm32f10x_exti.c ****   *     @arg EXTI_Linex: External interrupt line x where x(0..19)
 222:/home/virusv/usart/Libraries/src/stm32f10x_exti.c ****   * @retval The new state of EXTI_Line (SET or RESET).
 223:/home/virusv/usart/Libraries/src/stm32f10x_exti.c ****   */
 224:/home/virusv/usart/Libraries/src/stm32f10x_exti.c **** ITStatus EXTI_GetITStatus(uint32_t EXTI_Line)
 225:/home/virusv/usart/Libraries/src/stm32f10x_exti.c **** {
 438              		.loc 1 225 0
 439              		.cfi_startproc
 440              		@ args = 0, pretend = 0, frame = 16
 441              		@ frame_needed = 1, uses_anonymous_args = 0
 442              		@ link register save eliminated.
 443 0000 80B4     		push	{r7}
 444              		.cfi_def_cfa_offset 4
 445              		.cfi_offset 7, -4
 446 0002 85B0     		sub	sp, sp, #20
 447              		.cfi_def_cfa_offset 24
 448 0004 00AF     		add	r7, sp, #0
 449              		.cfi_def_cfa_register 7
 450 0006 7860     		str	r0, [r7, #4]
 226:/home/virusv/usart/Libraries/src/stm32f10x_exti.c ****   ITStatus bitstatus = RESET;
 451              		.loc 1 226 0
 452 0008 0023     		movs	r3, #0
 453 000a FB73     		strb	r3, [r7, #15]
 227:/home/virusv/usart/Libraries/src/stm32f10x_exti.c ****   uint32_t enablestatus = 0;
 454              		.loc 1 227 0
 455 000c 0023     		movs	r3, #0
 456 000e BB60     		str	r3, [r7, #8]
 228:/home/virusv/usart/Libraries/src/stm32f10x_exti.c ****   /* Check the parameters */
 229:/home/virusv/usart/Libraries/src/stm32f10x_exti.c ****   assert_param(IS_GET_EXTI_LINE(EXTI_Line));
 230:/home/virusv/usart/Libraries/src/stm32f10x_exti.c ****   
 231:/home/virusv/usart/Libraries/src/stm32f10x_exti.c ****   enablestatus =  EXTI->IMR & EXTI_Line;
 457              		.loc 1 231 0
 458 0010 0C4B     		ldr	r3, .L28
 459 0012 1A68     		ldr	r2, [r3]
 460 0014 7B68     		ldr	r3, [r7, #4]
 461 0016 1340     		ands	r3, r3, r2
 462 0018 BB60     		str	r3, [r7, #8]
 232:/home/virusv/usart/Libraries/src/stm32f10x_exti.c ****   if (((EXTI->PR & EXTI_Line) != (uint32_t)RESET) && (enablestatus != (uint32_t)RESET))
 463              		.loc 1 232 0
 464 001a 0A4B     		ldr	r3, .L28
 465 001c 5A69     		ldr	r2, [r3, #20]
 466 001e 7B68     		ldr	r3, [r7, #4]
 467 0020 1340     		ands	r3, r3, r2
 468 0022 002B     		cmp	r3, #0
 469 0024 05D0     		beq	.L25
 470              		.loc 1 232 0 is_stmt 0 discriminator 1
 471 0026 BB68     		ldr	r3, [r7, #8]
 472 0028 002B     		cmp	r3, #0
 473 002a 02D0     		beq	.L25
 233:/home/virusv/usart/Libraries/src/stm32f10x_exti.c ****   {
 234:/home/virusv/usart/Libraries/src/stm32f10x_exti.c ****     bitstatus = SET;
 474              		.loc 1 234 0 is_stmt 1
 475 002c 0123     		movs	r3, #1
 476 002e FB73     		strb	r3, [r7, #15]
 477 0030 01E0     		b	.L26
 478              	.L25:
 235:/home/virusv/usart/Libraries/src/stm32f10x_exti.c ****   }
 236:/home/virusv/usart/Libraries/src/stm32f10x_exti.c ****   else
 237:/home/virusv/usart/Libraries/src/stm32f10x_exti.c ****   {
 238:/home/virusv/usart/Libraries/src/stm32f10x_exti.c ****     bitstatus = RESET;
 479              		.loc 1 238 0
 480 0032 0023     		movs	r3, #0
 481 0034 FB73     		strb	r3, [r7, #15]
 482              	.L26:
 239:/home/virusv/usart/Libraries/src/stm32f10x_exti.c ****   }
 240:/home/virusv/usart/Libraries/src/stm32f10x_exti.c ****   return bitstatus;
 483              		.loc 1 240 0
 484 0036 FB7B     		ldrb	r3, [r7, #15]	@ zero_extendqisi2
 241:/home/virusv/usart/Libraries/src/stm32f10x_exti.c **** }
 485              		.loc 1 241 0
 486 0038 1846     		mov	r0, r3
 487 003a 1437     		adds	r7, r7, #20
 488              		.cfi_def_cfa_offset 4
 489 003c BD46     		mov	sp, r7
 490              		.cfi_def_cfa_register 13
 491              		@ sp needed
 492 003e 5DF8047B 		ldr	r7, [sp], #4
 493              		.cfi_restore 7
 494              		.cfi_def_cfa_offset 0
 495 0042 7047     		bx	lr
 496              	.L29:
 497              		.align	2
 498              	.L28:
 499 0044 00040140 		.word	1073808384
 500              		.cfi_endproc
 501              	.LFE35:
 503              		.section	.text.EXTI_ClearITPendingBit,"ax",%progbits
 504              		.align	2
 505              		.global	EXTI_ClearITPendingBit
 506              		.thumb
 507              		.thumb_func
 509              	EXTI_ClearITPendingBit:
 510              	.LFB36:
 242:/home/virusv/usart/Libraries/src/stm32f10x_exti.c **** 
 243:/home/virusv/usart/Libraries/src/stm32f10x_exti.c **** /**
 244:/home/virusv/usart/Libraries/src/stm32f10x_exti.c ****   * @brief  Clears the EXTI's line pending bits.
 245:/home/virusv/usart/Libraries/src/stm32f10x_exti.c ****   * @param  EXTI_Line: specifies the EXTI lines to clear.
 246:/home/virusv/usart/Libraries/src/stm32f10x_exti.c ****   *   This parameter can be any combination of EXTI_Linex where x can be (0..19).
 247:/home/virusv/usart/Libraries/src/stm32f10x_exti.c ****   * @retval None
 248:/home/virusv/usart/Libraries/src/stm32f10x_exti.c ****   */
 249:/home/virusv/usart/Libraries/src/stm32f10x_exti.c **** void EXTI_ClearITPendingBit(uint32_t EXTI_Line)
 250:/home/virusv/usart/Libraries/src/stm32f10x_exti.c **** {
 511              		.loc 1 250 0
 512              		.cfi_startproc
 513              		@ args = 0, pretend = 0, frame = 8
 514              		@ frame_needed = 1, uses_anonymous_args = 0
 515              		@ link register save eliminated.
 516 0000 80B4     		push	{r7}
 517              		.cfi_def_cfa_offset 4
 518              		.cfi_offset 7, -4
 519 0002 83B0     		sub	sp, sp, #12
 520              		.cfi_def_cfa_offset 16
 521 0004 00AF     		add	r7, sp, #0
 522              		.cfi_def_cfa_register 7
 523 0006 7860     		str	r0, [r7, #4]
 251:/home/virusv/usart/Libraries/src/stm32f10x_exti.c ****   /* Check the parameters */
 252:/home/virusv/usart/Libraries/src/stm32f10x_exti.c ****   assert_param(IS_EXTI_LINE(EXTI_Line));
 253:/home/virusv/usart/Libraries/src/stm32f10x_exti.c ****   
 254:/home/virusv/usart/Libraries/src/stm32f10x_exti.c ****   EXTI->PR = EXTI_Line;
 524              		.loc 1 254 0
 525 0008 034A     		ldr	r2, .L31
 526 000a 7B68     		ldr	r3, [r7, #4]
 527 000c 5361     		str	r3, [r2, #20]
 255:/home/virusv/usart/Libraries/src/stm32f10x_exti.c **** }
 528              		.loc 1 255 0
 529 000e 0C37     		adds	r7, r7, #12
 530              		.cfi_def_cfa_offset 4
 531 0010 BD46     		mov	sp, r7
 532              		.cfi_def_cfa_register 13
 533              		@ sp needed
 534 0012 5DF8047B 		ldr	r7, [sp], #4
 535              		.cfi_restore 7
 536              		.cfi_def_cfa_offset 0
 537 0016 7047     		bx	lr
 538              	.L32:
 539              		.align	2
 540              	.L31:
 541 0018 00040140 		.word	1073808384
 542              		.cfi_endproc
 543              	.LFE36:
 545              		.text
 546              	.Letext0:
 547              		.file 2 "/usr/include/newlib/machine/_default_types.h"
 548              		.file 3 "/usr/include/newlib/sys/_stdint.h"
 549              		.file 4 "/home/virusv/usart/CMSIS/CM3/DeviceSupport/ST/STM32F10x/stm32f10x.h"
 550              		.file 5 "/home/virusv/usart/Libraries/inc/stm32f10x_exti.h"
 551              		.file 6 "/home/virusv/usart/CMSIS/CM3/CoreSupport/core_cm3.h"
DEFINED SYMBOLS
                            *ABS*:0000000000000000 stm32f10x_exti.c
     /tmp/ccQiV2mk.s:19     .text.EXTI_DeInit:0000000000000000 $t
     /tmp/ccQiV2mk.s:24     .text.EXTI_DeInit:0000000000000000 EXTI_DeInit
     /tmp/ccQiV2mk.s:68     .text.EXTI_DeInit:000000000000002c $d
     /tmp/ccQiV2mk.s:74     .text.EXTI_Init:0000000000000000 $t
     /tmp/ccQiV2mk.s:79     .text.EXTI_Init:0000000000000000 EXTI_Init
     /tmp/ccQiV2mk.s:229    .text.EXTI_Init:00000000000000e0 $d
     /tmp/ccQiV2mk.s:234    .text.EXTI_StructInit:0000000000000000 $t
     /tmp/ccQiV2mk.s:239    .text.EXTI_StructInit:0000000000000000 EXTI_StructInit
     /tmp/ccQiV2mk.s:284    .text.EXTI_GenerateSWInterrupt:0000000000000000 $t
     /tmp/ccQiV2mk.s:289    .text.EXTI_GenerateSWInterrupt:0000000000000000 EXTI_GenerateSWInterrupt
     /tmp/ccQiV2mk.s:324    .text.EXTI_GenerateSWInterrupt:0000000000000020 $d
     /tmp/ccQiV2mk.s:329    .text.EXTI_GetFlagStatus:0000000000000000 $t
     /tmp/ccQiV2mk.s:334    .text.EXTI_GetFlagStatus:0000000000000000 EXTI_GetFlagStatus
     /tmp/ccQiV2mk.s:384    .text.EXTI_GetFlagStatus:0000000000000030 $d
     /tmp/ccQiV2mk.s:389    .text.EXTI_ClearFlag:0000000000000000 $t
     /tmp/ccQiV2mk.s:394    .text.EXTI_ClearFlag:0000000000000000 EXTI_ClearFlag
     /tmp/ccQiV2mk.s:426    .text.EXTI_ClearFlag:0000000000000018 $d
     /tmp/ccQiV2mk.s:431    .text.EXTI_GetITStatus:0000000000000000 $t
     /tmp/ccQiV2mk.s:436    .text.EXTI_GetITStatus:0000000000000000 EXTI_GetITStatus
     /tmp/ccQiV2mk.s:499    .text.EXTI_GetITStatus:0000000000000044 $d
     /tmp/ccQiV2mk.s:504    .text.EXTI_ClearITPendingBit:0000000000000000 $t
     /tmp/ccQiV2mk.s:509    .text.EXTI_ClearITPendingBit:0000000000000000 EXTI_ClearITPendingBit
     /tmp/ccQiV2mk.s:541    .text.EXTI_ClearITPendingBit:0000000000000018 $d
                     .debug_frame:0000000000000010 $d

NO UNDEFINED SYMBOLS
