   1              		.syntax unified
   2              		.cpu cortex-m3
   3              		.fpu softvfp
   4              		.eabi_attribute 20, 1
   5              		.eabi_attribute 21, 1
   6              		.eabi_attribute 23, 3
   7              		.eabi_attribute 24, 1
   8              		.eabi_attribute 25, 1
   9              		.eabi_attribute 26, 1
  10              		.eabi_attribute 30, 6
  11              		.eabi_attribute 34, 1
  12              		.eabi_attribute 18, 4
  13              		.thumb
  14              		.file	"stm32f10x_bkp.c"
  15              		.text
  16              	.Ltext0:
  17              		.cfi_sections	.debug_frame
  18              		.section	.text.BKP_DeInit,"ax",%progbits
  19              		.align	2
  20              		.global	BKP_DeInit
  21              		.thumb
  22              		.thumb_func
  24              	BKP_DeInit:
  25              	.LFB29:
  26              		.file 1 "/home/virusv/usart/Libraries/src/stm32f10x_bkp.c"
   1:/home/virusv/usart/Libraries/src/stm32f10x_bkp.c **** /**
   2:/home/virusv/usart/Libraries/src/stm32f10x_bkp.c ****   ******************************************************************************
   3:/home/virusv/usart/Libraries/src/stm32f10x_bkp.c ****   * @file    stm32f10x_bkp.c
   4:/home/virusv/usart/Libraries/src/stm32f10x_bkp.c ****   * @author  MCD Application Team
   5:/home/virusv/usart/Libraries/src/stm32f10x_bkp.c ****   * @version V3.5.0
   6:/home/virusv/usart/Libraries/src/stm32f10x_bkp.c ****   * @date    11-March-2011
   7:/home/virusv/usart/Libraries/src/stm32f10x_bkp.c ****   * @brief   This file provides all the BKP firmware functions.
   8:/home/virusv/usart/Libraries/src/stm32f10x_bkp.c ****   ******************************************************************************
   9:/home/virusv/usart/Libraries/src/stm32f10x_bkp.c ****   * @attention
  10:/home/virusv/usart/Libraries/src/stm32f10x_bkp.c ****   *
  11:/home/virusv/usart/Libraries/src/stm32f10x_bkp.c ****   * THE PRESENT FIRMWARE WHICH IS FOR GUIDANCE ONLY AIMS AT PROVIDING CUSTOMERS
  12:/home/virusv/usart/Libraries/src/stm32f10x_bkp.c ****   * WITH CODING INFORMATION REGARDING THEIR PRODUCTS IN ORDER FOR THEM TO SAVE
  13:/home/virusv/usart/Libraries/src/stm32f10x_bkp.c ****   * TIME. AS A RESULT, STMICROELECTRONICS SHALL NOT BE HELD LIABLE FOR ANY
  14:/home/virusv/usart/Libraries/src/stm32f10x_bkp.c ****   * DIRECT, INDIRECT OR CONSEQUENTIAL DAMAGES WITH RESPECT TO ANY CLAIMS ARISING
  15:/home/virusv/usart/Libraries/src/stm32f10x_bkp.c ****   * FROM THE CONTENT OF SUCH FIRMWARE AND/OR THE USE MADE BY CUSTOMERS OF THE
  16:/home/virusv/usart/Libraries/src/stm32f10x_bkp.c ****   * CODING INFORMATION CONTAINED HEREIN IN CONNECTION WITH THEIR PRODUCTS.
  17:/home/virusv/usart/Libraries/src/stm32f10x_bkp.c ****   *
  18:/home/virusv/usart/Libraries/src/stm32f10x_bkp.c ****   * <h2><center>&copy; COPYRIGHT 2011 STMicroelectronics</center></h2>
  19:/home/virusv/usart/Libraries/src/stm32f10x_bkp.c ****   ******************************************************************************
  20:/home/virusv/usart/Libraries/src/stm32f10x_bkp.c ****   */
  21:/home/virusv/usart/Libraries/src/stm32f10x_bkp.c **** 
  22:/home/virusv/usart/Libraries/src/stm32f10x_bkp.c **** /* Includes ------------------------------------------------------------------*/
  23:/home/virusv/usart/Libraries/src/stm32f10x_bkp.c **** #include "stm32f10x_bkp.h"
  24:/home/virusv/usart/Libraries/src/stm32f10x_bkp.c **** #include "stm32f10x_rcc.h"
  25:/home/virusv/usart/Libraries/src/stm32f10x_bkp.c **** 
  26:/home/virusv/usart/Libraries/src/stm32f10x_bkp.c **** /** @addtogroup STM32F10x_StdPeriph_Driver
  27:/home/virusv/usart/Libraries/src/stm32f10x_bkp.c ****   * @{
  28:/home/virusv/usart/Libraries/src/stm32f10x_bkp.c ****   */
  29:/home/virusv/usart/Libraries/src/stm32f10x_bkp.c **** 
  30:/home/virusv/usart/Libraries/src/stm32f10x_bkp.c **** /** @defgroup BKP 
  31:/home/virusv/usart/Libraries/src/stm32f10x_bkp.c ****   * @brief BKP driver modules
  32:/home/virusv/usart/Libraries/src/stm32f10x_bkp.c ****   * @{
  33:/home/virusv/usart/Libraries/src/stm32f10x_bkp.c ****   */
  34:/home/virusv/usart/Libraries/src/stm32f10x_bkp.c **** 
  35:/home/virusv/usart/Libraries/src/stm32f10x_bkp.c **** /** @defgroup BKP_Private_TypesDefinitions
  36:/home/virusv/usart/Libraries/src/stm32f10x_bkp.c ****   * @{
  37:/home/virusv/usart/Libraries/src/stm32f10x_bkp.c ****   */
  38:/home/virusv/usart/Libraries/src/stm32f10x_bkp.c **** 
  39:/home/virusv/usart/Libraries/src/stm32f10x_bkp.c **** /**
  40:/home/virusv/usart/Libraries/src/stm32f10x_bkp.c ****   * @}
  41:/home/virusv/usart/Libraries/src/stm32f10x_bkp.c ****   */
  42:/home/virusv/usart/Libraries/src/stm32f10x_bkp.c **** 
  43:/home/virusv/usart/Libraries/src/stm32f10x_bkp.c **** /** @defgroup BKP_Private_Defines
  44:/home/virusv/usart/Libraries/src/stm32f10x_bkp.c ****   * @{
  45:/home/virusv/usart/Libraries/src/stm32f10x_bkp.c ****   */
  46:/home/virusv/usart/Libraries/src/stm32f10x_bkp.c **** 
  47:/home/virusv/usart/Libraries/src/stm32f10x_bkp.c **** /* ------------ BKP registers bit address in the alias region --------------- */
  48:/home/virusv/usart/Libraries/src/stm32f10x_bkp.c **** #define BKP_OFFSET        (BKP_BASE - PERIPH_BASE)
  49:/home/virusv/usart/Libraries/src/stm32f10x_bkp.c **** 
  50:/home/virusv/usart/Libraries/src/stm32f10x_bkp.c **** /* --- CR Register ----*/
  51:/home/virusv/usart/Libraries/src/stm32f10x_bkp.c **** 
  52:/home/virusv/usart/Libraries/src/stm32f10x_bkp.c **** /* Alias word address of TPAL bit */
  53:/home/virusv/usart/Libraries/src/stm32f10x_bkp.c **** #define CR_OFFSET         (BKP_OFFSET + 0x30)
  54:/home/virusv/usart/Libraries/src/stm32f10x_bkp.c **** #define TPAL_BitNumber    0x01
  55:/home/virusv/usart/Libraries/src/stm32f10x_bkp.c **** #define CR_TPAL_BB        (PERIPH_BB_BASE + (CR_OFFSET * 32) + (TPAL_BitNumber * 4))
  56:/home/virusv/usart/Libraries/src/stm32f10x_bkp.c **** 
  57:/home/virusv/usart/Libraries/src/stm32f10x_bkp.c **** /* Alias word address of TPE bit */
  58:/home/virusv/usart/Libraries/src/stm32f10x_bkp.c **** #define TPE_BitNumber     0x00
  59:/home/virusv/usart/Libraries/src/stm32f10x_bkp.c **** #define CR_TPE_BB         (PERIPH_BB_BASE + (CR_OFFSET * 32) + (TPE_BitNumber * 4))
  60:/home/virusv/usart/Libraries/src/stm32f10x_bkp.c **** 
  61:/home/virusv/usart/Libraries/src/stm32f10x_bkp.c **** /* --- CSR Register ---*/
  62:/home/virusv/usart/Libraries/src/stm32f10x_bkp.c **** 
  63:/home/virusv/usart/Libraries/src/stm32f10x_bkp.c **** /* Alias word address of TPIE bit */
  64:/home/virusv/usart/Libraries/src/stm32f10x_bkp.c **** #define CSR_OFFSET        (BKP_OFFSET + 0x34)
  65:/home/virusv/usart/Libraries/src/stm32f10x_bkp.c **** #define TPIE_BitNumber    0x02
  66:/home/virusv/usart/Libraries/src/stm32f10x_bkp.c **** #define CSR_TPIE_BB       (PERIPH_BB_BASE + (CSR_OFFSET * 32) + (TPIE_BitNumber * 4))
  67:/home/virusv/usart/Libraries/src/stm32f10x_bkp.c **** 
  68:/home/virusv/usart/Libraries/src/stm32f10x_bkp.c **** /* Alias word address of TIF bit */
  69:/home/virusv/usart/Libraries/src/stm32f10x_bkp.c **** #define TIF_BitNumber     0x09
  70:/home/virusv/usart/Libraries/src/stm32f10x_bkp.c **** #define CSR_TIF_BB        (PERIPH_BB_BASE + (CSR_OFFSET * 32) + (TIF_BitNumber * 4))
  71:/home/virusv/usart/Libraries/src/stm32f10x_bkp.c **** 
  72:/home/virusv/usart/Libraries/src/stm32f10x_bkp.c **** /* Alias word address of TEF bit */
  73:/home/virusv/usart/Libraries/src/stm32f10x_bkp.c **** #define TEF_BitNumber     0x08
  74:/home/virusv/usart/Libraries/src/stm32f10x_bkp.c **** #define CSR_TEF_BB        (PERIPH_BB_BASE + (CSR_OFFSET * 32) + (TEF_BitNumber * 4))
  75:/home/virusv/usart/Libraries/src/stm32f10x_bkp.c **** 
  76:/home/virusv/usart/Libraries/src/stm32f10x_bkp.c **** /* ---------------------- BKP registers bit mask ------------------------ */
  77:/home/virusv/usart/Libraries/src/stm32f10x_bkp.c **** 
  78:/home/virusv/usart/Libraries/src/stm32f10x_bkp.c **** /* RTCCR register bit mask */
  79:/home/virusv/usart/Libraries/src/stm32f10x_bkp.c **** #define RTCCR_CAL_MASK    ((uint16_t)0xFF80)
  80:/home/virusv/usart/Libraries/src/stm32f10x_bkp.c **** #define RTCCR_MASK        ((uint16_t)0xFC7F)
  81:/home/virusv/usart/Libraries/src/stm32f10x_bkp.c **** 
  82:/home/virusv/usart/Libraries/src/stm32f10x_bkp.c **** /**
  83:/home/virusv/usart/Libraries/src/stm32f10x_bkp.c ****   * @}
  84:/home/virusv/usart/Libraries/src/stm32f10x_bkp.c ****   */ 
  85:/home/virusv/usart/Libraries/src/stm32f10x_bkp.c **** 
  86:/home/virusv/usart/Libraries/src/stm32f10x_bkp.c **** 
  87:/home/virusv/usart/Libraries/src/stm32f10x_bkp.c **** /** @defgroup BKP_Private_Macros
  88:/home/virusv/usart/Libraries/src/stm32f10x_bkp.c ****   * @{
  89:/home/virusv/usart/Libraries/src/stm32f10x_bkp.c ****   */
  90:/home/virusv/usart/Libraries/src/stm32f10x_bkp.c **** 
  91:/home/virusv/usart/Libraries/src/stm32f10x_bkp.c **** /**
  92:/home/virusv/usart/Libraries/src/stm32f10x_bkp.c ****   * @}
  93:/home/virusv/usart/Libraries/src/stm32f10x_bkp.c ****   */
  94:/home/virusv/usart/Libraries/src/stm32f10x_bkp.c **** 
  95:/home/virusv/usart/Libraries/src/stm32f10x_bkp.c **** /** @defgroup BKP_Private_Variables
  96:/home/virusv/usart/Libraries/src/stm32f10x_bkp.c ****   * @{
  97:/home/virusv/usart/Libraries/src/stm32f10x_bkp.c ****   */
  98:/home/virusv/usart/Libraries/src/stm32f10x_bkp.c **** 
  99:/home/virusv/usart/Libraries/src/stm32f10x_bkp.c **** /**
 100:/home/virusv/usart/Libraries/src/stm32f10x_bkp.c ****   * @}
 101:/home/virusv/usart/Libraries/src/stm32f10x_bkp.c ****   */
 102:/home/virusv/usart/Libraries/src/stm32f10x_bkp.c **** 
 103:/home/virusv/usart/Libraries/src/stm32f10x_bkp.c **** /** @defgroup BKP_Private_FunctionPrototypes
 104:/home/virusv/usart/Libraries/src/stm32f10x_bkp.c ****   * @{
 105:/home/virusv/usart/Libraries/src/stm32f10x_bkp.c ****   */
 106:/home/virusv/usart/Libraries/src/stm32f10x_bkp.c **** 
 107:/home/virusv/usart/Libraries/src/stm32f10x_bkp.c **** /**
 108:/home/virusv/usart/Libraries/src/stm32f10x_bkp.c ****   * @}
 109:/home/virusv/usart/Libraries/src/stm32f10x_bkp.c ****   */
 110:/home/virusv/usart/Libraries/src/stm32f10x_bkp.c **** 
 111:/home/virusv/usart/Libraries/src/stm32f10x_bkp.c **** /** @defgroup BKP_Private_Functions
 112:/home/virusv/usart/Libraries/src/stm32f10x_bkp.c ****   * @{
 113:/home/virusv/usart/Libraries/src/stm32f10x_bkp.c ****   */
 114:/home/virusv/usart/Libraries/src/stm32f10x_bkp.c **** 
 115:/home/virusv/usart/Libraries/src/stm32f10x_bkp.c **** /**
 116:/home/virusv/usart/Libraries/src/stm32f10x_bkp.c ****   * @brief  Deinitializes the BKP peripheral registers to their default reset values.
 117:/home/virusv/usart/Libraries/src/stm32f10x_bkp.c ****   * @param  None
 118:/home/virusv/usart/Libraries/src/stm32f10x_bkp.c ****   * @retval None
 119:/home/virusv/usart/Libraries/src/stm32f10x_bkp.c ****   */
 120:/home/virusv/usart/Libraries/src/stm32f10x_bkp.c **** void BKP_DeInit(void)
 121:/home/virusv/usart/Libraries/src/stm32f10x_bkp.c **** {
  27              		.loc 1 121 0
  28              		.cfi_startproc
  29              		@ args = 0, pretend = 0, frame = 0
  30              		@ frame_needed = 1, uses_anonymous_args = 0
  31 0000 80B5     		push	{r7, lr}
  32              		.cfi_def_cfa_offset 8
  33              		.cfi_offset 7, -8
  34              		.cfi_offset 14, -4
  35 0002 00AF     		add	r7, sp, #0
  36              		.cfi_def_cfa_register 7
 122:/home/virusv/usart/Libraries/src/stm32f10x_bkp.c ****   RCC_BackupResetCmd(ENABLE);
  37              		.loc 1 122 0
  38 0004 0120     		movs	r0, #1
  39 0006 FFF7FEFF 		bl	RCC_BackupResetCmd
 123:/home/virusv/usart/Libraries/src/stm32f10x_bkp.c ****   RCC_BackupResetCmd(DISABLE);
  40              		.loc 1 123 0
  41 000a 0020     		movs	r0, #0
  42 000c FFF7FEFF 		bl	RCC_BackupResetCmd
 124:/home/virusv/usart/Libraries/src/stm32f10x_bkp.c **** }
  43              		.loc 1 124 0
  44 0010 80BD     		pop	{r7, pc}
  45              		.cfi_endproc
  46              	.LFE29:
  48 0012 00BF     		.section	.text.BKP_TamperPinLevelConfig,"ax",%progbits
  49              		.align	2
  50              		.global	BKP_TamperPinLevelConfig
  51              		.thumb
  52              		.thumb_func
  54              	BKP_TamperPinLevelConfig:
  55              	.LFB30:
 125:/home/virusv/usart/Libraries/src/stm32f10x_bkp.c **** 
 126:/home/virusv/usart/Libraries/src/stm32f10x_bkp.c **** /**
 127:/home/virusv/usart/Libraries/src/stm32f10x_bkp.c ****   * @brief  Configures the Tamper Pin active level.
 128:/home/virusv/usart/Libraries/src/stm32f10x_bkp.c ****   * @param  BKP_TamperPinLevel: specifies the Tamper Pin active level.
 129:/home/virusv/usart/Libraries/src/stm32f10x_bkp.c ****   *   This parameter can be one of the following values:
 130:/home/virusv/usart/Libraries/src/stm32f10x_bkp.c ****   *     @arg BKP_TamperPinLevel_High: Tamper pin active on high level
 131:/home/virusv/usart/Libraries/src/stm32f10x_bkp.c ****   *     @arg BKP_TamperPinLevel_Low: Tamper pin active on low level
 132:/home/virusv/usart/Libraries/src/stm32f10x_bkp.c ****   * @retval None
 133:/home/virusv/usart/Libraries/src/stm32f10x_bkp.c ****   */
 134:/home/virusv/usart/Libraries/src/stm32f10x_bkp.c **** void BKP_TamperPinLevelConfig(uint16_t BKP_TamperPinLevel)
 135:/home/virusv/usart/Libraries/src/stm32f10x_bkp.c **** {
  56              		.loc 1 135 0
  57              		.cfi_startproc
  58              		@ args = 0, pretend = 0, frame = 8
  59              		@ frame_needed = 1, uses_anonymous_args = 0
  60              		@ link register save eliminated.
  61 0000 80B4     		push	{r7}
  62              		.cfi_def_cfa_offset 4
  63              		.cfi_offset 7, -4
  64 0002 83B0     		sub	sp, sp, #12
  65              		.cfi_def_cfa_offset 16
  66 0004 00AF     		add	r7, sp, #0
  67              		.cfi_def_cfa_register 7
  68 0006 0346     		mov	r3, r0
  69 0008 FB80     		strh	r3, [r7, #6]	@ movhi
 136:/home/virusv/usart/Libraries/src/stm32f10x_bkp.c ****   /* Check the parameters */
 137:/home/virusv/usart/Libraries/src/stm32f10x_bkp.c ****   assert_param(IS_BKP_TAMPER_PIN_LEVEL(BKP_TamperPinLevel));
 138:/home/virusv/usart/Libraries/src/stm32f10x_bkp.c ****   *(__IO uint32_t *) CR_TPAL_BB = BKP_TamperPinLevel;
  70              		.loc 1 138 0
  71 000a 044A     		ldr	r2, .L3
  72 000c FB88     		ldrh	r3, [r7, #6]
  73 000e 1360     		str	r3, [r2]
 139:/home/virusv/usart/Libraries/src/stm32f10x_bkp.c **** }
  74              		.loc 1 139 0
  75 0010 0C37     		adds	r7, r7, #12
  76              		.cfi_def_cfa_offset 4
  77 0012 BD46     		mov	sp, r7
  78              		.cfi_def_cfa_register 13
  79              		@ sp needed
  80 0014 5DF8047B 		ldr	r7, [sp], #4
  81              		.cfi_restore 7
  82              		.cfi_def_cfa_offset 0
  83 0018 7047     		bx	lr
  84              	.L4:
  85 001a 00BF     		.align	2
  86              	.L3:
  87 001c 04860D42 		.word	1108182532
  88              		.cfi_endproc
  89              	.LFE30:
  91              		.section	.text.BKP_TamperPinCmd,"ax",%progbits
  92              		.align	2
  93              		.global	BKP_TamperPinCmd
  94              		.thumb
  95              		.thumb_func
  97              	BKP_TamperPinCmd:
  98              	.LFB31:
 140:/home/virusv/usart/Libraries/src/stm32f10x_bkp.c **** 
 141:/home/virusv/usart/Libraries/src/stm32f10x_bkp.c **** /**
 142:/home/virusv/usart/Libraries/src/stm32f10x_bkp.c ****   * @brief  Enables or disables the Tamper Pin activation.
 143:/home/virusv/usart/Libraries/src/stm32f10x_bkp.c ****   * @param  NewState: new state of the Tamper Pin activation.
 144:/home/virusv/usart/Libraries/src/stm32f10x_bkp.c ****   *   This parameter can be: ENABLE or DISABLE.
 145:/home/virusv/usart/Libraries/src/stm32f10x_bkp.c ****   * @retval None
 146:/home/virusv/usart/Libraries/src/stm32f10x_bkp.c ****   */
 147:/home/virusv/usart/Libraries/src/stm32f10x_bkp.c **** void BKP_TamperPinCmd(FunctionalState NewState)
 148:/home/virusv/usart/Libraries/src/stm32f10x_bkp.c **** {
  99              		.loc 1 148 0
 100              		.cfi_startproc
 101              		@ args = 0, pretend = 0, frame = 8
 102              		@ frame_needed = 1, uses_anonymous_args = 0
 103              		@ link register save eliminated.
 104 0000 80B4     		push	{r7}
 105              		.cfi_def_cfa_offset 4
 106              		.cfi_offset 7, -4
 107 0002 83B0     		sub	sp, sp, #12
 108              		.cfi_def_cfa_offset 16
 109 0004 00AF     		add	r7, sp, #0
 110              		.cfi_def_cfa_register 7
 111 0006 0346     		mov	r3, r0
 112 0008 FB71     		strb	r3, [r7, #7]
 149:/home/virusv/usart/Libraries/src/stm32f10x_bkp.c ****   /* Check the parameters */
 150:/home/virusv/usart/Libraries/src/stm32f10x_bkp.c ****   assert_param(IS_FUNCTIONAL_STATE(NewState));
 151:/home/virusv/usart/Libraries/src/stm32f10x_bkp.c ****   *(__IO uint32_t *) CR_TPE_BB = (uint32_t)NewState;
 113              		.loc 1 151 0
 114 000a 044A     		ldr	r2, .L6
 115 000c FB79     		ldrb	r3, [r7, #7]	@ zero_extendqisi2
 116 000e 1360     		str	r3, [r2]
 152:/home/virusv/usart/Libraries/src/stm32f10x_bkp.c **** }
 117              		.loc 1 152 0
 118 0010 0C37     		adds	r7, r7, #12
 119              		.cfi_def_cfa_offset 4
 120 0012 BD46     		mov	sp, r7
 121              		.cfi_def_cfa_register 13
 122              		@ sp needed
 123 0014 5DF8047B 		ldr	r7, [sp], #4
 124              		.cfi_restore 7
 125              		.cfi_def_cfa_offset 0
 126 0018 7047     		bx	lr
 127              	.L7:
 128 001a 00BF     		.align	2
 129              	.L6:
 130 001c 00860D42 		.word	1108182528
 131              		.cfi_endproc
 132              	.LFE31:
 134              		.section	.text.BKP_ITConfig,"ax",%progbits
 135              		.align	2
 136              		.global	BKP_ITConfig
 137              		.thumb
 138              		.thumb_func
 140              	BKP_ITConfig:
 141              	.LFB32:
 153:/home/virusv/usart/Libraries/src/stm32f10x_bkp.c **** 
 154:/home/virusv/usart/Libraries/src/stm32f10x_bkp.c **** /**
 155:/home/virusv/usart/Libraries/src/stm32f10x_bkp.c ****   * @brief  Enables or disables the Tamper Pin Interrupt.
 156:/home/virusv/usart/Libraries/src/stm32f10x_bkp.c ****   * @param  NewState: new state of the Tamper Pin Interrupt.
 157:/home/virusv/usart/Libraries/src/stm32f10x_bkp.c ****   *   This parameter can be: ENABLE or DISABLE.
 158:/home/virusv/usart/Libraries/src/stm32f10x_bkp.c ****   * @retval None
 159:/home/virusv/usart/Libraries/src/stm32f10x_bkp.c ****   */
 160:/home/virusv/usart/Libraries/src/stm32f10x_bkp.c **** void BKP_ITConfig(FunctionalState NewState)
 161:/home/virusv/usart/Libraries/src/stm32f10x_bkp.c **** {
 142              		.loc 1 161 0
 143              		.cfi_startproc
 144              		@ args = 0, pretend = 0, frame = 8
 145              		@ frame_needed = 1, uses_anonymous_args = 0
 146              		@ link register save eliminated.
 147 0000 80B4     		push	{r7}
 148              		.cfi_def_cfa_offset 4
 149              		.cfi_offset 7, -4
 150 0002 83B0     		sub	sp, sp, #12
 151              		.cfi_def_cfa_offset 16
 152 0004 00AF     		add	r7, sp, #0
 153              		.cfi_def_cfa_register 7
 154 0006 0346     		mov	r3, r0
 155 0008 FB71     		strb	r3, [r7, #7]
 162:/home/virusv/usart/Libraries/src/stm32f10x_bkp.c ****   /* Check the parameters */
 163:/home/virusv/usart/Libraries/src/stm32f10x_bkp.c ****   assert_param(IS_FUNCTIONAL_STATE(NewState));
 164:/home/virusv/usart/Libraries/src/stm32f10x_bkp.c ****   *(__IO uint32_t *) CSR_TPIE_BB = (uint32_t)NewState;
 156              		.loc 1 164 0
 157 000a 044A     		ldr	r2, .L9
 158 000c FB79     		ldrb	r3, [r7, #7]	@ zero_extendqisi2
 159 000e 1360     		str	r3, [r2]
 165:/home/virusv/usart/Libraries/src/stm32f10x_bkp.c **** }
 160              		.loc 1 165 0
 161 0010 0C37     		adds	r7, r7, #12
 162              		.cfi_def_cfa_offset 4
 163 0012 BD46     		mov	sp, r7
 164              		.cfi_def_cfa_register 13
 165              		@ sp needed
 166 0014 5DF8047B 		ldr	r7, [sp], #4
 167              		.cfi_restore 7
 168              		.cfi_def_cfa_offset 0
 169 0018 7047     		bx	lr
 170              	.L10:
 171 001a 00BF     		.align	2
 172              	.L9:
 173 001c 88860D42 		.word	1108182664
 174              		.cfi_endproc
 175              	.LFE32:
 177              		.section	.text.BKP_RTCOutputConfig,"ax",%progbits
 178              		.align	2
 179              		.global	BKP_RTCOutputConfig
 180              		.thumb
 181              		.thumb_func
 183              	BKP_RTCOutputConfig:
 184              	.LFB33:
 166:/home/virusv/usart/Libraries/src/stm32f10x_bkp.c **** 
 167:/home/virusv/usart/Libraries/src/stm32f10x_bkp.c **** /**
 168:/home/virusv/usart/Libraries/src/stm32f10x_bkp.c ****   * @brief  Select the RTC output source to output on the Tamper pin.
 169:/home/virusv/usart/Libraries/src/stm32f10x_bkp.c ****   * @param  BKP_RTCOutputSource: specifies the RTC output source.
 170:/home/virusv/usart/Libraries/src/stm32f10x_bkp.c ****   *   This parameter can be one of the following values:
 171:/home/virusv/usart/Libraries/src/stm32f10x_bkp.c ****   *     @arg BKP_RTCOutputSource_None: no RTC output on the Tamper pin.
 172:/home/virusv/usart/Libraries/src/stm32f10x_bkp.c ****   *     @arg BKP_RTCOutputSource_CalibClock: output the RTC clock with frequency
 173:/home/virusv/usart/Libraries/src/stm32f10x_bkp.c ****   *                                          divided by 64 on the Tamper pin.
 174:/home/virusv/usart/Libraries/src/stm32f10x_bkp.c ****   *     @arg BKP_RTCOutputSource_Alarm: output the RTC Alarm pulse signal on
 175:/home/virusv/usart/Libraries/src/stm32f10x_bkp.c ****   *                                     the Tamper pin.
 176:/home/virusv/usart/Libraries/src/stm32f10x_bkp.c ****   *     @arg BKP_RTCOutputSource_Second: output the RTC Second pulse signal on
 177:/home/virusv/usart/Libraries/src/stm32f10x_bkp.c ****   *                                      the Tamper pin.  
 178:/home/virusv/usart/Libraries/src/stm32f10x_bkp.c ****   * @retval None
 179:/home/virusv/usart/Libraries/src/stm32f10x_bkp.c ****   */
 180:/home/virusv/usart/Libraries/src/stm32f10x_bkp.c **** void BKP_RTCOutputConfig(uint16_t BKP_RTCOutputSource)
 181:/home/virusv/usart/Libraries/src/stm32f10x_bkp.c **** {
 185              		.loc 1 181 0
 186              		.cfi_startproc
 187              		@ args = 0, pretend = 0, frame = 16
 188              		@ frame_needed = 1, uses_anonymous_args = 0
 189              		@ link register save eliminated.
 190 0000 80B4     		push	{r7}
 191              		.cfi_def_cfa_offset 4
 192              		.cfi_offset 7, -4
 193 0002 85B0     		sub	sp, sp, #20
 194              		.cfi_def_cfa_offset 24
 195 0004 00AF     		add	r7, sp, #0
 196              		.cfi_def_cfa_register 7
 197 0006 0346     		mov	r3, r0
 198 0008 FB80     		strh	r3, [r7, #6]	@ movhi
 182:/home/virusv/usart/Libraries/src/stm32f10x_bkp.c ****   uint16_t tmpreg = 0;
 199              		.loc 1 182 0
 200 000a 0023     		movs	r3, #0
 201 000c FB81     		strh	r3, [r7, #14]	@ movhi
 183:/home/virusv/usart/Libraries/src/stm32f10x_bkp.c ****   /* Check the parameters */
 184:/home/virusv/usart/Libraries/src/stm32f10x_bkp.c ****   assert_param(IS_BKP_RTC_OUTPUT_SOURCE(BKP_RTCOutputSource));
 185:/home/virusv/usart/Libraries/src/stm32f10x_bkp.c ****   tmpreg = BKP->RTCCR;
 202              		.loc 1 185 0
 203 000e 094B     		ldr	r3, .L12
 204 0010 9B8D     		ldrh	r3, [r3, #44]	@ movhi
 205 0012 FB81     		strh	r3, [r7, #14]	@ movhi
 186:/home/virusv/usart/Libraries/src/stm32f10x_bkp.c ****   /* Clear CCO, ASOE and ASOS bits */
 187:/home/virusv/usart/Libraries/src/stm32f10x_bkp.c ****   tmpreg &= RTCCR_MASK;
 206              		.loc 1 187 0
 207 0014 FB89     		ldrh	r3, [r7, #14]	@ movhi
 208 0016 23F46073 		bic	r3, r3, #896
 209 001a FB81     		strh	r3, [r7, #14]	@ movhi
 188:/home/virusv/usart/Libraries/src/stm32f10x_bkp.c ****   
 189:/home/virusv/usart/Libraries/src/stm32f10x_bkp.c ****   /* Set CCO, ASOE and ASOS bits according to BKP_RTCOutputSource value */
 190:/home/virusv/usart/Libraries/src/stm32f10x_bkp.c ****   tmpreg |= BKP_RTCOutputSource;
 210              		.loc 1 190 0
 211 001c FA89     		ldrh	r2, [r7, #14]	@ movhi
 212 001e FB88     		ldrh	r3, [r7, #6]	@ movhi
 213 0020 1343     		orrs	r3, r3, r2
 214 0022 FB81     		strh	r3, [r7, #14]	@ movhi
 191:/home/virusv/usart/Libraries/src/stm32f10x_bkp.c ****   /* Store the new value */
 192:/home/virusv/usart/Libraries/src/stm32f10x_bkp.c ****   BKP->RTCCR = tmpreg;
 215              		.loc 1 192 0
 216 0024 034A     		ldr	r2, .L12
 217 0026 FB89     		ldrh	r3, [r7, #14]	@ movhi
 218 0028 9385     		strh	r3, [r2, #44]	@ movhi
 193:/home/virusv/usart/Libraries/src/stm32f10x_bkp.c **** }
 219              		.loc 1 193 0
 220 002a 1437     		adds	r7, r7, #20
 221              		.cfi_def_cfa_offset 4
 222 002c BD46     		mov	sp, r7
 223              		.cfi_def_cfa_register 13
 224              		@ sp needed
 225 002e 5DF8047B 		ldr	r7, [sp], #4
 226              		.cfi_restore 7
 227              		.cfi_def_cfa_offset 0
 228 0032 7047     		bx	lr
 229              	.L13:
 230              		.align	2
 231              	.L12:
 232 0034 006C0040 		.word	1073769472
 233              		.cfi_endproc
 234              	.LFE33:
 236              		.section	.text.BKP_SetRTCCalibrationValue,"ax",%progbits
 237              		.align	2
 238              		.global	BKP_SetRTCCalibrationValue
 239              		.thumb
 240              		.thumb_func
 242              	BKP_SetRTCCalibrationValue:
 243              	.LFB34:
 194:/home/virusv/usart/Libraries/src/stm32f10x_bkp.c **** 
 195:/home/virusv/usart/Libraries/src/stm32f10x_bkp.c **** /**
 196:/home/virusv/usart/Libraries/src/stm32f10x_bkp.c ****   * @brief  Sets RTC Clock Calibration value.
 197:/home/virusv/usart/Libraries/src/stm32f10x_bkp.c ****   * @param  CalibrationValue: specifies the RTC Clock Calibration value.
 198:/home/virusv/usart/Libraries/src/stm32f10x_bkp.c ****   *   This parameter must be a number between 0 and 0x7F.
 199:/home/virusv/usart/Libraries/src/stm32f10x_bkp.c ****   * @retval None
 200:/home/virusv/usart/Libraries/src/stm32f10x_bkp.c ****   */
 201:/home/virusv/usart/Libraries/src/stm32f10x_bkp.c **** void BKP_SetRTCCalibrationValue(uint8_t CalibrationValue)
 202:/home/virusv/usart/Libraries/src/stm32f10x_bkp.c **** {
 244              		.loc 1 202 0
 245              		.cfi_startproc
 246              		@ args = 0, pretend = 0, frame = 16
 247              		@ frame_needed = 1, uses_anonymous_args = 0
 248              		@ link register save eliminated.
 249 0000 80B4     		push	{r7}
 250              		.cfi_def_cfa_offset 4
 251              		.cfi_offset 7, -4
 252 0002 85B0     		sub	sp, sp, #20
 253              		.cfi_def_cfa_offset 24
 254 0004 00AF     		add	r7, sp, #0
 255              		.cfi_def_cfa_register 7
 256 0006 0346     		mov	r3, r0
 257 0008 FB71     		strb	r3, [r7, #7]
 203:/home/virusv/usart/Libraries/src/stm32f10x_bkp.c ****   uint16_t tmpreg = 0;
 258              		.loc 1 203 0
 259 000a 0023     		movs	r3, #0
 260 000c FB81     		strh	r3, [r7, #14]	@ movhi
 204:/home/virusv/usart/Libraries/src/stm32f10x_bkp.c ****   /* Check the parameters */
 205:/home/virusv/usart/Libraries/src/stm32f10x_bkp.c ****   assert_param(IS_BKP_CALIBRATION_VALUE(CalibrationValue));
 206:/home/virusv/usart/Libraries/src/stm32f10x_bkp.c ****   tmpreg = BKP->RTCCR;
 261              		.loc 1 206 0
 262 000e 0A4B     		ldr	r3, .L15
 263 0010 9B8D     		ldrh	r3, [r3, #44]	@ movhi
 264 0012 FB81     		strh	r3, [r7, #14]	@ movhi
 207:/home/virusv/usart/Libraries/src/stm32f10x_bkp.c ****   /* Clear CAL[6:0] bits */
 208:/home/virusv/usart/Libraries/src/stm32f10x_bkp.c ****   tmpreg &= RTCCR_CAL_MASK;
 265              		.loc 1 208 0
 266 0014 FB89     		ldrh	r3, [r7, #14]	@ movhi
 267 0016 23F07F03 		bic	r3, r3, #127
 268 001a FB81     		strh	r3, [r7, #14]	@ movhi
 209:/home/virusv/usart/Libraries/src/stm32f10x_bkp.c ****   /* Set CAL[6:0] bits according to CalibrationValue value */
 210:/home/virusv/usart/Libraries/src/stm32f10x_bkp.c ****   tmpreg |= CalibrationValue;
 269              		.loc 1 210 0
 270 001c FB79     		ldrb	r3, [r7, #7]	@ zero_extendqisi2
 271 001e 9AB2     		uxth	r2, r3
 272 0020 FB89     		ldrh	r3, [r7, #14]	@ movhi
 273 0022 1343     		orrs	r3, r3, r2
 274 0024 FB81     		strh	r3, [r7, #14]	@ movhi
 211:/home/virusv/usart/Libraries/src/stm32f10x_bkp.c ****   /* Store the new value */
 212:/home/virusv/usart/Libraries/src/stm32f10x_bkp.c ****   BKP->RTCCR = tmpreg;
 275              		.loc 1 212 0
 276 0026 044A     		ldr	r2, .L15
 277 0028 FB89     		ldrh	r3, [r7, #14]	@ movhi
 278 002a 9385     		strh	r3, [r2, #44]	@ movhi
 213:/home/virusv/usart/Libraries/src/stm32f10x_bkp.c **** }
 279              		.loc 1 213 0
 280 002c 1437     		adds	r7, r7, #20
 281              		.cfi_def_cfa_offset 4
 282 002e BD46     		mov	sp, r7
 283              		.cfi_def_cfa_register 13
 284              		@ sp needed
 285 0030 5DF8047B 		ldr	r7, [sp], #4
 286              		.cfi_restore 7
 287              		.cfi_def_cfa_offset 0
 288 0034 7047     		bx	lr
 289              	.L16:
 290 0036 00BF     		.align	2
 291              	.L15:
 292 0038 006C0040 		.word	1073769472
 293              		.cfi_endproc
 294              	.LFE34:
 296              		.section	.text.BKP_WriteBackupRegister,"ax",%progbits
 297              		.align	2
 298              		.global	BKP_WriteBackupRegister
 299              		.thumb
 300              		.thumb_func
 302              	BKP_WriteBackupRegister:
 303              	.LFB35:
 214:/home/virusv/usart/Libraries/src/stm32f10x_bkp.c **** 
 215:/home/virusv/usart/Libraries/src/stm32f10x_bkp.c **** /**
 216:/home/virusv/usart/Libraries/src/stm32f10x_bkp.c ****   * @brief  Writes user data to the specified Data Backup Register.
 217:/home/virusv/usart/Libraries/src/stm32f10x_bkp.c ****   * @param  BKP_DR: specifies the Data Backup Register.
 218:/home/virusv/usart/Libraries/src/stm32f10x_bkp.c ****   *   This parameter can be BKP_DRx where x:[1, 42]
 219:/home/virusv/usart/Libraries/src/stm32f10x_bkp.c ****   * @param  Data: data to write
 220:/home/virusv/usart/Libraries/src/stm32f10x_bkp.c ****   * @retval None
 221:/home/virusv/usart/Libraries/src/stm32f10x_bkp.c ****   */
 222:/home/virusv/usart/Libraries/src/stm32f10x_bkp.c **** void BKP_WriteBackupRegister(uint16_t BKP_DR, uint16_t Data)
 223:/home/virusv/usart/Libraries/src/stm32f10x_bkp.c **** {
 304              		.loc 1 223 0
 305              		.cfi_startproc
 306              		@ args = 0, pretend = 0, frame = 16
 307              		@ frame_needed = 1, uses_anonymous_args = 0
 308              		@ link register save eliminated.
 309 0000 80B4     		push	{r7}
 310              		.cfi_def_cfa_offset 4
 311              		.cfi_offset 7, -4
 312 0002 85B0     		sub	sp, sp, #20
 313              		.cfi_def_cfa_offset 24
 314 0004 00AF     		add	r7, sp, #0
 315              		.cfi_def_cfa_register 7
 316 0006 0346     		mov	r3, r0
 317 0008 0A46     		mov	r2, r1
 318 000a FB80     		strh	r3, [r7, #6]	@ movhi
 319 000c 1346     		mov	r3, r2	@ movhi
 320 000e BB80     		strh	r3, [r7, #4]	@ movhi
 224:/home/virusv/usart/Libraries/src/stm32f10x_bkp.c ****   __IO uint32_t tmp = 0;
 321              		.loc 1 224 0
 322 0010 0023     		movs	r3, #0
 323 0012 FB60     		str	r3, [r7, #12]
 225:/home/virusv/usart/Libraries/src/stm32f10x_bkp.c **** 
 226:/home/virusv/usart/Libraries/src/stm32f10x_bkp.c ****   /* Check the parameters */
 227:/home/virusv/usart/Libraries/src/stm32f10x_bkp.c ****   assert_param(IS_BKP_DR(BKP_DR));
 228:/home/virusv/usart/Libraries/src/stm32f10x_bkp.c **** 
 229:/home/virusv/usart/Libraries/src/stm32f10x_bkp.c ****   tmp = (uint32_t)BKP_BASE; 
 324              		.loc 1 229 0
 325 0014 074B     		ldr	r3, .L18
 326 0016 FB60     		str	r3, [r7, #12]
 230:/home/virusv/usart/Libraries/src/stm32f10x_bkp.c ****   tmp += BKP_DR;
 327              		.loc 1 230 0
 328 0018 FA88     		ldrh	r2, [r7, #6]
 329 001a FB68     		ldr	r3, [r7, #12]
 330 001c 1344     		add	r3, r3, r2
 331 001e FB60     		str	r3, [r7, #12]
 231:/home/virusv/usart/Libraries/src/stm32f10x_bkp.c **** 
 232:/home/virusv/usart/Libraries/src/stm32f10x_bkp.c ****   *(__IO uint32_t *) tmp = Data;
 332              		.loc 1 232 0
 333 0020 FB68     		ldr	r3, [r7, #12]
 334 0022 1A46     		mov	r2, r3
 335 0024 BB88     		ldrh	r3, [r7, #4]
 336 0026 1360     		str	r3, [r2]
 233:/home/virusv/usart/Libraries/src/stm32f10x_bkp.c **** }
 337              		.loc 1 233 0
 338 0028 1437     		adds	r7, r7, #20
 339              		.cfi_def_cfa_offset 4
 340 002a BD46     		mov	sp, r7
 341              		.cfi_def_cfa_register 13
 342              		@ sp needed
 343 002c 5DF8047B 		ldr	r7, [sp], #4
 344              		.cfi_restore 7
 345              		.cfi_def_cfa_offset 0
 346 0030 7047     		bx	lr
 347              	.L19:
 348 0032 00BF     		.align	2
 349              	.L18:
 350 0034 006C0040 		.word	1073769472
 351              		.cfi_endproc
 352              	.LFE35:
 354              		.section	.text.BKP_ReadBackupRegister,"ax",%progbits
 355              		.align	2
 356              		.global	BKP_ReadBackupRegister
 357              		.thumb
 358              		.thumb_func
 360              	BKP_ReadBackupRegister:
 361              	.LFB36:
 234:/home/virusv/usart/Libraries/src/stm32f10x_bkp.c **** 
 235:/home/virusv/usart/Libraries/src/stm32f10x_bkp.c **** /**
 236:/home/virusv/usart/Libraries/src/stm32f10x_bkp.c ****   * @brief  Reads data from the specified Data Backup Register.
 237:/home/virusv/usart/Libraries/src/stm32f10x_bkp.c ****   * @param  BKP_DR: specifies the Data Backup Register.
 238:/home/virusv/usart/Libraries/src/stm32f10x_bkp.c ****   *   This parameter can be BKP_DRx where x:[1, 42]
 239:/home/virusv/usart/Libraries/src/stm32f10x_bkp.c ****   * @retval The content of the specified Data Backup Register
 240:/home/virusv/usart/Libraries/src/stm32f10x_bkp.c ****   */
 241:/home/virusv/usart/Libraries/src/stm32f10x_bkp.c **** uint16_t BKP_ReadBackupRegister(uint16_t BKP_DR)
 242:/home/virusv/usart/Libraries/src/stm32f10x_bkp.c **** {
 362              		.loc 1 242 0
 363              		.cfi_startproc
 364              		@ args = 0, pretend = 0, frame = 16
 365              		@ frame_needed = 1, uses_anonymous_args = 0
 366              		@ link register save eliminated.
 367 0000 80B4     		push	{r7}
 368              		.cfi_def_cfa_offset 4
 369              		.cfi_offset 7, -4
 370 0002 85B0     		sub	sp, sp, #20
 371              		.cfi_def_cfa_offset 24
 372 0004 00AF     		add	r7, sp, #0
 373              		.cfi_def_cfa_register 7
 374 0006 0346     		mov	r3, r0
 375 0008 FB80     		strh	r3, [r7, #6]	@ movhi
 243:/home/virusv/usart/Libraries/src/stm32f10x_bkp.c ****   __IO uint32_t tmp = 0;
 376              		.loc 1 243 0
 377 000a 0023     		movs	r3, #0
 378 000c FB60     		str	r3, [r7, #12]
 244:/home/virusv/usart/Libraries/src/stm32f10x_bkp.c **** 
 245:/home/virusv/usart/Libraries/src/stm32f10x_bkp.c ****   /* Check the parameters */
 246:/home/virusv/usart/Libraries/src/stm32f10x_bkp.c ****   assert_param(IS_BKP_DR(BKP_DR));
 247:/home/virusv/usart/Libraries/src/stm32f10x_bkp.c **** 
 248:/home/virusv/usart/Libraries/src/stm32f10x_bkp.c ****   tmp = (uint32_t)BKP_BASE; 
 379              		.loc 1 248 0
 380 000e 074B     		ldr	r3, .L22
 381 0010 FB60     		str	r3, [r7, #12]
 249:/home/virusv/usart/Libraries/src/stm32f10x_bkp.c ****   tmp += BKP_DR;
 382              		.loc 1 249 0
 383 0012 FA88     		ldrh	r2, [r7, #6]
 384 0014 FB68     		ldr	r3, [r7, #12]
 385 0016 1344     		add	r3, r3, r2
 386 0018 FB60     		str	r3, [r7, #12]
 250:/home/virusv/usart/Libraries/src/stm32f10x_bkp.c **** 
 251:/home/virusv/usart/Libraries/src/stm32f10x_bkp.c ****   return (*(__IO uint16_t *) tmp);
 387              		.loc 1 251 0
 388 001a FB68     		ldr	r3, [r7, #12]
 389 001c 1B88     		ldrh	r3, [r3]	@ movhi
 390 001e 9BB2     		uxth	r3, r3
 252:/home/virusv/usart/Libraries/src/stm32f10x_bkp.c **** }
 391              		.loc 1 252 0
 392 0020 1846     		mov	r0, r3
 393 0022 1437     		adds	r7, r7, #20
 394              		.cfi_def_cfa_offset 4
 395 0024 BD46     		mov	sp, r7
 396              		.cfi_def_cfa_register 13
 397              		@ sp needed
 398 0026 5DF8047B 		ldr	r7, [sp], #4
 399              		.cfi_restore 7
 400              		.cfi_def_cfa_offset 0
 401 002a 7047     		bx	lr
 402              	.L23:
 403              		.align	2
 404              	.L22:
 405 002c 006C0040 		.word	1073769472
 406              		.cfi_endproc
 407              	.LFE36:
 409              		.section	.text.BKP_GetFlagStatus,"ax",%progbits
 410              		.align	2
 411              		.global	BKP_GetFlagStatus
 412              		.thumb
 413              		.thumb_func
 415              	BKP_GetFlagStatus:
 416              	.LFB37:
 253:/home/virusv/usart/Libraries/src/stm32f10x_bkp.c **** 
 254:/home/virusv/usart/Libraries/src/stm32f10x_bkp.c **** /**
 255:/home/virusv/usart/Libraries/src/stm32f10x_bkp.c ****   * @brief  Checks whether the Tamper Pin Event flag is set or not.
 256:/home/virusv/usart/Libraries/src/stm32f10x_bkp.c ****   * @param  None
 257:/home/virusv/usart/Libraries/src/stm32f10x_bkp.c ****   * @retval The new state of the Tamper Pin Event flag (SET or RESET).
 258:/home/virusv/usart/Libraries/src/stm32f10x_bkp.c ****   */
 259:/home/virusv/usart/Libraries/src/stm32f10x_bkp.c **** FlagStatus BKP_GetFlagStatus(void)
 260:/home/virusv/usart/Libraries/src/stm32f10x_bkp.c **** {
 417              		.loc 1 260 0
 418              		.cfi_startproc
 419              		@ args = 0, pretend = 0, frame = 0
 420              		@ frame_needed = 1, uses_anonymous_args = 0
 421              		@ link register save eliminated.
 422 0000 80B4     		push	{r7}
 423              		.cfi_def_cfa_offset 4
 424              		.cfi_offset 7, -4
 425 0002 00AF     		add	r7, sp, #0
 426              		.cfi_def_cfa_register 7
 261:/home/virusv/usart/Libraries/src/stm32f10x_bkp.c ****   return (FlagStatus)(*(__IO uint32_t *) CSR_TEF_BB);
 427              		.loc 1 261 0
 428 0004 034B     		ldr	r3, .L26
 429 0006 1B68     		ldr	r3, [r3]
 430 0008 DBB2     		uxtb	r3, r3
 262:/home/virusv/usart/Libraries/src/stm32f10x_bkp.c **** }
 431              		.loc 1 262 0
 432 000a 1846     		mov	r0, r3
 433 000c BD46     		mov	sp, r7
 434              		.cfi_def_cfa_register 13
 435              		@ sp needed
 436 000e 5DF8047B 		ldr	r7, [sp], #4
 437              		.cfi_restore 7
 438              		.cfi_def_cfa_offset 0
 439 0012 7047     		bx	lr
 440              	.L27:
 441              		.align	2
 442              	.L26:
 443 0014 A0860D42 		.word	1108182688
 444              		.cfi_endproc
 445              	.LFE37:
 447              		.section	.text.BKP_ClearFlag,"ax",%progbits
 448              		.align	2
 449              		.global	BKP_ClearFlag
 450              		.thumb
 451              		.thumb_func
 453              	BKP_ClearFlag:
 454              	.LFB38:
 263:/home/virusv/usart/Libraries/src/stm32f10x_bkp.c **** 
 264:/home/virusv/usart/Libraries/src/stm32f10x_bkp.c **** /**
 265:/home/virusv/usart/Libraries/src/stm32f10x_bkp.c ****   * @brief  Clears Tamper Pin Event pending flag.
 266:/home/virusv/usart/Libraries/src/stm32f10x_bkp.c ****   * @param  None
 267:/home/virusv/usart/Libraries/src/stm32f10x_bkp.c ****   * @retval None
 268:/home/virusv/usart/Libraries/src/stm32f10x_bkp.c ****   */
 269:/home/virusv/usart/Libraries/src/stm32f10x_bkp.c **** void BKP_ClearFlag(void)
 270:/home/virusv/usart/Libraries/src/stm32f10x_bkp.c **** {
 455              		.loc 1 270 0
 456              		.cfi_startproc
 457              		@ args = 0, pretend = 0, frame = 0
 458              		@ frame_needed = 1, uses_anonymous_args = 0
 459              		@ link register save eliminated.
 460 0000 80B4     		push	{r7}
 461              		.cfi_def_cfa_offset 4
 462              		.cfi_offset 7, -4
 463 0002 00AF     		add	r7, sp, #0
 464              		.cfi_def_cfa_register 7
 271:/home/virusv/usart/Libraries/src/stm32f10x_bkp.c ****   /* Set CTE bit to clear Tamper Pin Event flag */
 272:/home/virusv/usart/Libraries/src/stm32f10x_bkp.c ****   BKP->CSR |= BKP_CSR_CTE;
 465              		.loc 1 272 0
 466 0004 054A     		ldr	r2, .L29
 467 0006 054B     		ldr	r3, .L29
 468 0008 9B8E     		ldrh	r3, [r3, #52]	@ movhi
 469 000a 9BB2     		uxth	r3, r3
 470 000c 43F00103 		orr	r3, r3, #1
 471 0010 9BB2     		uxth	r3, r3
 472 0012 9386     		strh	r3, [r2, #52]	@ movhi
 273:/home/virusv/usart/Libraries/src/stm32f10x_bkp.c **** }
 473              		.loc 1 273 0
 474 0014 BD46     		mov	sp, r7
 475              		.cfi_def_cfa_register 13
 476              		@ sp needed
 477 0016 5DF8047B 		ldr	r7, [sp], #4
 478              		.cfi_restore 7
 479              		.cfi_def_cfa_offset 0
 480 001a 7047     		bx	lr
 481              	.L30:
 482              		.align	2
 483              	.L29:
 484 001c 006C0040 		.word	1073769472
 485              		.cfi_endproc
 486              	.LFE38:
 488              		.section	.text.BKP_GetITStatus,"ax",%progbits
 489              		.align	2
 490              		.global	BKP_GetITStatus
 491              		.thumb
 492              		.thumb_func
 494              	BKP_GetITStatus:
 495              	.LFB39:
 274:/home/virusv/usart/Libraries/src/stm32f10x_bkp.c **** 
 275:/home/virusv/usart/Libraries/src/stm32f10x_bkp.c **** /**
 276:/home/virusv/usart/Libraries/src/stm32f10x_bkp.c ****   * @brief  Checks whether the Tamper Pin Interrupt has occurred or not.
 277:/home/virusv/usart/Libraries/src/stm32f10x_bkp.c ****   * @param  None
 278:/home/virusv/usart/Libraries/src/stm32f10x_bkp.c ****   * @retval The new state of the Tamper Pin Interrupt (SET or RESET).
 279:/home/virusv/usart/Libraries/src/stm32f10x_bkp.c ****   */
 280:/home/virusv/usart/Libraries/src/stm32f10x_bkp.c **** ITStatus BKP_GetITStatus(void)
 281:/home/virusv/usart/Libraries/src/stm32f10x_bkp.c **** {
 496              		.loc 1 281 0
 497              		.cfi_startproc
 498              		@ args = 0, pretend = 0, frame = 0
 499              		@ frame_needed = 1, uses_anonymous_args = 0
 500              		@ link register save eliminated.
 501 0000 80B4     		push	{r7}
 502              		.cfi_def_cfa_offset 4
 503              		.cfi_offset 7, -4
 504 0002 00AF     		add	r7, sp, #0
 505              		.cfi_def_cfa_register 7
 282:/home/virusv/usart/Libraries/src/stm32f10x_bkp.c ****   return (ITStatus)(*(__IO uint32_t *) CSR_TIF_BB);
 506              		.loc 1 282 0
 507 0004 034B     		ldr	r3, .L33
 508 0006 1B68     		ldr	r3, [r3]
 509 0008 DBB2     		uxtb	r3, r3
 283:/home/virusv/usart/Libraries/src/stm32f10x_bkp.c **** }
 510              		.loc 1 283 0
 511 000a 1846     		mov	r0, r3
 512 000c BD46     		mov	sp, r7
 513              		.cfi_def_cfa_register 13
 514              		@ sp needed
 515 000e 5DF8047B 		ldr	r7, [sp], #4
 516              		.cfi_restore 7
 517              		.cfi_def_cfa_offset 0
 518 0012 7047     		bx	lr
 519              	.L34:
 520              		.align	2
 521              	.L33:
 522 0014 A4860D42 		.word	1108182692
 523              		.cfi_endproc
 524              	.LFE39:
 526              		.section	.text.BKP_ClearITPendingBit,"ax",%progbits
 527              		.align	2
 528              		.global	BKP_ClearITPendingBit
 529              		.thumb
 530              		.thumb_func
 532              	BKP_ClearITPendingBit:
 533              	.LFB40:
 284:/home/virusv/usart/Libraries/src/stm32f10x_bkp.c **** 
 285:/home/virusv/usart/Libraries/src/stm32f10x_bkp.c **** /**
 286:/home/virusv/usart/Libraries/src/stm32f10x_bkp.c ****   * @brief  Clears Tamper Pin Interrupt pending bit.
 287:/home/virusv/usart/Libraries/src/stm32f10x_bkp.c ****   * @param  None
 288:/home/virusv/usart/Libraries/src/stm32f10x_bkp.c ****   * @retval None
 289:/home/virusv/usart/Libraries/src/stm32f10x_bkp.c ****   */
 290:/home/virusv/usart/Libraries/src/stm32f10x_bkp.c **** void BKP_ClearITPendingBit(void)
 291:/home/virusv/usart/Libraries/src/stm32f10x_bkp.c **** {
 534              		.loc 1 291 0
 535              		.cfi_startproc
 536              		@ args = 0, pretend = 0, frame = 0
 537              		@ frame_needed = 1, uses_anonymous_args = 0
 538              		@ link register save eliminated.
 539 0000 80B4     		push	{r7}
 540              		.cfi_def_cfa_offset 4
 541              		.cfi_offset 7, -4
 542 0002 00AF     		add	r7, sp, #0
 543              		.cfi_def_cfa_register 7
 292:/home/virusv/usart/Libraries/src/stm32f10x_bkp.c ****   /* Set CTI bit to clear Tamper Pin Interrupt pending bit */
 293:/home/virusv/usart/Libraries/src/stm32f10x_bkp.c ****   BKP->CSR |= BKP_CSR_CTI;
 544              		.loc 1 293 0
 545 0004 054A     		ldr	r2, .L36
 546 0006 054B     		ldr	r3, .L36
 547 0008 9B8E     		ldrh	r3, [r3, #52]	@ movhi
 548 000a 9BB2     		uxth	r3, r3
 549 000c 43F00203 		orr	r3, r3, #2
 550 0010 9BB2     		uxth	r3, r3
 551 0012 9386     		strh	r3, [r2, #52]	@ movhi
 294:/home/virusv/usart/Libraries/src/stm32f10x_bkp.c **** }
 552              		.loc 1 294 0
 553 0014 BD46     		mov	sp, r7
 554              		.cfi_def_cfa_register 13
 555              		@ sp needed
 556 0016 5DF8047B 		ldr	r7, [sp], #4
 557              		.cfi_restore 7
 558              		.cfi_def_cfa_offset 0
 559 001a 7047     		bx	lr
 560              	.L37:
 561              		.align	2
 562              	.L36:
 563 001c 006C0040 		.word	1073769472
 564              		.cfi_endproc
 565              	.LFE40:
 567              		.text
 568              	.Letext0:
 569              		.file 2 "/usr/include/newlib/machine/_default_types.h"
 570              		.file 3 "/usr/include/newlib/sys/_stdint.h"
 571              		.file 4 "/home/virusv/usart/CMSIS/CM3/DeviceSupport/ST/STM32F10x/stm32f10x.h"
 572              		.file 5 "/home/virusv/usart/CMSIS/CM3/CoreSupport/core_cm3.h"
DEFINED SYMBOLS
                            *ABS*:0000000000000000 stm32f10x_bkp.c
     /tmp/ccCrZqtg.s:19     .text.BKP_DeInit:0000000000000000 $t
     /tmp/ccCrZqtg.s:24     .text.BKP_DeInit:0000000000000000 BKP_DeInit
     /tmp/ccCrZqtg.s:49     .text.BKP_TamperPinLevelConfig:0000000000000000 $t
     /tmp/ccCrZqtg.s:54     .text.BKP_TamperPinLevelConfig:0000000000000000 BKP_TamperPinLevelConfig
     /tmp/ccCrZqtg.s:87     .text.BKP_TamperPinLevelConfig:000000000000001c $d
     /tmp/ccCrZqtg.s:92     .text.BKP_TamperPinCmd:0000000000000000 $t
     /tmp/ccCrZqtg.s:97     .text.BKP_TamperPinCmd:0000000000000000 BKP_TamperPinCmd
     /tmp/ccCrZqtg.s:130    .text.BKP_TamperPinCmd:000000000000001c $d
     /tmp/ccCrZqtg.s:135    .text.BKP_ITConfig:0000000000000000 $t
     /tmp/ccCrZqtg.s:140    .text.BKP_ITConfig:0000000000000000 BKP_ITConfig
     /tmp/ccCrZqtg.s:173    .text.BKP_ITConfig:000000000000001c $d
     /tmp/ccCrZqtg.s:178    .text.BKP_RTCOutputConfig:0000000000000000 $t
     /tmp/ccCrZqtg.s:183    .text.BKP_RTCOutputConfig:0000000000000000 BKP_RTCOutputConfig
     /tmp/ccCrZqtg.s:232    .text.BKP_RTCOutputConfig:0000000000000034 $d
     /tmp/ccCrZqtg.s:237    .text.BKP_SetRTCCalibrationValue:0000000000000000 $t
     /tmp/ccCrZqtg.s:242    .text.BKP_SetRTCCalibrationValue:0000000000000000 BKP_SetRTCCalibrationValue
     /tmp/ccCrZqtg.s:292    .text.BKP_SetRTCCalibrationValue:0000000000000038 $d
     /tmp/ccCrZqtg.s:297    .text.BKP_WriteBackupRegister:0000000000000000 $t
     /tmp/ccCrZqtg.s:302    .text.BKP_WriteBackupRegister:0000000000000000 BKP_WriteBackupRegister
     /tmp/ccCrZqtg.s:350    .text.BKP_WriteBackupRegister:0000000000000034 $d
     /tmp/ccCrZqtg.s:355    .text.BKP_ReadBackupRegister:0000000000000000 $t
     /tmp/ccCrZqtg.s:360    .text.BKP_ReadBackupRegister:0000000000000000 BKP_ReadBackupRegister
     /tmp/ccCrZqtg.s:405    .text.BKP_ReadBackupRegister:000000000000002c $d
     /tmp/ccCrZqtg.s:410    .text.BKP_GetFlagStatus:0000000000000000 $t
     /tmp/ccCrZqtg.s:415    .text.BKP_GetFlagStatus:0000000000000000 BKP_GetFlagStatus
     /tmp/ccCrZqtg.s:443    .text.BKP_GetFlagStatus:0000000000000014 $d
     /tmp/ccCrZqtg.s:448    .text.BKP_ClearFlag:0000000000000000 $t
     /tmp/ccCrZqtg.s:453    .text.BKP_ClearFlag:0000000000000000 BKP_ClearFlag
     /tmp/ccCrZqtg.s:484    .text.BKP_ClearFlag:000000000000001c $d
     /tmp/ccCrZqtg.s:489    .text.BKP_GetITStatus:0000000000000000 $t
     /tmp/ccCrZqtg.s:494    .text.BKP_GetITStatus:0000000000000000 BKP_GetITStatus
     /tmp/ccCrZqtg.s:522    .text.BKP_GetITStatus:0000000000000014 $d
     /tmp/ccCrZqtg.s:527    .text.BKP_ClearITPendingBit:0000000000000000 $t
     /tmp/ccCrZqtg.s:532    .text.BKP_ClearITPendingBit:0000000000000000 BKP_ClearITPendingBit
     /tmp/ccCrZqtg.s:563    .text.BKP_ClearITPendingBit:000000000000001c $d
                     .debug_frame:0000000000000010 $d

UNDEFINED SYMBOLS
RCC_BackupResetCmd
