   1              		.syntax unified
   2              		.cpu cortex-m3
   3              		.fpu softvfp
   4              		.eabi_attribute 20, 1
   5              		.eabi_attribute 21, 1
   6              		.eabi_attribute 23, 3
   7              		.eabi_attribute 24, 1
   8              		.eabi_attribute 25, 1
   9              		.eabi_attribute 26, 1
  10              		.eabi_attribute 30, 6
  11              		.eabi_attribute 34, 1
  12              		.eabi_attribute 18, 4
  13              		.thumb
  14              		.file	"ADS1115.c"
  15              		.text
  16              	.Ltext0:
  17              		.cfi_sections	.debug_frame
  18              		.section	.text.i2cStart,"ax",%progbits
  19              		.align	2
  20              		.thumb
  21              		.thumb_func
  23              	i2cStart:
  24              	.LFB29:
  25              		.file 1 "/home/virusv/TDSAST_IOT/Driver/ADS1115.c"
   1:/home/virusv/TDSAST_IOT/Driver/ADS1115.c **** #include <stdio.h>
   2:/home/virusv/TDSAST_IOT/Driver/ADS1115.c **** #include <stdint.h>
   3:/home/virusv/TDSAST_IOT/Driver/ADS1115.c **** #include <string.h>
   4:/home/virusv/TDSAST_IOT/Driver/ADS1115.c **** #include "stm32f10x.h"
   5:/home/virusv/TDSAST_IOT/Driver/ADS1115.c **** #include "initialize.h"
   6:/home/virusv/TDSAST_IOT/Driver/ADS1115.c **** #include "stm32f10x_conf.h"
   7:/home/virusv/TDSAST_IOT/Driver/ADS1115.c **** #include "ADS1115.h"
   8:/home/virusv/TDSAST_IOT/Driver/ADS1115.c **** 
   9:/home/virusv/TDSAST_IOT/Driver/ADS1115.c **** extern void delay_ms(uint32_t x);
  10:/home/virusv/TDSAST_IOT/Driver/ADS1115.c **** 
  11:/home/virusv/TDSAST_IOT/Driver/ADS1115.c **** static void i2cStart(uint8_t address, uint8_t I2C_Direction){
  26              		.loc 1 11 0
  27              		.cfi_startproc
  28              		@ args = 0, pretend = 0, frame = 8
  29              		@ frame_needed = 1, uses_anonymous_args = 0
  30 0000 80B5     		push	{r7, lr}
  31              		.cfi_def_cfa_offset 8
  32              		.cfi_offset 7, -8
  33              		.cfi_offset 14, -4
  34 0002 82B0     		sub	sp, sp, #8
  35              		.cfi_def_cfa_offset 16
  36 0004 00AF     		add	r7, sp, #0
  37              		.cfi_def_cfa_register 7
  38 0006 0346     		mov	r3, r0
  39 0008 0A46     		mov	r2, r1
  40 000a FB71     		strb	r3, [r7, #7]
  41 000c 1346     		mov	r3, r2
  42 000e BB71     		strb	r3, [r7, #6]
  12:/home/virusv/TDSAST_IOT/Driver/ADS1115.c ****     I2C_GenerateSTART(I2C1, ENABLE);
  43              		.loc 1 12 0
  44 0010 0A48     		ldr	r0, .L3
  45 0012 0121     		movs	r1, #1
  46 0014 FFF7FEFF 		bl	I2C_GenerateSTART
  13:/home/virusv/TDSAST_IOT/Driver/ADS1115.c ****     while(I2C_CheckEvent(I2C1, I2C_EVENT_MASTER_MODE_SELECT) == ERROR); //等待占用总线
  47              		.loc 1 13 0
  48 0018 00BF     		nop
  49              	.L2:
  50              		.loc 1 13 0 is_stmt 0 discriminator 1
  51 001a 0848     		ldr	r0, .L3
  52 001c 0849     		ldr	r1, .L3+4
  53 001e FFF7FEFF 		bl	I2C_CheckEvent
  54 0022 0346     		mov	r3, r0
  55 0024 002B     		cmp	r3, #0
  56 0026 F8D0     		beq	.L2
  14:/home/virusv/TDSAST_IOT/Driver/ADS1115.c ****     /* 发送地址，要往这个地址写数据 */
  15:/home/virusv/TDSAST_IOT/Driver/ADS1115.c ****     I2C_Send7bitAddress(I2C1, address, I2C_Direction);
  57              		.loc 1 15 0 is_stmt 1
  58 0028 FA79     		ldrb	r2, [r7, #7]	@ zero_extendqisi2
  59 002a BB79     		ldrb	r3, [r7, #6]	@ zero_extendqisi2
  60 002c 0348     		ldr	r0, .L3
  61 002e 1146     		mov	r1, r2
  62 0030 1A46     		mov	r2, r3
  63 0032 FFF7FEFF 		bl	I2C_Send7bitAddress
  16:/home/virusv/TDSAST_IOT/Driver/ADS1115.c **** }
  64              		.loc 1 16 0
  65 0036 0837     		adds	r7, r7, #8
  66              		.cfi_def_cfa_offset 8
  67 0038 BD46     		mov	sp, r7
  68              		.cfi_def_cfa_register 13
  69              		@ sp needed
  70 003a 80BD     		pop	{r7, pc}
  71              	.L4:
  72              		.align	2
  73              	.L3:
  74 003c 00540040 		.word	1073763328
  75 0040 01000300 		.word	196609
  76              		.cfi_endproc
  77              	.LFE29:
  79              		.section	.text.i2cStop,"ax",%progbits
  80              		.align	2
  81              		.thumb
  82              		.thumb_func
  84              	i2cStop:
  85              	.LFB30:
  17:/home/virusv/TDSAST_IOT/Driver/ADS1115.c **** 
  18:/home/virusv/TDSAST_IOT/Driver/ADS1115.c **** static void i2cStop(void){
  86              		.loc 1 18 0
  87              		.cfi_startproc
  88              		@ args = 0, pretend = 0, frame = 0
  89              		@ frame_needed = 1, uses_anonymous_args = 0
  90 0000 80B5     		push	{r7, lr}
  91              		.cfi_def_cfa_offset 8
  92              		.cfi_offset 7, -8
  93              		.cfi_offset 14, -4
  94 0002 00AF     		add	r7, sp, #0
  95              		.cfi_def_cfa_register 7
  19:/home/virusv/TDSAST_IOT/Driver/ADS1115.c ****     I2C_GenerateSTOP(I2C1, ENABLE);
  96              		.loc 1 19 0
  97 0004 0248     		ldr	r0, .L6
  98 0006 0121     		movs	r1, #1
  99 0008 FFF7FEFF 		bl	I2C_GenerateSTOP
  20:/home/virusv/TDSAST_IOT/Driver/ADS1115.c **** }
 100              		.loc 1 20 0
 101 000c 80BD     		pop	{r7, pc}
 102              	.L7:
 103 000e 00BF     		.align	2
 104              	.L6:
 105 0010 00540040 		.word	1073763328
 106              		.cfi_endproc
 107              	.LFE30:
 109              		.section	.text.i2cread,"ax",%progbits
 110              		.align	2
 111              		.thumb
 112              		.thumb_func
 114              	i2cread:
 115              	.LFB31:
  21:/home/virusv/TDSAST_IOT/Driver/ADS1115.c **** 
  22:/home/virusv/TDSAST_IOT/Driver/ADS1115.c **** /**************************************************************************/
  23:/home/virusv/TDSAST_IOT/Driver/ADS1115.c **** /*!
  24:/home/virusv/TDSAST_IOT/Driver/ADS1115.c ****     @brief  Abstract away platform differences in Arduino wire library
  25:/home/virusv/TDSAST_IOT/Driver/ADS1115.c **** */
  26:/home/virusv/TDSAST_IOT/Driver/ADS1115.c **** /**************************************************************************/
  27:/home/virusv/TDSAST_IOT/Driver/ADS1115.c **** static uint8_t i2cread(void) {
 116              		.loc 1 27 0
 117              		.cfi_startproc
 118              		@ args = 0, pretend = 0, frame = 8
 119              		@ frame_needed = 1, uses_anonymous_args = 0
 120 0000 80B5     		push	{r7, lr}
 121              		.cfi_def_cfa_offset 8
 122              		.cfi_offset 7, -8
 123              		.cfi_offset 14, -4
 124 0002 82B0     		sub	sp, sp, #8
 125              		.cfi_def_cfa_offset 16
 126 0004 00AF     		add	r7, sp, #0
 127              		.cfi_def_cfa_register 7
  28:/home/virusv/TDSAST_IOT/Driver/ADS1115.c ****     uint8_t tmp;
  29:/home/virusv/TDSAST_IOT/Driver/ADS1115.c ****     /* 检测当前是否是主接收模式 */
  30:/home/virusv/TDSAST_IOT/Driver/ADS1115.c ****     while(I2C_CheckEvent(I2C1, I2C_EVENT_MASTER_RECEIVER_MODE_SELECTED) == ERROR);
 128              		.loc 1 30 0
 129 0006 00BF     		nop
 130              	.L9:
 131              		.loc 1 30 0 is_stmt 0 discriminator 1
 132 0008 0C48     		ldr	r0, .L12
 133 000a 0D49     		ldr	r1, .L12+4
 134 000c FFF7FEFF 		bl	I2C_CheckEvent
 135 0010 0346     		mov	r3, r0
 136 0012 002B     		cmp	r3, #0
 137 0014 F8D0     		beq	.L9
  31:/home/virusv/TDSAST_IOT/Driver/ADS1115.c ****     tmp = I2C_ReceiveData(I2C1);
 138              		.loc 1 31 0 is_stmt 1
 139 0016 0948     		ldr	r0, .L12
 140 0018 FFF7FEFF 		bl	I2C_ReceiveData
 141 001c 0346     		mov	r3, r0
 142 001e FB71     		strb	r3, [r7, #7]
  32:/home/virusv/TDSAST_IOT/Driver/ADS1115.c ****     while(I2C_CheckEvent(I2C1, I2C_EVENT_MASTER_BYTE_RECEIVED) == ERROR);
 143              		.loc 1 32 0
 144 0020 00BF     		nop
 145              	.L10:
 146              		.loc 1 32 0 is_stmt 0 discriminator 1
 147 0022 0648     		ldr	r0, .L12
 148 0024 0749     		ldr	r1, .L12+8
 149 0026 FFF7FEFF 		bl	I2C_CheckEvent
 150 002a 0346     		mov	r3, r0
 151 002c 002B     		cmp	r3, #0
 152 002e F8D0     		beq	.L10
  33:/home/virusv/TDSAST_IOT/Driver/ADS1115.c ****     return tmp;
 153              		.loc 1 33 0 is_stmt 1
 154 0030 FB79     		ldrb	r3, [r7, #7]	@ zero_extendqisi2
  34:/home/virusv/TDSAST_IOT/Driver/ADS1115.c **** }
 155              		.loc 1 34 0
 156 0032 1846     		mov	r0, r3
 157 0034 0837     		adds	r7, r7, #8
 158              		.cfi_def_cfa_offset 8
 159 0036 BD46     		mov	sp, r7
 160              		.cfi_def_cfa_register 13
 161              		@ sp needed
 162 0038 80BD     		pop	{r7, pc}
 163              	.L13:
 164 003a 00BF     		.align	2
 165              	.L12:
 166 003c 00540040 		.word	1073763328
 167 0040 02000300 		.word	196610
 168 0044 40000300 		.word	196672
 169              		.cfi_endproc
 170              	.LFE31:
 172              		.section	.text.i2cwrite,"ax",%progbits
 173              		.align	2
 174              		.thumb
 175              		.thumb_func
 177              	i2cwrite:
 178              	.LFB32:
  35:/home/virusv/TDSAST_IOT/Driver/ADS1115.c **** 
  36:/home/virusv/TDSAST_IOT/Driver/ADS1115.c **** /**************************************************************************/
  37:/home/virusv/TDSAST_IOT/Driver/ADS1115.c **** /*!
  38:/home/virusv/TDSAST_IOT/Driver/ADS1115.c ****     @brief  Abstract away platform differences in Arduino wire library
  39:/home/virusv/TDSAST_IOT/Driver/ADS1115.c **** */
  40:/home/virusv/TDSAST_IOT/Driver/ADS1115.c **** /**************************************************************************/
  41:/home/virusv/TDSAST_IOT/Driver/ADS1115.c **** static void i2cwrite(uint8_t x) {
 179              		.loc 1 41 0
 180              		.cfi_startproc
 181              		@ args = 0, pretend = 0, frame = 8
 182              		@ frame_needed = 1, uses_anonymous_args = 0
 183 0000 80B5     		push	{r7, lr}
 184              		.cfi_def_cfa_offset 8
 185              		.cfi_offset 7, -8
 186              		.cfi_offset 14, -4
 187 0002 82B0     		sub	sp, sp, #8
 188              		.cfi_def_cfa_offset 16
 189 0004 00AF     		add	r7, sp, #0
 190              		.cfi_def_cfa_register 7
 191 0006 0346     		mov	r3, r0
 192 0008 FB71     		strb	r3, [r7, #7]
  42:/home/virusv/TDSAST_IOT/Driver/ADS1115.c ****     /* 检测当前是否是主发送模式 */
  43:/home/virusv/TDSAST_IOT/Driver/ADS1115.c ****     while(I2C_CheckEvent(I2C1, I2C_EVENT_MASTER_TRANSMITTER_MODE_SELECTED) == ERROR);
 193              		.loc 1 43 0
 194 000a 00BF     		nop
 195              	.L15:
 196              		.loc 1 43 0 is_stmt 0 discriminator 1
 197 000c 0B48     		ldr	r0, .L17
 198 000e 0C49     		ldr	r1, .L17+4
 199 0010 FFF7FEFF 		bl	I2C_CheckEvent
 200 0014 0346     		mov	r3, r0
 201 0016 002B     		cmp	r3, #0
 202 0018 F8D0     		beq	.L15
  44:/home/virusv/TDSAST_IOT/Driver/ADS1115.c ****     I2C_SendData(I2C1, x);
 203              		.loc 1 44 0 is_stmt 1
 204 001a FB79     		ldrb	r3, [r7, #7]	@ zero_extendqisi2
 205 001c 0748     		ldr	r0, .L17
 206 001e 1946     		mov	r1, r3
 207 0020 FFF7FEFF 		bl	I2C_SendData
  45:/home/virusv/TDSAST_IOT/Driver/ADS1115.c ****     while(I2C_CheckEvent(I2C1, I2C_EVENT_MASTER_BYTE_TRANSMITTED) == ERROR);
 208              		.loc 1 45 0
 209 0024 00BF     		nop
 210              	.L16:
 211              		.loc 1 45 0 is_stmt 0 discriminator 1
 212 0026 0548     		ldr	r0, .L17
 213 0028 0649     		ldr	r1, .L17+8
 214 002a FFF7FEFF 		bl	I2C_CheckEvent
 215 002e 0346     		mov	r3, r0
 216 0030 002B     		cmp	r3, #0
 217 0032 F8D0     		beq	.L16
  46:/home/virusv/TDSAST_IOT/Driver/ADS1115.c **** }
 218              		.loc 1 46 0 is_stmt 1
 219 0034 0837     		adds	r7, r7, #8
 220              		.cfi_def_cfa_offset 8
 221 0036 BD46     		mov	sp, r7
 222              		.cfi_def_cfa_register 13
 223              		@ sp needed
 224 0038 80BD     		pop	{r7, pc}
 225              	.L18:
 226 003a 00BF     		.align	2
 227              	.L17:
 228 003c 00540040 		.word	1073763328
 229 0040 82000700 		.word	458882
 230 0044 84000700 		.word	458884
 231              		.cfi_endproc
 232              	.LFE32:
 234              		.section	.text.writeRegister,"ax",%progbits
 235              		.align	2
 236              		.thumb
 237              		.thumb_func
 239              	writeRegister:
 240              	.LFB33:
  47:/home/virusv/TDSAST_IOT/Driver/ADS1115.c **** 
  48:/home/virusv/TDSAST_IOT/Driver/ADS1115.c **** /**************************************************************************/
  49:/home/virusv/TDSAST_IOT/Driver/ADS1115.c **** /*!
  50:/home/virusv/TDSAST_IOT/Driver/ADS1115.c ****     @brief  Writes 16-bits to the specified destination register
  51:/home/virusv/TDSAST_IOT/Driver/ADS1115.c **** */
  52:/home/virusv/TDSAST_IOT/Driver/ADS1115.c **** /**************************************************************************/
  53:/home/virusv/TDSAST_IOT/Driver/ADS1115.c **** static void writeRegister(uint8_t i2cAddress, uint8_t reg, uint16_t value) {
 241              		.loc 1 53 0
 242              		.cfi_startproc
 243              		@ args = 0, pretend = 0, frame = 8
 244              		@ frame_needed = 1, uses_anonymous_args = 0
 245 0000 80B5     		push	{r7, lr}
 246              		.cfi_def_cfa_offset 8
 247              		.cfi_offset 7, -8
 248              		.cfi_offset 14, -4
 249 0002 82B0     		sub	sp, sp, #8
 250              		.cfi_def_cfa_offset 16
 251 0004 00AF     		add	r7, sp, #0
 252              		.cfi_def_cfa_register 7
 253 0006 0346     		mov	r3, r0
 254 0008 FB71     		strb	r3, [r7, #7]
 255 000a 0B46     		mov	r3, r1
 256 000c BB71     		strb	r3, [r7, #6]
 257 000e 1346     		mov	r3, r2	@ movhi
 258 0010 BB80     		strh	r3, [r7, #4]	@ movhi
  54:/home/virusv/TDSAST_IOT/Driver/ADS1115.c ****     i2cStart(i2cAddress, I2C_Direction_Transmitter);
 259              		.loc 1 54 0
 260 0012 FB79     		ldrb	r3, [r7, #7]	@ zero_extendqisi2
 261 0014 1846     		mov	r0, r3
 262 0016 0021     		movs	r1, #0
 263 0018 FFF7FEFF 		bl	i2cStart
  55:/home/virusv/TDSAST_IOT/Driver/ADS1115.c ****     i2cwrite((uint8_t)reg);
 264              		.loc 1 55 0
 265 001c BB79     		ldrb	r3, [r7, #6]	@ zero_extendqisi2
 266 001e 1846     		mov	r0, r3
 267 0020 FFF7FEFF 		bl	i2cwrite
  56:/home/virusv/TDSAST_IOT/Driver/ADS1115.c ****     i2cwrite((uint8_t)(value>>8));
 268              		.loc 1 56 0
 269 0024 BB88     		ldrh	r3, [r7, #4]
 270 0026 1B0A     		lsrs	r3, r3, #8
 271 0028 9BB2     		uxth	r3, r3
 272 002a DBB2     		uxtb	r3, r3
 273 002c 1846     		mov	r0, r3
 274 002e FFF7FEFF 		bl	i2cwrite
  57:/home/virusv/TDSAST_IOT/Driver/ADS1115.c ****     i2cwrite((uint8_t)(value & 0xFF));
 275              		.loc 1 57 0
 276 0032 BB88     		ldrh	r3, [r7, #4]	@ movhi
 277 0034 DBB2     		uxtb	r3, r3
 278 0036 1846     		mov	r0, r3
 279 0038 FFF7FEFF 		bl	i2cwrite
  58:/home/virusv/TDSAST_IOT/Driver/ADS1115.c ****     i2cStop();
 280              		.loc 1 58 0
 281 003c FFF7FEFF 		bl	i2cStop
  59:/home/virusv/TDSAST_IOT/Driver/ADS1115.c **** }
 282              		.loc 1 59 0
 283 0040 0837     		adds	r7, r7, #8
 284              		.cfi_def_cfa_offset 8
 285 0042 BD46     		mov	sp, r7
 286              		.cfi_def_cfa_register 13
 287              		@ sp needed
 288 0044 80BD     		pop	{r7, pc}
 289              		.cfi_endproc
 290              	.LFE33:
 292 0046 00BF     		.section	.text.readRegister,"ax",%progbits
 293              		.align	2
 294              		.thumb
 295              		.thumb_func
 297              	readRegister:
 298              	.LFB34:
  60:/home/virusv/TDSAST_IOT/Driver/ADS1115.c **** 
  61:/home/virusv/TDSAST_IOT/Driver/ADS1115.c **** /**************************************************************************/
  62:/home/virusv/TDSAST_IOT/Driver/ADS1115.c **** /*!
  63:/home/virusv/TDSAST_IOT/Driver/ADS1115.c ****     @brief  Writes 16-bits to the specified destination register
  64:/home/virusv/TDSAST_IOT/Driver/ADS1115.c **** */
  65:/home/virusv/TDSAST_IOT/Driver/ADS1115.c **** /**************************************************************************/
  66:/home/virusv/TDSAST_IOT/Driver/ADS1115.c **** static uint16_t readRegister(uint8_t i2cAddress, uint8_t reg) {
 299              		.loc 1 66 0
 300              		.cfi_startproc
 301              		@ args = 0, pretend = 0, frame = 16
 302              		@ frame_needed = 1, uses_anonymous_args = 0
 303 0000 90B5     		push	{r4, r7, lr}
 304              		.cfi_def_cfa_offset 12
 305              		.cfi_offset 4, -12
 306              		.cfi_offset 7, -8
 307              		.cfi_offset 14, -4
 308 0002 85B0     		sub	sp, sp, #20
 309              		.cfi_def_cfa_offset 32
 310 0004 00AF     		add	r7, sp, #0
 311              		.cfi_def_cfa_register 7
 312 0006 0346     		mov	r3, r0
 313 0008 0A46     		mov	r2, r1
 314 000a FB71     		strb	r3, [r7, #7]
 315 000c 1346     		mov	r3, r2
 316 000e BB71     		strb	r3, [r7, #6]
  67:/home/virusv/TDSAST_IOT/Driver/ADS1115.c ****     uint16_t result = 0;
 317              		.loc 1 67 0
 318 0010 0023     		movs	r3, #0
 319 0012 FB81     		strh	r3, [r7, #14]	@ movhi
  68:/home/virusv/TDSAST_IOT/Driver/ADS1115.c ****     i2cStart(i2cAddress, I2C_Direction_Transmitter);
 320              		.loc 1 68 0
 321 0014 FB79     		ldrb	r3, [r7, #7]	@ zero_extendqisi2
 322 0016 1846     		mov	r0, r3
 323 0018 0021     		movs	r1, #0
 324 001a FFF7FEFF 		bl	i2cStart
  69:/home/virusv/TDSAST_IOT/Driver/ADS1115.c ****     i2cwrite(ADS1115_REG_POINTER_CONVERT);
 325              		.loc 1 69 0
 326 001e 0020     		movs	r0, #0
 327 0020 FFF7FEFF 		bl	i2cwrite
  70:/home/virusv/TDSAST_IOT/Driver/ADS1115.c ****     //重发启动信号，接收模式
  71:/home/virusv/TDSAST_IOT/Driver/ADS1115.c ****     i2cStart(i2cAddress, I2C_Direction_Receiver);
 328              		.loc 1 71 0
 329 0024 FB79     		ldrb	r3, [r7, #7]	@ zero_extendqisi2
 330 0026 1846     		mov	r0, r3
 331 0028 0121     		movs	r1, #1
 332 002a FFF7FEFF 		bl	i2cStart
  72:/home/virusv/TDSAST_IOT/Driver/ADS1115.c ****     result = ((i2cread() << 8) | i2cread());
 333              		.loc 1 72 0
 334 002e FFF7FEFF 		bl	i2cread
 335 0032 0346     		mov	r3, r0
 336 0034 1B02     		lsls	r3, r3, #8
 337 0036 9CB2     		uxth	r4, r3
 338 0038 FFF7FEFF 		bl	i2cread
 339 003c 0346     		mov	r3, r0
 340 003e 9BB2     		uxth	r3, r3
 341 0040 2246     		mov	r2, r4	@ movhi
 342 0042 1343     		orrs	r3, r3, r2
 343 0044 9BB2     		uxth	r3, r3
 344 0046 FB81     		strh	r3, [r7, #14]	@ movhi
  73:/home/virusv/TDSAST_IOT/Driver/ADS1115.c ****     i2cStop(); //关闭总线
 345              		.loc 1 73 0
 346 0048 FFF7FEFF 		bl	i2cStop
  74:/home/virusv/TDSAST_IOT/Driver/ADS1115.c ****     return result;
 347              		.loc 1 74 0
 348 004c FB89     		ldrh	r3, [r7, #14]
  75:/home/virusv/TDSAST_IOT/Driver/ADS1115.c **** }
 349              		.loc 1 75 0
 350 004e 1846     		mov	r0, r3
 351 0050 1437     		adds	r7, r7, #20
 352              		.cfi_def_cfa_offset 12
 353 0052 BD46     		mov	sp, r7
 354              		.cfi_def_cfa_register 13
 355              		@ sp needed
 356 0054 90BD     		pop	{r4, r7, pc}
 357              		.cfi_endproc
 358              	.LFE34:
 360 0056 00BF     		.section	.text.readADC_SingleEnded,"ax",%progbits
 361              		.align	2
 362              		.global	readADC_SingleEnded
 363              		.thumb
 364              		.thumb_func
 366              	readADC_SingleEnded:
 367              	.LFB35:
  76:/home/virusv/TDSAST_IOT/Driver/ADS1115.c **** 
  77:/home/virusv/TDSAST_IOT/Driver/ADS1115.c **** 
  78:/home/virusv/TDSAST_IOT/Driver/ADS1115.c **** /**************************************************************************/
  79:/home/virusv/TDSAST_IOT/Driver/ADS1115.c **** /*!
  80:/home/virusv/TDSAST_IOT/Driver/ADS1115.c ****     @brief  Gets a single-ended ADC reading from the specified channel
  81:/home/virusv/TDSAST_IOT/Driver/ADS1115.c **** */
  82:/home/virusv/TDSAST_IOT/Driver/ADS1115.c **** /**************************************************************************/
  83:/home/virusv/TDSAST_IOT/Driver/ADS1115.c **** uint16_t readADC_SingleEnded(uint8_t channel) {
 368              		.loc 1 83 0
 369              		.cfi_startproc
 370              		@ args = 0, pretend = 0, frame = 16
 371              		@ frame_needed = 1, uses_anonymous_args = 0
 372 0000 80B5     		push	{r7, lr}
 373              		.cfi_def_cfa_offset 8
 374              		.cfi_offset 7, -8
 375              		.cfi_offset 14, -4
 376 0002 84B0     		sub	sp, sp, #16
 377              		.cfi_def_cfa_offset 24
 378 0004 00AF     		add	r7, sp, #0
 379              		.cfi_def_cfa_register 7
 380 0006 0346     		mov	r3, r0
 381 0008 FB71     		strb	r3, [r7, #7]
  84:/home/virusv/TDSAST_IOT/Driver/ADS1115.c ****     // Start with default values
  85:/home/virusv/TDSAST_IOT/Driver/ADS1115.c ****     uint16_t config = ADS1115_REG_CONFIG_CQUE_NONE    | // Disable the comparator (default val)
 382              		.loc 1 85 0
 383 000a 40F28313 		movw	r3, #387
 384 000e FB81     		strh	r3, [r7, #14]	@ movhi
  86:/home/virusv/TDSAST_IOT/Driver/ADS1115.c ****                     ADS1115_REG_CONFIG_CLAT_NONLAT  | // Non-latching (default val)
  87:/home/virusv/TDSAST_IOT/Driver/ADS1115.c ****                     ADS1115_REG_CONFIG_CPOL_ACTVLOW | // Alert/Rdy active low   (default val)
  88:/home/virusv/TDSAST_IOT/Driver/ADS1115.c ****                     ADS1115_REG_CONFIG_CMODE_TRAD   | // Traditional comparator (default val)
  89:/home/virusv/TDSAST_IOT/Driver/ADS1115.c ****                     ADS1115_REG_CONFIG_DR_1600SPS   | // 1600 samples per second (default)
  90:/home/virusv/TDSAST_IOT/Driver/ADS1115.c ****                     ADS1115_REG_CONFIG_MODE_SINGLE;   // Single-shot mode (default)
  91:/home/virusv/TDSAST_IOT/Driver/ADS1115.c ****     if (channel > 3) return 0;
 385              		.loc 1 91 0
 386 0010 FB79     		ldrb	r3, [r7, #7]	@ zero_extendqisi2
 387 0012 032B     		cmp	r3, #3
 388 0014 01D9     		bls	.L23
 389              		.loc 1 91 0 is_stmt 0 discriminator 1
 390 0016 0023     		movs	r3, #0
 391 0018 36E0     		b	.L24
 392              	.L23:
  92:/home/virusv/TDSAST_IOT/Driver/ADS1115.c ****     // Set PGA/voltage range
  93:/home/virusv/TDSAST_IOT/Driver/ADS1115.c ****     config |= GAIN_TWOTHIRDS;
  94:/home/virusv/TDSAST_IOT/Driver/ADS1115.c **** 
  95:/home/virusv/TDSAST_IOT/Driver/ADS1115.c ****     // Set single-ended input channel
  96:/home/virusv/TDSAST_IOT/Driver/ADS1115.c ****     switch (channel)
 393              		.loc 1 96 0 is_stmt 1
 394 001a FB79     		ldrb	r3, [r7, #7]	@ zero_extendqisi2
 395 001c 032B     		cmp	r3, #3
 396 001e 1FD8     		bhi	.L25
 397 0020 01A2     		adr	r2, .L27
 398 0022 52F823F0 		ldr	pc, [r2, r3, lsl #2]
 399 0026 00BF     		.p2align 2
 400              	.L27:
 401 0028 39000000 		.word	.L26+1
 402 002c 43000000 		.word	.L28+1
 403 0030 4D000000 		.word	.L29+1
 404 0034 57000000 		.word	.L30+1
 405              		.p2align 1
 406              	.L26:
  97:/home/virusv/TDSAST_IOT/Driver/ADS1115.c ****     {
  98:/home/virusv/TDSAST_IOT/Driver/ADS1115.c ****     case (0):
  99:/home/virusv/TDSAST_IOT/Driver/ADS1115.c ****       config |= ADS1115_REG_CONFIG_MUX_SINGLE_0;
 407              		.loc 1 99 0
 408 0038 FB89     		ldrh	r3, [r7, #14]	@ movhi
 409 003a 43F48043 		orr	r3, r3, #16384
 410 003e FB81     		strh	r3, [r7, #14]	@ movhi
 100:/home/virusv/TDSAST_IOT/Driver/ADS1115.c ****       break;
 411              		.loc 1 100 0
 412 0040 0EE0     		b	.L25
 413              	.L28:
 101:/home/virusv/TDSAST_IOT/Driver/ADS1115.c ****     case (1):
 102:/home/virusv/TDSAST_IOT/Driver/ADS1115.c ****       config |= ADS1115_REG_CONFIG_MUX_SINGLE_1;
 414              		.loc 1 102 0
 415 0042 FB89     		ldrh	r3, [r7, #14]	@ movhi
 416 0044 43F4A043 		orr	r3, r3, #20480
 417 0048 FB81     		strh	r3, [r7, #14]	@ movhi
 103:/home/virusv/TDSAST_IOT/Driver/ADS1115.c ****       break;
 418              		.loc 1 103 0
 419 004a 09E0     		b	.L25
 420              	.L29:
 104:/home/virusv/TDSAST_IOT/Driver/ADS1115.c ****     case (2):
 105:/home/virusv/TDSAST_IOT/Driver/ADS1115.c ****       config |= ADS1115_REG_CONFIG_MUX_SINGLE_2;
 421              		.loc 1 105 0
 422 004c FB89     		ldrh	r3, [r7, #14]	@ movhi
 423 004e 43F4C043 		orr	r3, r3, #24576
 424 0052 FB81     		strh	r3, [r7, #14]	@ movhi
 106:/home/virusv/TDSAST_IOT/Driver/ADS1115.c ****       break;
 425              		.loc 1 106 0
 426 0054 04E0     		b	.L25
 427              	.L30:
 107:/home/virusv/TDSAST_IOT/Driver/ADS1115.c ****     case (3):
 108:/home/virusv/TDSAST_IOT/Driver/ADS1115.c ****       config |= ADS1115_REG_CONFIG_MUX_SINGLE_3;
 428              		.loc 1 108 0
 429 0056 FB89     		ldrh	r3, [r7, #14]	@ movhi
 430 0058 43F4E043 		orr	r3, r3, #28672
 431 005c FB81     		strh	r3, [r7, #14]	@ movhi
 109:/home/virusv/TDSAST_IOT/Driver/ADS1115.c ****       break;
 432              		.loc 1 109 0
 433 005e 00BF     		nop
 434              	.L25:
 110:/home/virusv/TDSAST_IOT/Driver/ADS1115.c ****     }
 111:/home/virusv/TDSAST_IOT/Driver/ADS1115.c **** 
 112:/home/virusv/TDSAST_IOT/Driver/ADS1115.c ****     // Set 'start single-conversion' bit
 113:/home/virusv/TDSAST_IOT/Driver/ADS1115.c ****     config |= ADS1115_REG_CONFIG_OS_SINGLE;
 435              		.loc 1 113 0
 436 0060 FB89     		ldrh	r3, [r7, #14]	@ movhi
 437 0062 6FEA4343 		mvn	r3, r3, lsl #17
 438 0066 6FEA5343 		mvn	r3, r3, lsr #17
 439 006a FB81     		strh	r3, [r7, #14]	@ movhi
 114:/home/virusv/TDSAST_IOT/Driver/ADS1115.c **** 
 115:/home/virusv/TDSAST_IOT/Driver/ADS1115.c ****     // Write config register to the ADC
 116:/home/virusv/TDSAST_IOT/Driver/ADS1115.c ****     writeRegister(ADS1115_ADDRESS, ADS1115_REG_POINTER_CONFIG, config);
 440              		.loc 1 116 0
 441 006c FB89     		ldrh	r3, [r7, #14]
 442 006e 4820     		movs	r0, #72
 443 0070 0121     		movs	r1, #1
 444 0072 1A46     		mov	r2, r3
 445 0074 FFF7FEFF 		bl	writeRegister
 117:/home/virusv/TDSAST_IOT/Driver/ADS1115.c **** 
 118:/home/virusv/TDSAST_IOT/Driver/ADS1115.c ****     // Wait for the conversion to complete
 119:/home/virusv/TDSAST_IOT/Driver/ADS1115.c ****     delay_ms(ADS1115_CONVERSIONDELAY);
 446              		.loc 1 119 0
 447 0078 0820     		movs	r0, #8
 448 007a FFF7FEFF 		bl	delay_ms
 120:/home/virusv/TDSAST_IOT/Driver/ADS1115.c **** 
 121:/home/virusv/TDSAST_IOT/Driver/ADS1115.c ****     // Read the conversion results
 122:/home/virusv/TDSAST_IOT/Driver/ADS1115.c ****     // Shift 12-bit results right 4 bits for the ADS1115
 123:/home/virusv/TDSAST_IOT/Driver/ADS1115.c ****     return readRegister(ADS1115_ADDRESS, ADS1115_REG_POINTER_CONVERT) >> 0;  
 449              		.loc 1 123 0
 450 007e 4820     		movs	r0, #72
 451 0080 0021     		movs	r1, #0
 452 0082 FFF7FEFF 		bl	readRegister
 453 0086 0346     		mov	r3, r0
 454              	.L24:
 124:/home/virusv/TDSAST_IOT/Driver/ADS1115.c **** }
 455              		.loc 1 124 0
 456 0088 1846     		mov	r0, r3
 457 008a 1037     		adds	r7, r7, #16
 458              		.cfi_def_cfa_offset 8
 459 008c BD46     		mov	sp, r7
 460              		.cfi_def_cfa_register 13
 461              		@ sp needed
 462 008e 80BD     		pop	{r7, pc}
 463              		.cfi_endproc
 464              	.LFE35:
 466              		.section	.text.readADC_Differential_0_1,"ax",%progbits
 467              		.align	2
 468              		.global	readADC_Differential_0_1
 469              		.thumb
 470              		.thumb_func
 472              	readADC_Differential_0_1:
 473              	.LFB36:
 125:/home/virusv/TDSAST_IOT/Driver/ADS1115.c **** 
 126:/home/virusv/TDSAST_IOT/Driver/ADS1115.c **** /**************************************************************************/
 127:/home/virusv/TDSAST_IOT/Driver/ADS1115.c **** /*! 
 128:/home/virusv/TDSAST_IOT/Driver/ADS1115.c ****     @brief  Reads the conversion results, measuring the voltage
 129:/home/virusv/TDSAST_IOT/Driver/ADS1115.c ****             difference between the P (AIN0) and N (AIN1) input.  Generates
 130:/home/virusv/TDSAST_IOT/Driver/ADS1115.c ****             a signed value since the difference can be either
 131:/home/virusv/TDSAST_IOT/Driver/ADS1115.c ****             positive or negative.
 132:/home/virusv/TDSAST_IOT/Driver/ADS1115.c **** */
 133:/home/virusv/TDSAST_IOT/Driver/ADS1115.c **** /**************************************************************************/
 134:/home/virusv/TDSAST_IOT/Driver/ADS1115.c **** int16_t readADC_Differential_0_1() {
 474              		.loc 1 134 0
 475              		.cfi_startproc
 476              		@ args = 0, pretend = 0, frame = 8
 477              		@ frame_needed = 1, uses_anonymous_args = 0
 478 0000 80B5     		push	{r7, lr}
 479              		.cfi_def_cfa_offset 8
 480              		.cfi_offset 7, -8
 481              		.cfi_offset 14, -4
 482 0002 82B0     		sub	sp, sp, #8
 483              		.cfi_def_cfa_offset 16
 484 0004 00AF     		add	r7, sp, #0
 485              		.cfi_def_cfa_register 7
 135:/home/virusv/TDSAST_IOT/Driver/ADS1115.c ****   // Start with default values
 136:/home/virusv/TDSAST_IOT/Driver/ADS1115.c ****     uint16_t res;
 137:/home/virusv/TDSAST_IOT/Driver/ADS1115.c ****     uint16_t config = ADS1115_REG_CONFIG_CQUE_NONE    | // Disable the comparator (default val)
 486              		.loc 1 137 0
 487 0006 40F28313 		movw	r3, #387
 488 000a FB80     		strh	r3, [r7, #6]	@ movhi
 138:/home/virusv/TDSAST_IOT/Driver/ADS1115.c ****                     ADS1115_REG_CONFIG_CLAT_NONLAT  | // Non-latching (default val)
 139:/home/virusv/TDSAST_IOT/Driver/ADS1115.c ****                     ADS1115_REG_CONFIG_CPOL_ACTVLOW | // Alert/Rdy active low   (default val)
 140:/home/virusv/TDSAST_IOT/Driver/ADS1115.c ****                     ADS1115_REG_CONFIG_CMODE_TRAD   | // Traditional comparator (default val)
 141:/home/virusv/TDSAST_IOT/Driver/ADS1115.c ****                     ADS1115_REG_CONFIG_DR_1600SPS   | // 1600 samples per second (default)
 142:/home/virusv/TDSAST_IOT/Driver/ADS1115.c ****                     ADS1115_REG_CONFIG_MODE_SINGLE;   // Single-shot mode (default)
 143:/home/virusv/TDSAST_IOT/Driver/ADS1115.c **** 
 144:/home/virusv/TDSAST_IOT/Driver/ADS1115.c ****     // Set PGA/voltage range
 145:/home/virusv/TDSAST_IOT/Driver/ADS1115.c ****     config |= GAIN_TWOTHIRDS;
 146:/home/virusv/TDSAST_IOT/Driver/ADS1115.c ****                     
 147:/home/virusv/TDSAST_IOT/Driver/ADS1115.c ****     // Set channels
 148:/home/virusv/TDSAST_IOT/Driver/ADS1115.c ****     config |= ADS1115_REG_CONFIG_MUX_DIFF_0_1;          // AIN0 = P, AIN1 = N
 149:/home/virusv/TDSAST_IOT/Driver/ADS1115.c **** 
 150:/home/virusv/TDSAST_IOT/Driver/ADS1115.c ****     // Set 'start single-conversion' bit
 151:/home/virusv/TDSAST_IOT/Driver/ADS1115.c ****     config |= ADS1115_REG_CONFIG_OS_SINGLE;
 489              		.loc 1 151 0
 490 000c FB88     		ldrh	r3, [r7, #6]	@ movhi
 491 000e 6FEA4343 		mvn	r3, r3, lsl #17
 492 0012 6FEA5343 		mvn	r3, r3, lsr #17
 493 0016 FB80     		strh	r3, [r7, #6]	@ movhi
 152:/home/virusv/TDSAST_IOT/Driver/ADS1115.c **** 
 153:/home/virusv/TDSAST_IOT/Driver/ADS1115.c ****     // Write config register to the ADC
 154:/home/virusv/TDSAST_IOT/Driver/ADS1115.c ****     writeRegister(ADS1115_ADDRESS, ADS1115_REG_POINTER_CONFIG, config);
 494              		.loc 1 154 0
 495 0018 FB88     		ldrh	r3, [r7, #6]
 496 001a 4820     		movs	r0, #72
 497 001c 0121     		movs	r1, #1
 498 001e 1A46     		mov	r2, r3
 499 0020 FFF7FEFF 		bl	writeRegister
 155:/home/virusv/TDSAST_IOT/Driver/ADS1115.c **** 
 156:/home/virusv/TDSAST_IOT/Driver/ADS1115.c ****     // Wait for the conversion to complete
 157:/home/virusv/TDSAST_IOT/Driver/ADS1115.c ****     delay_ms(ADS1115_CONVERSIONDELAY);
 500              		.loc 1 157 0
 501 0024 0820     		movs	r0, #8
 502 0026 FFF7FEFF 		bl	delay_ms
 158:/home/virusv/TDSAST_IOT/Driver/ADS1115.c **** 
 159:/home/virusv/TDSAST_IOT/Driver/ADS1115.c ****     // Read the conversion results
 160:/home/virusv/TDSAST_IOT/Driver/ADS1115.c ****     res = readRegister(ADS1115_ADDRESS, ADS1115_REG_POINTER_CONVERT) >> 0;
 503              		.loc 1 160 0
 504 002a 4820     		movs	r0, #72
 505 002c 0021     		movs	r1, #0
 506 002e FFF7FEFF 		bl	readRegister
 507 0032 0346     		mov	r3, r0
 508 0034 BB80     		strh	r3, [r7, #4]	@ movhi
 161:/home/virusv/TDSAST_IOT/Driver/ADS1115.c ****     return (int16_t)res;
 509              		.loc 1 161 0
 510 0036 BB88     		ldrh	r3, [r7, #4]
 511 0038 1BB2     		sxth	r3, r3
 162:/home/virusv/TDSAST_IOT/Driver/ADS1115.c **** }
 512              		.loc 1 162 0
 513 003a 1846     		mov	r0, r3
 514 003c 0837     		adds	r7, r7, #8
 515              		.cfi_def_cfa_offset 8
 516 003e BD46     		mov	sp, r7
 517              		.cfi_def_cfa_register 13
 518              		@ sp needed
 519 0040 80BD     		pop	{r7, pc}
 520              		.cfi_endproc
 521              	.LFE36:
 523 0042 00BF     		.section	.text.readADC_Differential_2_3,"ax",%progbits
 524              		.align	2
 525              		.global	readADC_Differential_2_3
 526              		.thumb
 527              		.thumb_func
 529              	readADC_Differential_2_3:
 530              	.LFB37:
 163:/home/virusv/TDSAST_IOT/Driver/ADS1115.c **** 
 164:/home/virusv/TDSAST_IOT/Driver/ADS1115.c **** /**************************************************************************/
 165:/home/virusv/TDSAST_IOT/Driver/ADS1115.c **** /*! 
 166:/home/virusv/TDSAST_IOT/Driver/ADS1115.c ****     @brief  Reads the conversion results, measuring the voltage
 167:/home/virusv/TDSAST_IOT/Driver/ADS1115.c ****             difference between the P (AIN2) and N (AIN3) input.  Generates
 168:/home/virusv/TDSAST_IOT/Driver/ADS1115.c ****             a signed value since the difference can be either
 169:/home/virusv/TDSAST_IOT/Driver/ADS1115.c ****             positive or negative.
 170:/home/virusv/TDSAST_IOT/Driver/ADS1115.c **** */
 171:/home/virusv/TDSAST_IOT/Driver/ADS1115.c **** /**************************************************************************/
 172:/home/virusv/TDSAST_IOT/Driver/ADS1115.c **** int16_t readADC_Differential_2_3() {
 531              		.loc 1 172 0
 532              		.cfi_startproc
 533              		@ args = 0, pretend = 0, frame = 8
 534              		@ frame_needed = 1, uses_anonymous_args = 0
 535 0000 80B5     		push	{r7, lr}
 536              		.cfi_def_cfa_offset 8
 537              		.cfi_offset 7, -8
 538              		.cfi_offset 14, -4
 539 0002 82B0     		sub	sp, sp, #8
 540              		.cfi_def_cfa_offset 16
 541 0004 00AF     		add	r7, sp, #0
 542              		.cfi_def_cfa_register 7
 173:/home/virusv/TDSAST_IOT/Driver/ADS1115.c ****     // Start with default values
 174:/home/virusv/TDSAST_IOT/Driver/ADS1115.c ****     uint16_t res;
 175:/home/virusv/TDSAST_IOT/Driver/ADS1115.c ****     uint16_t config = ADS1115_REG_CONFIG_CQUE_NONE    | // Disable the comparator (default val)
 543              		.loc 1 175 0
 544 0006 40F28313 		movw	r3, #387
 545 000a FB80     		strh	r3, [r7, #6]	@ movhi
 176:/home/virusv/TDSAST_IOT/Driver/ADS1115.c ****                     ADS1115_REG_CONFIG_CLAT_NONLAT  | // Non-latching (default val)
 177:/home/virusv/TDSAST_IOT/Driver/ADS1115.c ****                     ADS1115_REG_CONFIG_CPOL_ACTVLOW | // Alert/Rdy active low   (default val)
 178:/home/virusv/TDSAST_IOT/Driver/ADS1115.c ****                     ADS1115_REG_CONFIG_CMODE_TRAD   | // Traditional comparator (default val)
 179:/home/virusv/TDSAST_IOT/Driver/ADS1115.c ****                     ADS1115_REG_CONFIG_DR_1600SPS   | // 1600 samples per second (default)
 180:/home/virusv/TDSAST_IOT/Driver/ADS1115.c ****                     ADS1115_REG_CONFIG_MODE_SINGLE;   // Single-shot mode (default)
 181:/home/virusv/TDSAST_IOT/Driver/ADS1115.c **** 
 182:/home/virusv/TDSAST_IOT/Driver/ADS1115.c ****     // Set PGA/voltage range
 183:/home/virusv/TDSAST_IOT/Driver/ADS1115.c ****     config |= GAIN_TWOTHIRDS;
 184:/home/virusv/TDSAST_IOT/Driver/ADS1115.c **** 
 185:/home/virusv/TDSAST_IOT/Driver/ADS1115.c ****     // Set channels
 186:/home/virusv/TDSAST_IOT/Driver/ADS1115.c ****     config |= ADS1115_REG_CONFIG_MUX_DIFF_2_3;          // AIN2 = P, AIN3 = N
 546              		.loc 1 186 0
 547 000c FB88     		ldrh	r3, [r7, #6]	@ movhi
 548 000e 43F44053 		orr	r3, r3, #12288
 549 0012 FB80     		strh	r3, [r7, #6]	@ movhi
 187:/home/virusv/TDSAST_IOT/Driver/ADS1115.c **** 
 188:/home/virusv/TDSAST_IOT/Driver/ADS1115.c ****     // Set 'start single-conversion' bit
 189:/home/virusv/TDSAST_IOT/Driver/ADS1115.c ****     config |= ADS1115_REG_CONFIG_OS_SINGLE;
 550              		.loc 1 189 0
 551 0014 FB88     		ldrh	r3, [r7, #6]	@ movhi
 552 0016 6FEA4343 		mvn	r3, r3, lsl #17
 553 001a 6FEA5343 		mvn	r3, r3, lsr #17
 554 001e FB80     		strh	r3, [r7, #6]	@ movhi
 190:/home/virusv/TDSAST_IOT/Driver/ADS1115.c **** 
 191:/home/virusv/TDSAST_IOT/Driver/ADS1115.c ****     // Write config register to the ADC
 192:/home/virusv/TDSAST_IOT/Driver/ADS1115.c ****     writeRegister(ADS1115_ADDRESS, ADS1115_REG_POINTER_CONFIG, config);
 555              		.loc 1 192 0
 556 0020 FB88     		ldrh	r3, [r7, #6]
 557 0022 4820     		movs	r0, #72
 558 0024 0121     		movs	r1, #1
 559 0026 1A46     		mov	r2, r3
 560 0028 FFF7FEFF 		bl	writeRegister
 193:/home/virusv/TDSAST_IOT/Driver/ADS1115.c **** 
 194:/home/virusv/TDSAST_IOT/Driver/ADS1115.c ****     // Wait for the conversion to complete
 195:/home/virusv/TDSAST_IOT/Driver/ADS1115.c ****     delay_ms(ADS1115_CONVERSIONDELAY);
 561              		.loc 1 195 0
 562 002c 0820     		movs	r0, #8
 563 002e FFF7FEFF 		bl	delay_ms
 196:/home/virusv/TDSAST_IOT/Driver/ADS1115.c **** 
 197:/home/virusv/TDSAST_IOT/Driver/ADS1115.c ****     // Read the conversion results
 198:/home/virusv/TDSAST_IOT/Driver/ADS1115.c ****     res = readRegister(ADS1115_ADDRESS, ADS1115_REG_POINTER_CONVERT) >> 0;
 564              		.loc 1 198 0
 565 0032 4820     		movs	r0, #72
 566 0034 0021     		movs	r1, #0
 567 0036 FFF7FEFF 		bl	readRegister
 568 003a 0346     		mov	r3, r0
 569 003c BB80     		strh	r3, [r7, #4]	@ movhi
 199:/home/virusv/TDSAST_IOT/Driver/ADS1115.c ****     return (int16_t)res;
 570              		.loc 1 199 0
 571 003e BB88     		ldrh	r3, [r7, #4]
 572 0040 1BB2     		sxth	r3, r3
 200:/home/virusv/TDSAST_IOT/Driver/ADS1115.c **** }
 573              		.loc 1 200 0
 574 0042 1846     		mov	r0, r3
 575 0044 0837     		adds	r7, r7, #8
 576              		.cfi_def_cfa_offset 8
 577 0046 BD46     		mov	sp, r7
 578              		.cfi_def_cfa_register 13
 579              		@ sp needed
 580 0048 80BD     		pop	{r7, pc}
 581              		.cfi_endproc
 582              	.LFE37:
 584 004a 00BF     		.section	.text.startComparator_SingleEnded,"ax",%progbits
 585              		.align	2
 586              		.global	startComparator_SingleEnded
 587              		.thumb
 588              		.thumb_func
 590              	startComparator_SingleEnded:
 591              	.LFB38:
 201:/home/virusv/TDSAST_IOT/Driver/ADS1115.c **** 
 202:/home/virusv/TDSAST_IOT/Driver/ADS1115.c **** /**************************************************************************/
 203:/home/virusv/TDSAST_IOT/Driver/ADS1115.c **** /*!
 204:/home/virusv/TDSAST_IOT/Driver/ADS1115.c ****     @brief  Sets up the comparator to operate in basic mode, causing the
 205:/home/virusv/TDSAST_IOT/Driver/ADS1115.c ****             ALERT/RDY pin to assert (go from high to low) when the ADC
 206:/home/virusv/TDSAST_IOT/Driver/ADS1115.c ****             value exceeds the specified threshold.
 207:/home/virusv/TDSAST_IOT/Driver/ADS1115.c **** 
 208:/home/virusv/TDSAST_IOT/Driver/ADS1115.c ****             This will also set the ADC in continuous conversion mode.
 209:/home/virusv/TDSAST_IOT/Driver/ADS1115.c **** */
 210:/home/virusv/TDSAST_IOT/Driver/ADS1115.c **** /**************************************************************************/
 211:/home/virusv/TDSAST_IOT/Driver/ADS1115.c **** void startComparator_SingleEnded(uint8_t channel, int16_t threshold)
 212:/home/virusv/TDSAST_IOT/Driver/ADS1115.c **** {
 592              		.loc 1 212 0
 593              		.cfi_startproc
 594              		@ args = 0, pretend = 0, frame = 16
 595              		@ frame_needed = 1, uses_anonymous_args = 0
 596 0000 80B5     		push	{r7, lr}
 597              		.cfi_def_cfa_offset 8
 598              		.cfi_offset 7, -8
 599              		.cfi_offset 14, -4
 600 0002 84B0     		sub	sp, sp, #16
 601              		.cfi_def_cfa_offset 24
 602 0004 00AF     		add	r7, sp, #0
 603              		.cfi_def_cfa_register 7
 604 0006 0346     		mov	r3, r0
 605 0008 0A46     		mov	r2, r1
 606 000a FB71     		strb	r3, [r7, #7]
 607 000c 1346     		mov	r3, r2	@ movhi
 608 000e BB80     		strh	r3, [r7, #4]	@ movhi
 213:/home/virusv/TDSAST_IOT/Driver/ADS1115.c ****     // Start with default values
 214:/home/virusv/TDSAST_IOT/Driver/ADS1115.c ****     uint16_t config = ADS1115_REG_CONFIG_CQUE_1CONV   | // Comparator enabled and asserts on 1 matc
 609              		.loc 1 214 0
 610 0010 8423     		movs	r3, #132
 611 0012 FB81     		strh	r3, [r7, #14]	@ movhi
 215:/home/virusv/TDSAST_IOT/Driver/ADS1115.c ****                     ADS1115_REG_CONFIG_CLAT_LATCH   | // Latching mode
 216:/home/virusv/TDSAST_IOT/Driver/ADS1115.c ****                     ADS1115_REG_CONFIG_CPOL_ACTVLOW | // Alert/Rdy active low   (default val)
 217:/home/virusv/TDSAST_IOT/Driver/ADS1115.c ****                     ADS1115_REG_CONFIG_CMODE_TRAD   | // Traditional comparator (default val)
 218:/home/virusv/TDSAST_IOT/Driver/ADS1115.c ****                     ADS1115_REG_CONFIG_DR_1600SPS   | // 1600 samples per second (default)
 219:/home/virusv/TDSAST_IOT/Driver/ADS1115.c ****                     ADS1115_REG_CONFIG_MODE_CONTIN  | // Continuous conversion mode
 220:/home/virusv/TDSAST_IOT/Driver/ADS1115.c ****                     ADS1115_REG_CONFIG_MODE_CONTIN;   // Continuous conversion mode
 221:/home/virusv/TDSAST_IOT/Driver/ADS1115.c **** 
 222:/home/virusv/TDSAST_IOT/Driver/ADS1115.c ****     // Set PGA/voltage range
 223:/home/virusv/TDSAST_IOT/Driver/ADS1115.c ****     config |= GAIN_TWOTHIRDS;
 224:/home/virusv/TDSAST_IOT/Driver/ADS1115.c ****                     
 225:/home/virusv/TDSAST_IOT/Driver/ADS1115.c ****     // Set single-ended input channel
 226:/home/virusv/TDSAST_IOT/Driver/ADS1115.c ****     switch (channel)
 612              		.loc 1 226 0
 613 0014 FB79     		ldrb	r3, [r7, #7]	@ zero_extendqisi2
 614 0016 032B     		cmp	r3, #3
 615 0018 1ED8     		bhi	.L36
 616 001a 01A2     		adr	r2, .L38
 617 001c 52F823F0 		ldr	pc, [r2, r3, lsl #2]
 618              		.p2align 2
 619              	.L38:
 620 0020 31000000 		.word	.L37+1
 621 0024 3B000000 		.word	.L39+1
 622 0028 45000000 		.word	.L40+1
 623 002c 4F000000 		.word	.L41+1
 624              		.p2align 1
 625              	.L37:
 227:/home/virusv/TDSAST_IOT/Driver/ADS1115.c ****     {
 228:/home/virusv/TDSAST_IOT/Driver/ADS1115.c ****     case (0):
 229:/home/virusv/TDSAST_IOT/Driver/ADS1115.c ****       config |= ADS1115_REG_CONFIG_MUX_SINGLE_0;
 626              		.loc 1 229 0
 627 0030 FB89     		ldrh	r3, [r7, #14]	@ movhi
 628 0032 43F48043 		orr	r3, r3, #16384
 629 0036 FB81     		strh	r3, [r7, #14]	@ movhi
 230:/home/virusv/TDSAST_IOT/Driver/ADS1115.c ****       break;
 630              		.loc 1 230 0
 631 0038 0EE0     		b	.L36
 632              	.L39:
 231:/home/virusv/TDSAST_IOT/Driver/ADS1115.c ****     case (1):
 232:/home/virusv/TDSAST_IOT/Driver/ADS1115.c ****       config |= ADS1115_REG_CONFIG_MUX_SINGLE_1;
 633              		.loc 1 232 0
 634 003a FB89     		ldrh	r3, [r7, #14]	@ movhi
 635 003c 43F4A043 		orr	r3, r3, #20480
 636 0040 FB81     		strh	r3, [r7, #14]	@ movhi
 233:/home/virusv/TDSAST_IOT/Driver/ADS1115.c ****       break;
 637              		.loc 1 233 0
 638 0042 09E0     		b	.L36
 639              	.L40:
 234:/home/virusv/TDSAST_IOT/Driver/ADS1115.c ****     case (2):
 235:/home/virusv/TDSAST_IOT/Driver/ADS1115.c ****       config |= ADS1115_REG_CONFIG_MUX_SINGLE_2;
 640              		.loc 1 235 0
 641 0044 FB89     		ldrh	r3, [r7, #14]	@ movhi
 642 0046 43F4C043 		orr	r3, r3, #24576
 643 004a FB81     		strh	r3, [r7, #14]	@ movhi
 236:/home/virusv/TDSAST_IOT/Driver/ADS1115.c ****       break;
 644              		.loc 1 236 0
 645 004c 04E0     		b	.L36
 646              	.L41:
 237:/home/virusv/TDSAST_IOT/Driver/ADS1115.c ****     case (3):
 238:/home/virusv/TDSAST_IOT/Driver/ADS1115.c ****       config |= ADS1115_REG_CONFIG_MUX_SINGLE_3;
 647              		.loc 1 238 0
 648 004e FB89     		ldrh	r3, [r7, #14]	@ movhi
 649 0050 43F4E043 		orr	r3, r3, #28672
 650 0054 FB81     		strh	r3, [r7, #14]	@ movhi
 239:/home/virusv/TDSAST_IOT/Driver/ADS1115.c ****       break;
 651              		.loc 1 239 0
 652 0056 00BF     		nop
 653              	.L36:
 240:/home/virusv/TDSAST_IOT/Driver/ADS1115.c ****     }
 241:/home/virusv/TDSAST_IOT/Driver/ADS1115.c **** 
 242:/home/virusv/TDSAST_IOT/Driver/ADS1115.c ****     // Set the high threshold register
 243:/home/virusv/TDSAST_IOT/Driver/ADS1115.c ****     // Shift 12-bit results left 4 bits for the ADS1115
 244:/home/virusv/TDSAST_IOT/Driver/ADS1115.c ****     writeRegister(ADS1115_ADDRESS, ADS1115_REG_POINTER_HITHRESH, threshold << 0);
 654              		.loc 1 244 0
 655 0058 BB88     		ldrh	r3, [r7, #4]
 656 005a 4820     		movs	r0, #72
 657 005c 0321     		movs	r1, #3
 658 005e 1A46     		mov	r2, r3
 659 0060 FFF7FEFF 		bl	writeRegister
 245:/home/virusv/TDSAST_IOT/Driver/ADS1115.c **** 
 246:/home/virusv/TDSAST_IOT/Driver/ADS1115.c ****     // Write config register to the ADC
 247:/home/virusv/TDSAST_IOT/Driver/ADS1115.c ****     writeRegister(ADS1115_ADDRESS, ADS1115_REG_POINTER_CONFIG, config);
 660              		.loc 1 247 0
 661 0064 FB89     		ldrh	r3, [r7, #14]
 662 0066 4820     		movs	r0, #72
 663 0068 0121     		movs	r1, #1
 664 006a 1A46     		mov	r2, r3
 665 006c FFF7FEFF 		bl	writeRegister
 248:/home/virusv/TDSAST_IOT/Driver/ADS1115.c **** }
 666              		.loc 1 248 0
 667 0070 1037     		adds	r7, r7, #16
 668              		.cfi_def_cfa_offset 8
 669 0072 BD46     		mov	sp, r7
 670              		.cfi_def_cfa_register 13
 671              		@ sp needed
 672 0074 80BD     		pop	{r7, pc}
 673              		.cfi_endproc
 674              	.LFE38:
 676 0076 00BF     		.section	.text.getLastConversionResults,"ax",%progbits
 677              		.align	2
 678              		.global	getLastConversionResults
 679              		.thumb
 680              		.thumb_func
 682              	getLastConversionResults:
 683              	.LFB39:
 249:/home/virusv/TDSAST_IOT/Driver/ADS1115.c **** 
 250:/home/virusv/TDSAST_IOT/Driver/ADS1115.c **** /**************************************************************************/
 251:/home/virusv/TDSAST_IOT/Driver/ADS1115.c **** /*!
 252:/home/virusv/TDSAST_IOT/Driver/ADS1115.c ****     @brief  In order to clear the comparator, we need to read the
 253:/home/virusv/TDSAST_IOT/Driver/ADS1115.c ****             conversion results.  This function reads the last conversion
 254:/home/virusv/TDSAST_IOT/Driver/ADS1115.c ****             results without changing the config value.
 255:/home/virusv/TDSAST_IOT/Driver/ADS1115.c **** */
 256:/home/virusv/TDSAST_IOT/Driver/ADS1115.c **** /**************************************************************************/
 257:/home/virusv/TDSAST_IOT/Driver/ADS1115.c **** int16_t getLastConversionResults(void)
 258:/home/virusv/TDSAST_IOT/Driver/ADS1115.c **** {
 684              		.loc 1 258 0
 685              		.cfi_startproc
 686              		@ args = 0, pretend = 0, frame = 8
 687              		@ frame_needed = 1, uses_anonymous_args = 0
 688 0000 80B5     		push	{r7, lr}
 689              		.cfi_def_cfa_offset 8
 690              		.cfi_offset 7, -8
 691              		.cfi_offset 14, -4
 692 0002 82B0     		sub	sp, sp, #8
 693              		.cfi_def_cfa_offset 16
 694 0004 00AF     		add	r7, sp, #0
 695              		.cfi_def_cfa_register 7
 259:/home/virusv/TDSAST_IOT/Driver/ADS1115.c ****     uint16_t res;
 260:/home/virusv/TDSAST_IOT/Driver/ADS1115.c ****     // Wait for the conversion to complete
 261:/home/virusv/TDSAST_IOT/Driver/ADS1115.c ****     delay_ms(ADS1115_CONVERSIONDELAY);
 696              		.loc 1 261 0
 697 0006 0820     		movs	r0, #8
 698 0008 FFF7FEFF 		bl	delay_ms
 262:/home/virusv/TDSAST_IOT/Driver/ADS1115.c **** 
 263:/home/virusv/TDSAST_IOT/Driver/ADS1115.c ****     // Read the conversion results
 264:/home/virusv/TDSAST_IOT/Driver/ADS1115.c ****     res = readRegister(ADS1115_ADDRESS, ADS1115_REG_POINTER_CONVERT) >> 0;
 699              		.loc 1 264 0
 700 000c 4820     		movs	r0, #72
 701 000e 0021     		movs	r1, #0
 702 0010 FFF7FEFF 		bl	readRegister
 703 0014 0346     		mov	r3, r0
 704 0016 FB80     		strh	r3, [r7, #6]	@ movhi
 265:/home/virusv/TDSAST_IOT/Driver/ADS1115.c ****     return (int16_t)res;
 705              		.loc 1 265 0
 706 0018 FB88     		ldrh	r3, [r7, #6]
 707 001a 1BB2     		sxth	r3, r3
 266:/home/virusv/TDSAST_IOT/Driver/ADS1115.c **** }
 708              		.loc 1 266 0
 709 001c 1846     		mov	r0, r3
 710 001e 0837     		adds	r7, r7, #8
 711              		.cfi_def_cfa_offset 8
 712 0020 BD46     		mov	sp, r7
 713              		.cfi_def_cfa_register 13
 714              		@ sp needed
 715 0022 80BD     		pop	{r7, pc}
 716              		.cfi_endproc
 717              	.LFE39:
 719              		.text
 720              	.Letext0:
 721              		.file 2 "/usr/include/newlib/machine/_default_types.h"
 722              		.file 3 "/usr/include/newlib/sys/_stdint.h"
 723              		.file 4 "/home/virusv/TDSAST_IOT/CMSIS/CM3/DeviceSupport/ST/STM32F10x/stm32f10x.h"
 724              		.file 5 "/home/virusv/TDSAST_IOT/Driver/ADS1115.h"
 725              		.file 6 "/home/virusv/TDSAST_IOT/CMSIS/CM3/CoreSupport/core_cm3.h"
DEFINED SYMBOLS
                            *ABS*:0000000000000000 ADS1115.c
     /tmp/ccoKqeOv.s:19     .text.i2cStart:0000000000000000 $t
     /tmp/ccoKqeOv.s:23     .text.i2cStart:0000000000000000 i2cStart
     /tmp/ccoKqeOv.s:74     .text.i2cStart:000000000000003c $d
     /tmp/ccoKqeOv.s:80     .text.i2cStop:0000000000000000 $t
     /tmp/ccoKqeOv.s:84     .text.i2cStop:0000000000000000 i2cStop
     /tmp/ccoKqeOv.s:105    .text.i2cStop:0000000000000010 $d
     /tmp/ccoKqeOv.s:110    .text.i2cread:0000000000000000 $t
     /tmp/ccoKqeOv.s:114    .text.i2cread:0000000000000000 i2cread
     /tmp/ccoKqeOv.s:166    .text.i2cread:000000000000003c $d
     /tmp/ccoKqeOv.s:173    .text.i2cwrite:0000000000000000 $t
     /tmp/ccoKqeOv.s:177    .text.i2cwrite:0000000000000000 i2cwrite
     /tmp/ccoKqeOv.s:228    .text.i2cwrite:000000000000003c $d
     /tmp/ccoKqeOv.s:235    .text.writeRegister:0000000000000000 $t
     /tmp/ccoKqeOv.s:239    .text.writeRegister:0000000000000000 writeRegister
     /tmp/ccoKqeOv.s:293    .text.readRegister:0000000000000000 $t
     /tmp/ccoKqeOv.s:297    .text.readRegister:0000000000000000 readRegister
     /tmp/ccoKqeOv.s:361    .text.readADC_SingleEnded:0000000000000000 $t
     /tmp/ccoKqeOv.s:366    .text.readADC_SingleEnded:0000000000000000 readADC_SingleEnded
     /tmp/ccoKqeOv.s:401    .text.readADC_SingleEnded:0000000000000028 $d
     /tmp/ccoKqeOv.s:405    .text.readADC_SingleEnded:0000000000000038 $t
     /tmp/ccoKqeOv.s:467    .text.readADC_Differential_0_1:0000000000000000 $t
     /tmp/ccoKqeOv.s:472    .text.readADC_Differential_0_1:0000000000000000 readADC_Differential_0_1
     /tmp/ccoKqeOv.s:524    .text.readADC_Differential_2_3:0000000000000000 $t
     /tmp/ccoKqeOv.s:529    .text.readADC_Differential_2_3:0000000000000000 readADC_Differential_2_3
     /tmp/ccoKqeOv.s:585    .text.startComparator_SingleEnded:0000000000000000 $t
     /tmp/ccoKqeOv.s:590    .text.startComparator_SingleEnded:0000000000000000 startComparator_SingleEnded
     /tmp/ccoKqeOv.s:620    .text.startComparator_SingleEnded:0000000000000020 $d
     /tmp/ccoKqeOv.s:624    .text.startComparator_SingleEnded:0000000000000030 $t
     /tmp/ccoKqeOv.s:677    .text.getLastConversionResults:0000000000000000 $t
     /tmp/ccoKqeOv.s:682    .text.getLastConversionResults:0000000000000000 getLastConversionResults
                     .debug_frame:0000000000000010 $d

UNDEFINED SYMBOLS
I2C_GenerateSTART
I2C_CheckEvent
I2C_Send7bitAddress
I2C_GenerateSTOP
I2C_ReceiveData
I2C_SendData
delay_ms
