   1              		.syntax unified
   2              		.cpu cortex-m3
   3              		.fpu softvfp
   4              		.eabi_attribute 20, 1
   5              		.eabi_attribute 21, 1
   6              		.eabi_attribute 23, 3
   7              		.eabi_attribute 24, 1
   8              		.eabi_attribute 25, 1
   9              		.eabi_attribute 26, 1
  10              		.eabi_attribute 30, 6
  11              		.eabi_attribute 34, 1
  12              		.eabi_attribute 18, 4
  13              		.thumb
  14              		.file	"stm32f10x_it.c"
  15              		.text
  16              	.Ltext0:
  17              		.cfi_sections	.debug_frame
  18              		.section	.text.NMI_Handler,"ax",%progbits
  19              		.align	2
  20              		.global	NMI_Handler
  21              		.thumb
  22              		.thumb_func
  24              	NMI_Handler:
  25              	.LFB29:
  26              		.file 1 "/home/virusv/TDSAST_IOT/User/stm32f10x_it.c"
   1:/home/virusv/TDSAST_IOT/User/stm32f10x_it.c **** /**
   2:/home/virusv/TDSAST_IOT/User/stm32f10x_it.c ****   ******************************************************************************
   3:/home/virusv/TDSAST_IOT/User/stm32f10x_it.c ****   * @file    Project/STM32F10x_StdPeriph_Template/stm32f10x_it.c 
   4:/home/virusv/TDSAST_IOT/User/stm32f10x_it.c ****   * @author  MCD Application Team
   5:/home/virusv/TDSAST_IOT/User/stm32f10x_it.c ****   * @version V3.5.0
   6:/home/virusv/TDSAST_IOT/User/stm32f10x_it.c ****   * @date    08-April-2011
   7:/home/virusv/TDSAST_IOT/User/stm32f10x_it.c ****   * @brief   Main Interrupt Service Routines.
   8:/home/virusv/TDSAST_IOT/User/stm32f10x_it.c ****   *          This file provides template for all exceptions handler and 
   9:/home/virusv/TDSAST_IOT/User/stm32f10x_it.c ****   *          peripherals interrupt service routine.
  10:/home/virusv/TDSAST_IOT/User/stm32f10x_it.c ****   ******************************************************************************
  11:/home/virusv/TDSAST_IOT/User/stm32f10x_it.c ****   * @attention
  12:/home/virusv/TDSAST_IOT/User/stm32f10x_it.c ****   *
  13:/home/virusv/TDSAST_IOT/User/stm32f10x_it.c ****   * THE PRESENT FIRMWARE WHICH IS FOR GUIDANCE ONLY AIMS AT PROVIDING CUSTOMERS
  14:/home/virusv/TDSAST_IOT/User/stm32f10x_it.c ****   * WITH CODING INFORMATION REGARDING THEIR PRODUCTS IN ORDER FOR THEM TO SAVE
  15:/home/virusv/TDSAST_IOT/User/stm32f10x_it.c ****   * TIME. AS A RESULT, STMICROELECTRONICS SHALL NOT BE HELD LIABLE FOR ANY
  16:/home/virusv/TDSAST_IOT/User/stm32f10x_it.c ****   * DIRECT, INDIRECT OR CONSEQUENTIAL DAMAGES WITH RESPECT TO ANY CLAIMS ARISING
  17:/home/virusv/TDSAST_IOT/User/stm32f10x_it.c ****   * FROM THE CONTENT OF SUCH FIRMWARE AND/OR THE USE MADE BY CUSTOMERS OF THE
  18:/home/virusv/TDSAST_IOT/User/stm32f10x_it.c ****   * CODING INFORMATION CONTAINED HEREIN IN CONNECTION WITH THEIR PRODUCTS.
  19:/home/virusv/TDSAST_IOT/User/stm32f10x_it.c ****   *
  20:/home/virusv/TDSAST_IOT/User/stm32f10x_it.c ****   * <h2><center>&copy; COPYRIGHT 2011 STMicroelectronics</center></h2>
  21:/home/virusv/TDSAST_IOT/User/stm32f10x_it.c ****   ******************************************************************************
  22:/home/virusv/TDSAST_IOT/User/stm32f10x_it.c ****   */
  23:/home/virusv/TDSAST_IOT/User/stm32f10x_it.c **** 
  24:/home/virusv/TDSAST_IOT/User/stm32f10x_it.c **** /* Includes ------------------------------------------------------------------*/
  25:/home/virusv/TDSAST_IOT/User/stm32f10x_it.c **** #include "stm32f10x_it.h"
  26:/home/virusv/TDSAST_IOT/User/stm32f10x_it.c **** /** @addtogroup STM32F10x_StdPeriph_Template
  27:/home/virusv/TDSAST_IOT/User/stm32f10x_it.c ****   * @{
  28:/home/virusv/TDSAST_IOT/User/stm32f10x_it.c ****   */
  29:/home/virusv/TDSAST_IOT/User/stm32f10x_it.c **** 
  30:/home/virusv/TDSAST_IOT/User/stm32f10x_it.c **** /* Private typedef -----------------------------------------------------------*/
  31:/home/virusv/TDSAST_IOT/User/stm32f10x_it.c **** /* Private define ------------------------------------------------------------*/
  32:/home/virusv/TDSAST_IOT/User/stm32f10x_it.c **** /* Private macro -------------------------------------------------------------*/
  33:/home/virusv/TDSAST_IOT/User/stm32f10x_it.c **** /* Private variables ---------------------------------------------------------*/
  34:/home/virusv/TDSAST_IOT/User/stm32f10x_it.c **** extern __O uint32_t Delay;
  35:/home/virusv/TDSAST_IOT/User/stm32f10x_it.c **** /* Private function prototypes -----------------------------------------------*/
  36:/home/virusv/TDSAST_IOT/User/stm32f10x_it.c **** /* Private functions ---------------------------------------------------------*/
  37:/home/virusv/TDSAST_IOT/User/stm32f10x_it.c **** 
  38:/home/virusv/TDSAST_IOT/User/stm32f10x_it.c **** /******************************************************************************/
  39:/home/virusv/TDSAST_IOT/User/stm32f10x_it.c **** /*            Cortex-M3 Processor Exceptions Handlers                         */
  40:/home/virusv/TDSAST_IOT/User/stm32f10x_it.c **** /******************************************************************************/
  41:/home/virusv/TDSAST_IOT/User/stm32f10x_it.c **** 
  42:/home/virusv/TDSAST_IOT/User/stm32f10x_it.c **** /**
  43:/home/virusv/TDSAST_IOT/User/stm32f10x_it.c ****   * @brief  This function handles NMI exception.
  44:/home/virusv/TDSAST_IOT/User/stm32f10x_it.c ****   * @param  None
  45:/home/virusv/TDSAST_IOT/User/stm32f10x_it.c ****   * @retval None
  46:/home/virusv/TDSAST_IOT/User/stm32f10x_it.c ****   */
  47:/home/virusv/TDSAST_IOT/User/stm32f10x_it.c **** void NMI_Handler(void)
  48:/home/virusv/TDSAST_IOT/User/stm32f10x_it.c **** {
  27              		.loc 1 48 0
  28              		.cfi_startproc
  29              		@ args = 0, pretend = 0, frame = 0
  30              		@ frame_needed = 1, uses_anonymous_args = 0
  31              		@ link register save eliminated.
  32 0000 80B4     		push	{r7}
  33              		.cfi_def_cfa_offset 4
  34              		.cfi_offset 7, -4
  35 0002 00AF     		add	r7, sp, #0
  36              		.cfi_def_cfa_register 7
  49:/home/virusv/TDSAST_IOT/User/stm32f10x_it.c **** }
  37              		.loc 1 49 0
  38 0004 BD46     		mov	sp, r7
  39              		.cfi_def_cfa_register 13
  40              		@ sp needed
  41 0006 5DF8047B 		ldr	r7, [sp], #4
  42              		.cfi_restore 7
  43              		.cfi_def_cfa_offset 0
  44 000a 7047     		bx	lr
  45              		.cfi_endproc
  46              	.LFE29:
  48              		.section	.text.HardFault_Handler,"ax",%progbits
  49              		.align	2
  50              		.global	HardFault_Handler
  51              		.thumb
  52              		.thumb_func
  54              	HardFault_Handler:
  55              	.LFB30:
  50:/home/virusv/TDSAST_IOT/User/stm32f10x_it.c **** 
  51:/home/virusv/TDSAST_IOT/User/stm32f10x_it.c **** /**
  52:/home/virusv/TDSAST_IOT/User/stm32f10x_it.c ****   * @brief  This function handles Hard Fault exception.
  53:/home/virusv/TDSAST_IOT/User/stm32f10x_it.c ****   * @param  None
  54:/home/virusv/TDSAST_IOT/User/stm32f10x_it.c ****   * @retval None
  55:/home/virusv/TDSAST_IOT/User/stm32f10x_it.c ****   */
  56:/home/virusv/TDSAST_IOT/User/stm32f10x_it.c **** void HardFault_Handler(void)
  57:/home/virusv/TDSAST_IOT/User/stm32f10x_it.c **** {
  56              		.loc 1 57 0
  57              		.cfi_startproc
  58              		@ args = 0, pretend = 0, frame = 0
  59              		@ frame_needed = 1, uses_anonymous_args = 0
  60              		@ link register save eliminated.
  61 0000 80B4     		push	{r7}
  62              		.cfi_def_cfa_offset 4
  63              		.cfi_offset 7, -4
  64 0002 00AF     		add	r7, sp, #0
  65              		.cfi_def_cfa_register 7
  66              	.L3:
  58:/home/virusv/TDSAST_IOT/User/stm32f10x_it.c ****   /* Go to infinite loop when Hard Fault exception occurs */
  59:/home/virusv/TDSAST_IOT/User/stm32f10x_it.c ****   while (1)
  60:/home/virusv/TDSAST_IOT/User/stm32f10x_it.c ****   {
  61:/home/virusv/TDSAST_IOT/User/stm32f10x_it.c ****   }
  67              		.loc 1 61 0 discriminator 1
  68 0004 FEE7     		b	.L3
  69              		.cfi_endproc
  70              	.LFE30:
  72 0006 00BF     		.section	.text.MemManage_Handler,"ax",%progbits
  73              		.align	2
  74              		.global	MemManage_Handler
  75              		.thumb
  76              		.thumb_func
  78              	MemManage_Handler:
  79              	.LFB31:
  62:/home/virusv/TDSAST_IOT/User/stm32f10x_it.c **** }
  63:/home/virusv/TDSAST_IOT/User/stm32f10x_it.c **** 
  64:/home/virusv/TDSAST_IOT/User/stm32f10x_it.c **** /**
  65:/home/virusv/TDSAST_IOT/User/stm32f10x_it.c ****   * @brief  This function handles Memory Manage exception.
  66:/home/virusv/TDSAST_IOT/User/stm32f10x_it.c ****   * @param  None
  67:/home/virusv/TDSAST_IOT/User/stm32f10x_it.c ****   * @retval None
  68:/home/virusv/TDSAST_IOT/User/stm32f10x_it.c ****   */
  69:/home/virusv/TDSAST_IOT/User/stm32f10x_it.c **** void MemManage_Handler(void)
  70:/home/virusv/TDSAST_IOT/User/stm32f10x_it.c **** {
  80              		.loc 1 70 0
  81              		.cfi_startproc
  82              		@ args = 0, pretend = 0, frame = 0
  83              		@ frame_needed = 1, uses_anonymous_args = 0
  84              		@ link register save eliminated.
  85 0000 80B4     		push	{r7}
  86              		.cfi_def_cfa_offset 4
  87              		.cfi_offset 7, -4
  88 0002 00AF     		add	r7, sp, #0
  89              		.cfi_def_cfa_register 7
  90              	.L5:
  71:/home/virusv/TDSAST_IOT/User/stm32f10x_it.c ****   /* Go to infinite loop when Memory Manage exception occurs */
  72:/home/virusv/TDSAST_IOT/User/stm32f10x_it.c ****   while (1)
  73:/home/virusv/TDSAST_IOT/User/stm32f10x_it.c ****   {
  74:/home/virusv/TDSAST_IOT/User/stm32f10x_it.c ****   }
  91              		.loc 1 74 0 discriminator 1
  92 0004 FEE7     		b	.L5
  93              		.cfi_endproc
  94              	.LFE31:
  96 0006 00BF     		.section	.text.BusFault_Handler,"ax",%progbits
  97              		.align	2
  98              		.global	BusFault_Handler
  99              		.thumb
 100              		.thumb_func
 102              	BusFault_Handler:
 103              	.LFB32:
  75:/home/virusv/TDSAST_IOT/User/stm32f10x_it.c **** }
  76:/home/virusv/TDSAST_IOT/User/stm32f10x_it.c **** 
  77:/home/virusv/TDSAST_IOT/User/stm32f10x_it.c **** /**
  78:/home/virusv/TDSAST_IOT/User/stm32f10x_it.c ****   * @brief  This function handles Bus Fault exception.
  79:/home/virusv/TDSAST_IOT/User/stm32f10x_it.c ****   * @param  None
  80:/home/virusv/TDSAST_IOT/User/stm32f10x_it.c ****   * @retval None
  81:/home/virusv/TDSAST_IOT/User/stm32f10x_it.c ****   */
  82:/home/virusv/TDSAST_IOT/User/stm32f10x_it.c **** void BusFault_Handler(void)
  83:/home/virusv/TDSAST_IOT/User/stm32f10x_it.c **** {
 104              		.loc 1 83 0
 105              		.cfi_startproc
 106              		@ args = 0, pretend = 0, frame = 0
 107              		@ frame_needed = 1, uses_anonymous_args = 0
 108              		@ link register save eliminated.
 109 0000 80B4     		push	{r7}
 110              		.cfi_def_cfa_offset 4
 111              		.cfi_offset 7, -4
 112 0002 00AF     		add	r7, sp, #0
 113              		.cfi_def_cfa_register 7
 114              	.L7:
  84:/home/virusv/TDSAST_IOT/User/stm32f10x_it.c ****   /* Go to infinite loop when Bus Fault exception occurs */
  85:/home/virusv/TDSAST_IOT/User/stm32f10x_it.c ****   while (1)
  86:/home/virusv/TDSAST_IOT/User/stm32f10x_it.c ****   {
  87:/home/virusv/TDSAST_IOT/User/stm32f10x_it.c ****   }
 115              		.loc 1 87 0 discriminator 1
 116 0004 FEE7     		b	.L7
 117              		.cfi_endproc
 118              	.LFE32:
 120 0006 00BF     		.section	.text.UsageFault_Handler,"ax",%progbits
 121              		.align	2
 122              		.global	UsageFault_Handler
 123              		.thumb
 124              		.thumb_func
 126              	UsageFault_Handler:
 127              	.LFB33:
  88:/home/virusv/TDSAST_IOT/User/stm32f10x_it.c **** }
  89:/home/virusv/TDSAST_IOT/User/stm32f10x_it.c **** 
  90:/home/virusv/TDSAST_IOT/User/stm32f10x_it.c **** /**
  91:/home/virusv/TDSAST_IOT/User/stm32f10x_it.c ****   * @brief  This function handles Usage Fault exception.
  92:/home/virusv/TDSAST_IOT/User/stm32f10x_it.c ****   * @param  None
  93:/home/virusv/TDSAST_IOT/User/stm32f10x_it.c ****   * @retval None
  94:/home/virusv/TDSAST_IOT/User/stm32f10x_it.c ****   */
  95:/home/virusv/TDSAST_IOT/User/stm32f10x_it.c **** void UsageFault_Handler(void)
  96:/home/virusv/TDSAST_IOT/User/stm32f10x_it.c **** {
 128              		.loc 1 96 0
 129              		.cfi_startproc
 130              		@ args = 0, pretend = 0, frame = 0
 131              		@ frame_needed = 1, uses_anonymous_args = 0
 132              		@ link register save eliminated.
 133 0000 80B4     		push	{r7}
 134              		.cfi_def_cfa_offset 4
 135              		.cfi_offset 7, -4
 136 0002 00AF     		add	r7, sp, #0
 137              		.cfi_def_cfa_register 7
 138              	.L9:
  97:/home/virusv/TDSAST_IOT/User/stm32f10x_it.c ****   /* Go to infinite loop when Usage Fault exception occurs */
  98:/home/virusv/TDSAST_IOT/User/stm32f10x_it.c ****   while (1)
  99:/home/virusv/TDSAST_IOT/User/stm32f10x_it.c ****   {
 100:/home/virusv/TDSAST_IOT/User/stm32f10x_it.c ****   }
 139              		.loc 1 100 0 discriminator 1
 140 0004 FEE7     		b	.L9
 141              		.cfi_endproc
 142              	.LFE33:
 144 0006 00BF     		.section	.text.SVC_Handler,"ax",%progbits
 145              		.align	2
 146              		.global	SVC_Handler
 147              		.thumb
 148              		.thumb_func
 150              	SVC_Handler:
 151              	.LFB34:
 101:/home/virusv/TDSAST_IOT/User/stm32f10x_it.c **** }
 102:/home/virusv/TDSAST_IOT/User/stm32f10x_it.c **** 
 103:/home/virusv/TDSAST_IOT/User/stm32f10x_it.c **** /**
 104:/home/virusv/TDSAST_IOT/User/stm32f10x_it.c ****   * @brief  This function handles SVCall exception.
 105:/home/virusv/TDSAST_IOT/User/stm32f10x_it.c ****   * @param  None
 106:/home/virusv/TDSAST_IOT/User/stm32f10x_it.c ****   * @retval None
 107:/home/virusv/TDSAST_IOT/User/stm32f10x_it.c ****   */
 108:/home/virusv/TDSAST_IOT/User/stm32f10x_it.c **** void SVC_Handler(void)
 109:/home/virusv/TDSAST_IOT/User/stm32f10x_it.c **** {
 152              		.loc 1 109 0
 153              		.cfi_startproc
 154              		@ args = 0, pretend = 0, frame = 0
 155              		@ frame_needed = 1, uses_anonymous_args = 0
 156              		@ link register save eliminated.
 157 0000 80B4     		push	{r7}
 158              		.cfi_def_cfa_offset 4
 159              		.cfi_offset 7, -4
 160 0002 00AF     		add	r7, sp, #0
 161              		.cfi_def_cfa_register 7
 110:/home/virusv/TDSAST_IOT/User/stm32f10x_it.c **** }
 162              		.loc 1 110 0
 163 0004 BD46     		mov	sp, r7
 164              		.cfi_def_cfa_register 13
 165              		@ sp needed
 166 0006 5DF8047B 		ldr	r7, [sp], #4
 167              		.cfi_restore 7
 168              		.cfi_def_cfa_offset 0
 169 000a 7047     		bx	lr
 170              		.cfi_endproc
 171              	.LFE34:
 173              		.section	.text.DebugMon_Handler,"ax",%progbits
 174              		.align	2
 175              		.global	DebugMon_Handler
 176              		.thumb
 177              		.thumb_func
 179              	DebugMon_Handler:
 180              	.LFB35:
 111:/home/virusv/TDSAST_IOT/User/stm32f10x_it.c **** 
 112:/home/virusv/TDSAST_IOT/User/stm32f10x_it.c **** /**
 113:/home/virusv/TDSAST_IOT/User/stm32f10x_it.c ****   * @brief  This function handles Debug Monitor exception.
 114:/home/virusv/TDSAST_IOT/User/stm32f10x_it.c ****   * @param  None
 115:/home/virusv/TDSAST_IOT/User/stm32f10x_it.c ****   * @retval None
 116:/home/virusv/TDSAST_IOT/User/stm32f10x_it.c ****   */
 117:/home/virusv/TDSAST_IOT/User/stm32f10x_it.c **** void DebugMon_Handler(void)
 118:/home/virusv/TDSAST_IOT/User/stm32f10x_it.c **** {
 181              		.loc 1 118 0
 182              		.cfi_startproc
 183              		@ args = 0, pretend = 0, frame = 0
 184              		@ frame_needed = 1, uses_anonymous_args = 0
 185              		@ link register save eliminated.
 186 0000 80B4     		push	{r7}
 187              		.cfi_def_cfa_offset 4
 188              		.cfi_offset 7, -4
 189 0002 00AF     		add	r7, sp, #0
 190              		.cfi_def_cfa_register 7
 119:/home/virusv/TDSAST_IOT/User/stm32f10x_it.c **** }
 191              		.loc 1 119 0
 192 0004 BD46     		mov	sp, r7
 193              		.cfi_def_cfa_register 13
 194              		@ sp needed
 195 0006 5DF8047B 		ldr	r7, [sp], #4
 196              		.cfi_restore 7
 197              		.cfi_def_cfa_offset 0
 198 000a 7047     		bx	lr
 199              		.cfi_endproc
 200              	.LFE35:
 202              		.section	.text.PendSV_Handler,"ax",%progbits
 203              		.align	2
 204              		.global	PendSV_Handler
 205              		.thumb
 206              		.thumb_func
 208              	PendSV_Handler:
 209              	.LFB36:
 120:/home/virusv/TDSAST_IOT/User/stm32f10x_it.c **** 
 121:/home/virusv/TDSAST_IOT/User/stm32f10x_it.c **** /**
 122:/home/virusv/TDSAST_IOT/User/stm32f10x_it.c ****   * @brief  This function handles PendSVC exception.
 123:/home/virusv/TDSAST_IOT/User/stm32f10x_it.c ****   * @param  None
 124:/home/virusv/TDSAST_IOT/User/stm32f10x_it.c ****   * @retval None
 125:/home/virusv/TDSAST_IOT/User/stm32f10x_it.c ****   */
 126:/home/virusv/TDSAST_IOT/User/stm32f10x_it.c **** void PendSV_Handler(void)
 127:/home/virusv/TDSAST_IOT/User/stm32f10x_it.c **** {
 210              		.loc 1 127 0
 211              		.cfi_startproc
 212              		@ args = 0, pretend = 0, frame = 0
 213              		@ frame_needed = 1, uses_anonymous_args = 0
 214              		@ link register save eliminated.
 215 0000 80B4     		push	{r7}
 216              		.cfi_def_cfa_offset 4
 217              		.cfi_offset 7, -4
 218 0002 00AF     		add	r7, sp, #0
 219              		.cfi_def_cfa_register 7
 128:/home/virusv/TDSAST_IOT/User/stm32f10x_it.c **** }
 220              		.loc 1 128 0
 221 0004 BD46     		mov	sp, r7
 222              		.cfi_def_cfa_register 13
 223              		@ sp needed
 224 0006 5DF8047B 		ldr	r7, [sp], #4
 225              		.cfi_restore 7
 226              		.cfi_def_cfa_offset 0
 227 000a 7047     		bx	lr
 228              		.cfi_endproc
 229              	.LFE36:
 231              		.section	.text.SysTick_Handler,"ax",%progbits
 232              		.align	2
 233              		.global	SysTick_Handler
 234              		.thumb
 235              		.thumb_func
 237              	SysTick_Handler:
 238              	.LFB37:
 129:/home/virusv/TDSAST_IOT/User/stm32f10x_it.c **** 
 130:/home/virusv/TDSAST_IOT/User/stm32f10x_it.c **** /**
 131:/home/virusv/TDSAST_IOT/User/stm32f10x_it.c ****   * @brief  This function handles SysTick Handler.
 132:/home/virusv/TDSAST_IOT/User/stm32f10x_it.c ****   * @param  None
 133:/home/virusv/TDSAST_IOT/User/stm32f10x_it.c ****   * @retval None
 134:/home/virusv/TDSAST_IOT/User/stm32f10x_it.c ****   */
 135:/home/virusv/TDSAST_IOT/User/stm32f10x_it.c **** void SysTick_Handler(void)
 136:/home/virusv/TDSAST_IOT/User/stm32f10x_it.c **** {
 239              		.loc 1 136 0
 240              		.cfi_startproc
 241              		@ args = 0, pretend = 0, frame = 0
 242              		@ frame_needed = 1, uses_anonymous_args = 0
 243              		@ link register save eliminated.
 244 0000 80B4     		push	{r7}
 245              		.cfi_def_cfa_offset 4
 246              		.cfi_offset 7, -4
 247 0002 00AF     		add	r7, sp, #0
 248              		.cfi_def_cfa_register 7
 137:/home/virusv/TDSAST_IOT/User/stm32f10x_it.c **** }
 249              		.loc 1 137 0
 250 0004 BD46     		mov	sp, r7
 251              		.cfi_def_cfa_register 13
 252              		@ sp needed
 253 0006 5DF8047B 		ldr	r7, [sp], #4
 254              		.cfi_restore 7
 255              		.cfi_def_cfa_offset 0
 256 000a 7047     		bx	lr
 257              		.cfi_endproc
 258              	.LFE37:
 260              		.section	.text.DMA1_Channel5_IRQHandler,"ax",%progbits
 261              		.align	2
 262              		.global	DMA1_Channel5_IRQHandler
 263              		.thumb
 264              		.thumb_func
 266              	DMA1_Channel5_IRQHandler:
 267              	.LFB38:
 138:/home/virusv/TDSAST_IOT/User/stm32f10x_it.c **** 
 139:/home/virusv/TDSAST_IOT/User/stm32f10x_it.c **** /******************************************************************************/
 140:/home/virusv/TDSAST_IOT/User/stm32f10x_it.c **** /*                 STM32F10x Peripherals Interrupt Handlers                   */
 141:/home/virusv/TDSAST_IOT/User/stm32f10x_it.c **** /*  Add here the Interrupt Handler for the used peripheral(s) (PPP), for the  */
 142:/home/virusv/TDSAST_IOT/User/stm32f10x_it.c **** /*  available peripheral interrupt handler's name please refer to the startup */
 143:/home/virusv/TDSAST_IOT/User/stm32f10x_it.c **** /*  file (startup_stm32f10x_xx.s).                                            */
 144:/home/virusv/TDSAST_IOT/User/stm32f10x_it.c **** /******************************************************************************/
 145:/home/virusv/TDSAST_IOT/User/stm32f10x_it.c **** 
 146:/home/virusv/TDSAST_IOT/User/stm32f10x_it.c **** void DMA1_Channel5_IRQHandler(void)
 147:/home/virusv/TDSAST_IOT/User/stm32f10x_it.c **** {
 268              		.loc 1 147 0
 269              		.cfi_startproc
 270              		@ args = 0, pretend = 0, frame = 0
 271              		@ frame_needed = 1, uses_anonymous_args = 0
 272              		@ link register save eliminated.
 273 0000 80B4     		push	{r7}
 274              		.cfi_def_cfa_offset 4
 275              		.cfi_offset 7, -4
 276 0002 00AF     		add	r7, sp, #0
 277              		.cfi_def_cfa_register 7
 148:/home/virusv/TDSAST_IOT/User/stm32f10x_it.c **** 
 149:/home/virusv/TDSAST_IOT/User/stm32f10x_it.c **** }
 278              		.loc 1 149 0
 279 0004 BD46     		mov	sp, r7
 280              		.cfi_def_cfa_register 13
 281              		@ sp needed
 282 0006 5DF8047B 		ldr	r7, [sp], #4
 283              		.cfi_restore 7
 284              		.cfi_def_cfa_offset 0
 285 000a 7047     		bx	lr
 286              		.cfi_endproc
 287              	.LFE38:
 289              		.section	.text.DMA1_Channel3_IRQHandler,"ax",%progbits
 290              		.align	2
 291              		.global	DMA1_Channel3_IRQHandler
 292              		.thumb
 293              		.thumb_func
 295              	DMA1_Channel3_IRQHandler:
 296              	.LFB39:
 150:/home/virusv/TDSAST_IOT/User/stm32f10x_it.c **** 
 151:/home/virusv/TDSAST_IOT/User/stm32f10x_it.c **** void DMA1_Channel3_IRQHandler(void)
 152:/home/virusv/TDSAST_IOT/User/stm32f10x_it.c **** {
 297              		.loc 1 152 0
 298              		.cfi_startproc
 299              		@ args = 0, pretend = 0, frame = 0
 300              		@ frame_needed = 1, uses_anonymous_args = 0
 301              		@ link register save eliminated.
 302 0000 80B4     		push	{r7}
 303              		.cfi_def_cfa_offset 4
 304              		.cfi_offset 7, -4
 305 0002 00AF     		add	r7, sp, #0
 306              		.cfi_def_cfa_register 7
 153:/home/virusv/TDSAST_IOT/User/stm32f10x_it.c **** 
 154:/home/virusv/TDSAST_IOT/User/stm32f10x_it.c **** }
 307              		.loc 1 154 0
 308 0004 BD46     		mov	sp, r7
 309              		.cfi_def_cfa_register 13
 310              		@ sp needed
 311 0006 5DF8047B 		ldr	r7, [sp], #4
 312              		.cfi_restore 7
 313              		.cfi_def_cfa_offset 0
 314 000a 7047     		bx	lr
 315              		.cfi_endproc
 316              	.LFE39:
 318              		.section	.text.TIM2_IRQHandler,"ax",%progbits
 319              		.align	2
 320              		.global	TIM2_IRQHandler
 321              		.thumb
 322              		.thumb_func
 324              	TIM2_IRQHandler:
 325              	.LFB40:
 155:/home/virusv/TDSAST_IOT/User/stm32f10x_it.c **** 
 156:/home/virusv/TDSAST_IOT/User/stm32f10x_it.c **** /* 定时器2的中断函数 */
 157:/home/virusv/TDSAST_IOT/User/stm32f10x_it.c **** void TIM2_IRQHandler(void){
 326              		.loc 1 157 0
 327              		.cfi_startproc
 328              		@ args = 0, pretend = 0, frame = 0
 329              		@ frame_needed = 1, uses_anonymous_args = 0
 330 0000 80B5     		push	{r7, lr}
 331              		.cfi_def_cfa_offset 8
 332              		.cfi_offset 7, -8
 333              		.cfi_offset 14, -4
 334 0002 00AF     		add	r7, sp, #0
 335              		.cfi_def_cfa_register 7
 158:/home/virusv/TDSAST_IOT/User/stm32f10x_it.c ****   extern __IO uint32_t Timer2_Counter,Interval_counter;
 159:/home/virusv/TDSAST_IOT/User/stm32f10x_it.c **** 
 160:/home/virusv/TDSAST_IOT/User/stm32f10x_it.c ****   if(TIM_GetITStatus(TIM2, TIM_IT_Update) == SET){
 336              		.loc 1 160 0
 337 0004 4FF08040 		mov	r0, #1073741824
 338 0008 0121     		movs	r1, #1
 339 000a FFF7FEFF 		bl	TIM_GetITStatus
 340 000e 0346     		mov	r3, r0
 341 0010 012B     		cmp	r3, #1
 342 0012 0ED1     		bne	.L16
 161:/home/virusv/TDSAST_IOT/User/stm32f10x_it.c ****     TIM_ClearITPendingBit(TIM2, TIM_IT_Update);
 343              		.loc 1 161 0
 344 0014 4FF08040 		mov	r0, #1073741824
 345 0018 0121     		movs	r1, #1
 346 001a FFF7FEFF 		bl	TIM_ClearITPendingBit
 162:/home/virusv/TDSAST_IOT/User/stm32f10x_it.c ****     Timer2_Counter++;
 347              		.loc 1 162 0
 348 001e 054B     		ldr	r3, .L18
 349 0020 1B68     		ldr	r3, [r3]
 350 0022 0133     		adds	r3, r3, #1
 351 0024 034A     		ldr	r2, .L18
 352 0026 1360     		str	r3, [r2]
 163:/home/virusv/TDSAST_IOT/User/stm32f10x_it.c ****     Interval_counter++;
 353              		.loc 1 163 0
 354 0028 034B     		ldr	r3, .L18+4
 355 002a 1B68     		ldr	r3, [r3]
 356 002c 0133     		adds	r3, r3, #1
 357 002e 024A     		ldr	r2, .L18+4
 358 0030 1360     		str	r3, [r2]
 359              	.L16:
 164:/home/virusv/TDSAST_IOT/User/stm32f10x_it.c ****   }
 165:/home/virusv/TDSAST_IOT/User/stm32f10x_it.c **** }
 360              		.loc 1 165 0
 361 0032 80BD     		pop	{r7, pc}
 362              	.L19:
 363              		.align	2
 364              	.L18:
 365 0034 00000000 		.word	Timer2_Counter
 366 0038 00000000 		.word	Interval_counter
 367              		.cfi_endproc
 368              	.LFE40:
 370              		.section	.text.SPI2_IRQHandler,"ax",%progbits
 371              		.align	2
 372              		.global	SPI2_IRQHandler
 373              		.thumb
 374              		.thumb_func
 376              	SPI2_IRQHandler:
 377              	.LFB41:
 166:/home/virusv/TDSAST_IOT/User/stm32f10x_it.c **** 
 167:/home/virusv/TDSAST_IOT/User/stm32f10x_it.c **** void SPI2_IRQHandler(void){
 378              		.loc 1 167 0
 379              		.cfi_startproc
 380              		@ args = 0, pretend = 0, frame = 0
 381              		@ frame_needed = 1, uses_anonymous_args = 0
 382              		@ link register save eliminated.
 383 0000 80B4     		push	{r7}
 384              		.cfi_def_cfa_offset 4
 385              		.cfi_offset 7, -4
 386 0002 00AF     		add	r7, sp, #0
 387              		.cfi_def_cfa_register 7
 168:/home/virusv/TDSAST_IOT/User/stm32f10x_it.c **** }
 388              		.loc 1 168 0
 389 0004 BD46     		mov	sp, r7
 390              		.cfi_def_cfa_register 13
 391              		@ sp needed
 392 0006 5DF8047B 		ldr	r7, [sp], #4
 393              		.cfi_restore 7
 394              		.cfi_def_cfa_offset 0
 395 000a 7047     		bx	lr
 396              		.cfi_endproc
 397              	.LFE41:
 399              		.text
 400              	.Letext0:
 401              		.file 2 "/usr/include/newlib/machine/_default_types.h"
 402              		.file 3 "/usr/include/newlib/sys/_stdint.h"
 403              		.file 4 "/home/virusv/TDSAST_IOT/CMSIS/CM3/DeviceSupport/ST/STM32F10x/stm32f10x.h"
 404              		.file 5 "/home/virusv/TDSAST_IOT/CMSIS/CM3/CoreSupport/core_cm3.h"
DEFINED SYMBOLS
                            *ABS*:0000000000000000 stm32f10x_it.c
     /tmp/ccYKqbPO.s:19     .text.NMI_Handler:0000000000000000 $t
     /tmp/ccYKqbPO.s:24     .text.NMI_Handler:0000000000000000 NMI_Handler
     /tmp/ccYKqbPO.s:49     .text.HardFault_Handler:0000000000000000 $t
     /tmp/ccYKqbPO.s:54     .text.HardFault_Handler:0000000000000000 HardFault_Handler
     /tmp/ccYKqbPO.s:73     .text.MemManage_Handler:0000000000000000 $t
     /tmp/ccYKqbPO.s:78     .text.MemManage_Handler:0000000000000000 MemManage_Handler
     /tmp/ccYKqbPO.s:97     .text.BusFault_Handler:0000000000000000 $t
     /tmp/ccYKqbPO.s:102    .text.BusFault_Handler:0000000000000000 BusFault_Handler
     /tmp/ccYKqbPO.s:121    .text.UsageFault_Handler:0000000000000000 $t
     /tmp/ccYKqbPO.s:126    .text.UsageFault_Handler:0000000000000000 UsageFault_Handler
     /tmp/ccYKqbPO.s:145    .text.SVC_Handler:0000000000000000 $t
     /tmp/ccYKqbPO.s:150    .text.SVC_Handler:0000000000000000 SVC_Handler
     /tmp/ccYKqbPO.s:174    .text.DebugMon_Handler:0000000000000000 $t
     /tmp/ccYKqbPO.s:179    .text.DebugMon_Handler:0000000000000000 DebugMon_Handler
     /tmp/ccYKqbPO.s:203    .text.PendSV_Handler:0000000000000000 $t
     /tmp/ccYKqbPO.s:208    .text.PendSV_Handler:0000000000000000 PendSV_Handler
     /tmp/ccYKqbPO.s:232    .text.SysTick_Handler:0000000000000000 $t
     /tmp/ccYKqbPO.s:237    .text.SysTick_Handler:0000000000000000 SysTick_Handler
     /tmp/ccYKqbPO.s:261    .text.DMA1_Channel5_IRQHandler:0000000000000000 $t
     /tmp/ccYKqbPO.s:266    .text.DMA1_Channel5_IRQHandler:0000000000000000 DMA1_Channel5_IRQHandler
     /tmp/ccYKqbPO.s:290    .text.DMA1_Channel3_IRQHandler:0000000000000000 $t
     /tmp/ccYKqbPO.s:295    .text.DMA1_Channel3_IRQHandler:0000000000000000 DMA1_Channel3_IRQHandler
     /tmp/ccYKqbPO.s:319    .text.TIM2_IRQHandler:0000000000000000 $t
     /tmp/ccYKqbPO.s:324    .text.TIM2_IRQHandler:0000000000000000 TIM2_IRQHandler
     /tmp/ccYKqbPO.s:365    .text.TIM2_IRQHandler:0000000000000034 $d
     /tmp/ccYKqbPO.s:371    .text.SPI2_IRQHandler:0000000000000000 $t
     /tmp/ccYKqbPO.s:376    .text.SPI2_IRQHandler:0000000000000000 SPI2_IRQHandler
                     .debug_frame:0000000000000010 $d

UNDEFINED SYMBOLS
TIM_GetITStatus
TIM_ClearITPendingBit
Timer2_Counter
Interval_counter
